05-07 01:50:08.208 I/zygote64(  493): option[50]=-Xfingerprint:google/walleye/walleye:8.1.0/OPM1.171019.011/4448085:user/release-keys
05-07 01:50:08.228 I/zygote64(  493): VerifyImage: /system/bin/patchoat --input-image-location=/system/framework/boot.art --output-image-directory=/data/dalvik-cache/arm64 --instruction-set=arm64 --verify
05-07 01:50:08.238 I/zygote  (  494): option[0]=-Xzygote
05-07 01:50:08.238 I/zygote  (  494): option[1]=-Xusetombstonedtraces
05-07 01:50:08.238 I/zygote  (  494): option[2]=exit
05-07 01:50:08.238 I/zygote  (  494): option[3]=vfprintf
05-07 01:50:08.238 I/zygote  (  494): option[4]=sensitiveThread
05-07 01:50:08.238 I/zygote  (  494): option[5]=-verbose:gc
05-07 01:50:08.238 I/zygote  (  494): option[6]=-Xms8m
05-07 01:50:08.238 I/zygote  (  494): option[7]=-Xmx384m
05-07 01:50:08.238 I/zygote  (  494): option[8]=-XX:HeapGrowthLimit=192m
05-07 01:50:08.238 I/zygote  (  494): option[9]=-XX:HeapMinFree=512k
05-07 01:50:08.238 I/zygote  (  494): option[10]=-XX:HeapMaxFree=8m
05-07 01:50:08.238 I/zygote  (  494): option[11]=-XX:HeapTargetUtilization=0.75
05-07 01:50:08.238 I/zygote  (  494): option[12]=-Xusejit:true
05-07 01:50:08.238 I/zygote  (  494): option[13]=-Xjitsaveprofilinginfo
05-07 01:50:08.238 I/zygote  (  494): option[14]=-XjdwpOptions:suspend=n,server=y
05-07 01:50:08.238 I/zygote  (  494): option[15]=-XjdwpProvider:default
05-07 01:50:08.238 I/zygote  (  494): option[16]=-Ximage-compiler-option
05-07 01:50:08.238 I/zygote  (  494): option[17]=--runtime-arg
05-07 01:50:08.238 I/zygote  (  494): option[18]=-Ximage-compiler-option
05-07 01:50:08.238 I/zygote  (  494): option[19]=-Xms64m
05-07 01:50:08.238 I/zygote  (  494): option[20]=-Ximage-compiler-option
05-07 01:50:08.238 I/zygote  (  494): option[21]=--runtime-arg
05-07 01:50:08.238 I/zygote  (  494): option[22]=-Ximage-compiler-option
05-07 01:50:08.238 I/zygote  (  494): option[23]=-Xmx64m
05-07 01:50:08.238 I/zygote  (  494): option[24]=-Ximage-compiler-option
05-07 01:50:08.238 I/zygote  (  494): option[25]=--profile-file=/system/etc/boot-image.prof
05-07 01:50:08.238 I/zygote  (  494): option[26]=-Ximage-compiler-option
05-07 01:50:08.238 I/zygote  (  494): option[27]=--compiler-filter=speed-profile
05-07 01:50:08.238 I/zygote  (  494): option[28]=-Xcompiler-option
05-07 01:50:08.238 I/zygote  (  494): option[29]=--runtime-arg
05-07 01:50:08.238 I/zygote  (  494): option[30]=-Xcompiler-option
05-07 01:50:08.238 I/zygote  (  494): option[31]=-Xms64m
05-07 01:50:08.238 I/zygote  (  494): option[32]=-Xcompiler-option
05-07 01:50:08.238 I/zygote  (  494): option[33]=--runtime-arg
05-07 01:50:08.238 I/zygote  (  494): option[34]=-Xcompiler-option
05-07 01:50:08.238 I/zygote  (  494): option[35]=-Xmx512m
05-07 01:50:08.238 I/zygote  (  494): option[36]=-Xcompiler-option
05-07 01:50:08.238 I/zygote  (  494): option[37]=-j8
05-07 01:50:08.238 I/zygote  (  494): option[38]=-Ximage-compiler-option
05-07 01:50:08.238 I/zygote  (  494): option[39]=-j8
05-07 01:50:08.238 I/zygote  (  494): option[40]=-Ximage-compiler-option
05-07 01:50:08.238 I/zygote  (  494): option[41]=--instruction-set-variant=cortex-a53
05-07 01:50:08.238 I/zygote  (  494): option[42]=-Xcompiler-option
05-07 01:50:08.238 I/zygote  (  494): option[43]=--instruction-set-variant=cortex-a53
05-07 01:50:08.239 I/zygote  (  494): option[44]=-Ximage-compiler-option
05-07 01:50:08.239 I/zygote  (  494): option[45]=--instruction-set-features=default
05-07 01:50:08.239 I/zygote  (  494): option[46]=-Xcompiler-option
05-07 01:50:08.239 I/zygote  (  494): option[47]=--instruction-set-features=default
05-07 01:50:08.239 I/zygote  (  494): option[48]=-Duser.locale=en-US
05-07 01:50:08.239 I/zygote  (  494): option[49]=--cpu-abilist=armeabi-v7a,armeabi
05-07 01:50:08.239 I/zygote  (  494): option[50]=-Xfingerprint:google/walleye/walleye:8.1.0/OPM1.171019.011/4448085:user/release-keys
05-07 01:50:08.243 W/zygote  (  494): Could not reserve sentinel fault page
05-07 01:50:08.245 I/zygote  (  494): VerifyImage: /system/bin/patchoat --input-image-location=/system/framework/boot.art --output-image-directory=/data/dalvik-cache/arm --instruction-set=arm --verify
05-07 01:50:08.258 D/com.qualcomm.qti.qseeproxy-daemon(  635): Starting service: com.qualcomm.qti.qseeproxy
05-07 01:50:08.255 I/qseeproxydaemon(  635): type=1400 audit(0.0:93): avc: denied { read write } for uid=1000 name="binder" dev="tmpfs" ino=6655 scontext=u:r:qseeproxy:s0 tcontext=u:object_r:binder_device:s0 tclass=chr_file permissive=1
05-07 01:50:08.255 I/qseeproxydaemon(  635): type=1400 audit(0.0:94): avc: denied { open } for uid=1000 path="/dev/binder" dev="tmpfs" ino=6655 scontext=u:r:qseeproxy:s0 tcontext=u:object_r:binder_device:s0 tclass=chr_file permissive=1
05-07 01:50:08.272 I/wcnss_service(  596): wcnss_read_and_store_cal_data trying to read cal
05-07 01:50:08.277 E/gatekeeper_device(  507): Gatekeeper initialized
05-07 01:50:08.278 I/ServiceManagement(  507): Removing namespace from process name android.hardware.gatekeeper@1.0-service to gatekeeper@1.0-service.
05-07 01:50:08.279 I/ThermalEngine(  595): Loading configuration file /vendor/etc/thermal-engine.conf
05-07 01:50:08.279 I/ThermalEngine(  595): Parsing section global
05-07 01:50:08.279 I/ThermalEngine(  595): Created section 'REPORT-FRONT-TEMP'
05-07 01:50:08.279 I/ThermalEngine(  595): Algo Type 'monitor'
05-07 01:50:08.279 I/ThermalEngine(  595): Parsing section REPORT-FRONT-TEMP
05-07 01:50:08.279 I/ThermalEngine(  595): Found field 'sampling'
05-07 01:50:08.279 I/ThermalEngine(  595): Found field 'sensor'
05-07 01:50:08.279 I/ThermalEngine(  595): Found field 'thresholds'
05-07 01:50:08.279 I/ThermalEngine(  595): Found field 'thresholds_clr'
05-07 01:50:08.279 I/ThermalEngine(  595): Found field 'actions'
05-07 01:50:08.279 W/SDM     (  509): HWCSession::UEventThread: UEvent dropped. No uevent listener.
05-07 01:50:08.279 I/ThermalEngine(  595): Found field 'action_info'
05-07 01:50:08.279 I/ThermalEngine(  595): Created section 'REPORT-BACK-TEMP'
05-07 01:50:08.279 I/ThermalEngine(  595): Algo Type 'monitor'
05-07 01:50:08.279 I/ThermalEngine(  595): Parsing section REPORT-BACK-TEMP
05-07 01:50:08.279 I/ThermalEngine(  595): Found field 'sampling'
05-07 01:50:08.279 I/ThermalEngine(  595): Found field 'sensor'
05-07 01:50:08.279 I/ThermalEngine(  595): Found field 'thresholds'
05-07 01:50:08.279 I/ThermalEngine(  595): Found field 'thresholds_clr'
05-07 01:50:08.279 I/ThermalEngine(  595): Found field 'actions'
05-07 01:50:08.279 I/ThermalEngine(  595): Found field 'action_info'
05-07 01:50:08.279 I/ThermalEngine(  595): Created section 'SS-BATT-BATT'
05-07 01:50:08.279 I/ThermalEngine(  595): Algo Type 'ss'
05-07 01:50:08.279 I/ThermalEngine(  595): Parsing section SS-BATT-BATT
05-07 01:50:08.279 I/ThermalEngine(  595): Found field 'sampling'
05-07 01:50:08.280 I/ThermalEngine(  595): Found field 'sensor'
05-07 01:50:08.280 I/ThermalEngine(  595): Found field 'device'
05-07 01:50:08.280 I/ThermalEngine(  595): Found field 'set_point'
05-07 01:50:08.280 I/ThermalEngine(  595): Found field 'set_point_clr'
05-07 01:50:08.280 I/ThermalEngine(  595): Created section 'SS-CHG-BATT'
05-07 01:50:08.280 I/ThermalEngine(  595): Algo Type 'ss'
05-07 01:50:08.280 I/ThermalEngine(  595): Parsing section SS-CHG-BATT
05-07 01:50:08.280 I/ThermalEngine(  595): Found field 'sampling'
05-07 01:50:08.280 I/ThermalEngine(  595): Found field 'sensor'
05-07 01:50:08.280 I/ThermalEngine(  595): Found field 'device'
05-07 01:50:08.280 I/ThermalEngine(  595): Found field 'set_point'
05-07 01:50:08.280 I/ThermalEngine(  595): Found field 'set_point_clr'
05-07 01:50:08.280 I/ThermalEngine(  595): Found field 'time_constant'
05-07 01:50:08.280 I/ThermalEngine(  595): Created section 'SS-MSM-CPU'
05-07 01:50:08.280 I/ThermalEngine(  595): Algo Type 'ss'
05-07 01:50:08.280 I/ThermalEngine(  595): Parsing section SS-MSM-CPU
05-07 01:50:08.280 I/ThermalEngine(  595): Found field 'sampling'
05-07 01:50:08.280 I/ThermalEngine(  595): Found field 'sensor'
05-07 01:50:08.280 I/ThermalEngine(  595): Found field 'device'
05-07 01:50:08.280 I/ThermalEngine(  595): Found field 'set_point'
05-07 01:50:08.280 I/ThermalEngine(  595): Found field 'set_point_clr'
05-07 01:50:08.280 I/ThermalEngine(  595): Created section 'SS-MSM-GPU'
05-07 01:50:08.280 I/ThermalEngine(  595): Algo Type 'ss'
05-07 01:50:08.280 I/ThermalEngine(  595): Parsing section SS-MSM-GPU
05-07 01:50:08.280 I/ThermalEngine(  595): Found field 'sampling'
05-07 01:50:08.280 I/ThermalEngine(  595): Found field 'sensor'
05-07 01:50:08.280 I/ThermalEngine(  595): Found field 'device'
05-07 01:50:08.280 I/ThermalEngine(  595): Found field 'set_point'
05-07 01:50:08.280 I/ThermalEngine(  595): Found field 'set_point_clr'
05-07 01:50:08.280 I/ThermalEngine(  595): Created section 'SS-MSM-CLUSTER0'
05-07 01:50:08.280 I/ThermalEngine(  595): Algo Type 'ss'
05-07 01:50:08.280 I/ThermalEngine(  595): Parsing section SS-MSM-CLUSTER0
05-07 01:50:08.280 I/ThermalEngine(  595): Found field 'sampling'
05-07 01:50:08.280 I/ThermalEngine(  595): Found field 'sensor'
05-07 01:50:08.280 I/ThermalEngine(  595): Found field 'device'
05-07 01:50:08.280 I/ThermalEngine(  595): Found field 'set_point'
05-07 01:50:08.280 I/ThermalEngine(  595): Found field 'set_point_clr'
05-07 01:50:08.280 I/ThermalEngine(  595): Found field 'device_max_limit'
05-07 01:50:08.280 I/mediaserver(  611): ServiceManager: 0xecf1c120
05-07 01:50:08.280 D/PerMgrSrv(  529): modem new state: is on-line
05-07 01:50:08.280 I/ThermalEngine(  595): Found section 'SS-GPU'
05-07 01:50:08.280 I/ThermalEngine(  595): Algo Type 'ss'
05-07 01:50:08.280 I/ThermalEngine(  595): Parsing section SS-GPU
05-07 01:50:08.280 I/ThermalEngine(  595): Found field 'sampling'
05-07 01:50:08.280 I/ThermalEngine(  595): Found field 'sensor'
05-07 01:50:08.280 I/ThermalEngine(  595): Found field 'device'
05-07 01:50:08.280 I/ThermalEngine(  595): Found field 'set_point'
05-07 01:50:08.280 I/ThermalEngine(  595): Found field 'set_point_clr'
05-07 01:50:08.280 I/ThermalEngine(  595): Found section 'SS-POPMEM'
05-07 01:50:08.280 I/ThermalEngine(  595): Algo Type 'ss'
05-07 01:50:08.280 I/ThermalEngine(  595): Parsing section SS-POPMEM
05-07 01:50:08.280 I/ThermalEngine(  595): Found field 'disable'
05-07 01:50:08.280 I/ThermalEngine(  595): Found field 'sampling'
05-07 01:50:08.280 I/ThermalEngine(  595): Found field 'sensor'
05-07 01:50:08.280 I/ThermalEngine(  595): Found field 'device'
05-07 01:50:08.280 I/ThermalEngine(  595): Found field 'set_point'
05-07 01:50:08.280 I/ThermalEngine(  595): Found field 'set_point_clr'
05-07 01:50:08.280 I/ThermalEngine(  595): Found field 'time_constant'
05-07 01:50:08.280 I/ThermalEngine(  595): Found section 'SS-CPUS-ALL'
05-07 01:50:08.280 I/ThermalEngine(  595): Algo Type 'ss'
05-07 01:50:08.280 I/ThermalEngine(  595): Parsing section SS-CPUS-ALL
05-07 01:50:08.280 I/ThermalEngine(  595): Found field 'sampling'
05-07 01:50:08.280 I/ThermalEngine(  595): Found field 'sensor'
05-07 01:50:08.280 I/ThermalEngine(  595): Found field 'device'
05-07 01:50:08.280 I/ThermalEngine(  595): Found field 'set_point'
05-07 01:50:08.280 I/ThermalEngine(  595): Found field 'set_point_clr'
05-07 01:50:08.280 I/ThermalEngine(  595): Created section 'MONITOR-CAMERA-MSM'
05-07 01:50:08.280 I/ThermalEngine(  595): Algo Type 'monitor'
05-07 01:50:08.280 I/ThermalEngine(  595): Parsing section MONITOR-CAMERA-MSM
05-07 01:50:08.280 I/ThermalEngine(  595): Found field 'sampling'
05-07 01:50:08.280 I/ThermalEngine(  595): Found field 'sensor'
05-07 01:50:08.280 I/ThermalEngine(  595): Found field 'thresholds'
05-07 01:50:08.280 I/ThermalEngine(  595): Found field 'thresholds_clr'
05-07 01:50:08.280 I/ThermalEngine(  595): Found field 'actions'
05-07 01:50:08.280 I/ThermalEngine(  595): Found field 'action_info'
05-07 01:50:08.285 I/android.hardwar(  645): type=1400 audit(0.0:95): avc: denied { ioctl } for uid=1000 path="/dev/ion" dev="tmpfs" ino=115 ioctlcmd=4900 scontext=u:r:init:s0 tcontext=u:object_r:ion_device:s0 tclass=chr_file permissive=1
05-07 01:50:08.285 I/cnd     (  634): type=1400 audit(0.0:96): avc: denied { dac_override } for uid=0 capability=1 scontext=u:r:cnd:s0 tcontext=u:r:cnd:s0 tclass=capability permissive=1
05-07 01:50:08.281 I/ThermalEngine(  595): [MONITOR-CAMERA-MSM]
05-07 01:50:08.281 I/ThermalEngine(  595): algo_type monitor
05-07 01:50:08.281 I/ThermalEngine(  595): sampling 1000
05-07 01:50:08.281 I/ThermalEngine(  595): sensor msm_therm
05-07 01:50:08.281 I/ThermalEngine(  595): thresholds 52000 56000
05-07 01:50:08.281 I/ThermalEngine(  595): thresholds_clr 47000 53000
05-07 01:50:08.281 I/ThermalEngine(  595): actions camera camera
05-07 01:50:08.281 I/ThermalEngine(  595): action_info 1 2
05-07 01:50:08.281 I/ThermalEngine(  595): [REPORT-BACK-TEMP]
05-07 01:50:08.281 I/ThermalEngine(  595): algo_type monitor
05-07 01:50:08.281 I/ThermalEngine(  595): sampling 300000
05-07 01:50:08.281 I/ThermalEngine(  595): sensor BACK_TEMP
05-07 01:50:08.281 I/ThermalEngine(  595): thresholds 45000
05-07 01:50:08.281 I/ThermalEngine(  595): thresholds_clr 43000
05-07 01:50:08.281 I/ThermalEngine(  595): actions report
05-07 01:50:08.281 I/ThermalEngine(  595): action_info 1
05-07 01:50:08.281 I/ThermalEngine(  595): [REPORT-FRONT-TEMP]
05-07 01:50:08.281 I/ThermalEngine(  595): algo_type monitor
05-07 01:50:08.281 I/ThermalEngine(  595): sampling 300000
05-07 01:50:08.281 I/ThermalEngine(  595): sensor FRONT_TEMP
05-07 01:50:08.281 I/ThermalEngine(  595): thresholds 45000
05-07 01:50:08.281 I/ThermalEngine(  595): thresholds_clr 43000
05-07 01:50:08.281 I/ThermalEngine(  595): actions report
05-07 01:50:08.281 I/ThermalEngine(  595): action_info 1
05-07 01:50:08.281 I/ThermalEngine(  595): [VDD_RSTR_MONITOR-TSENS15]
05-07 01:50:08.281 I/ThermalEngine(  595): #algo_type monitor
05-07 01:50:08.281 I/ThermalEngine(  595): sampling 1000
05-07 01:50:08.281 I/ThermalEngine(  595): sensor tsens_tz_sensor15
05-07 01:50:08.281 I/ThermalEngine(  595): thresholds 5000
05-07 01:50:08.281 I/ThermalEngine(  595): thresholds_clr 10000
05-07 01:50:08.281 I/ThermalEngine(  595): actions vdd_restriction
05-07 01:50:08.281 I/ThermalEngine(  595): action_info 1
05-07 01:50:08.281 I/ThermalEngine(  595): descending
05-07 01:50:08.281 I/ThermalEngine(  595): [VDD_RSTR_MONITOR-TSENS14]
05-07 01:50:08.281 I/ThermalEngine(  595): #algo_type monitor
05-07 01:50:08.281 I/ThermalEngine(  595): sampling 1000
05-07 01:50:08.281 I/ThermalEngine(  595): sensor tsens_tz_sensor14
05-07 01:50:08.288 I/qseeproxydaemon(  635): type=1400 audit(0.0:97): avc: denied { ioctl } for uid=1000 path="/dev/binder" dev="tmpfs" ino=6655 ioctlcmd=6209 scontext=u:r:qseeproxy:s0 tcontext=u:object_r:binder_device:s0 tclass=chr_file permissive=1
05-07 01:50:08.281 I/ThermalEngine(  595): thresholds 5000
05-07 01:50:08.281 I/ThermalEngine(  595): thresholds_clr 10000
05-07 01:50:08.281 I/ThermalEngine(  595): actions vdd_restriction
05-07 01:50:08.281 I/ThermalEngine(  595): action_info 1
05-07 01:50:08.281 I/ThermalEngine(  595): descending
05-07 01:50:08.281 I/ThermalEngine(  595): [VDD_RSTR_MONITOR-TSENS13]
05-07 01:50:08.281 I/ThermalEngine(  595): #algo_type monitor
05-07 01:50:08.281 I/ThermalEngine(  595): sampling 1000
05-07 01:50:08.281 I/ThermalEngine(  595): sensor tsens_tz_sensor13
05-07 01:50:08.281 I/ThermalEngine(  595): thresholds 5000
05-07 01:50:08.281 I/ThermalEngine(  595): thresholds_clr 10000
05-07 01:50:08.281 I/ThermalEngine(  595): actions vdd_restriction
05-07 01:50:08.281 I/ThermalEngine(  595): action_info 1
05-07 01:50:08.281 I/ThermalEngine(  595): descending
05-07 01:50:08.281 I/ThermalEngine(  595): [VDD_RSTR_MONITOR-TSENS12]
05-07 01:50:08.281 I/ThermalEngine(  595): #algo_type monitor
05-07 01:50:08.281 I/ThermalEngine(  595): sampling 1000
05-07 01:50:08.281 I/ThermalEngine(  595): sensor tsens_tz_sensor12
05-07 01:50:08.281 I/ThermalEngine(  595): thresholds 5000
05-07 01:50:08.281 I/ThermalEngine(  595): thresholds_clr 10000
05-07 01:50:08.281 I/ThermalEngine(  595): actions vdd_restriction
05-07 01:50:08.281 I/ThermalEngine(  595): action_info 1
05-07 01:50:08.281 I/ThermalEngine(  595): descending
05-07 01:50:08.281 I/ThermalEngine(  595): [VDD_RSTR_MONITOR-TSENS11]
05-07 01:50:08.281 I/ThermalEngine(  595): #algo_type monitor
05-07 01:50:08.281 I/ThermalEngine(  595): sampling 1000
05-07 01:50:08.281 I/ThermalEngine(  595): sensor tsens_tz_sensor11
05-07 01:50:08.281 I/ThermalEngine(  595): thresholds 5000
05-07 01:50:08.281 I/ThermalEngine(  595): thresholds_clr 10000
05-07 01:50:08.281 I/ThermalEngine(  595): actions vdd_restriction
05-07 01:50:08.281 I/ThermalEngine(  595): action_info 1
05-07 01:50:08.281 I/ThermalEngine(  595): descending
05-07 01:50:08.281 I/ThermalEngine(  595): [VDD_RSTR_MONITOR-TSENS10]
05-07 01:50:08.281 I/ThermalEngine(  595): #algo_type monitor
05-07 01:50:08.281 I/ThermalEngine(  595): sampling 1000
05-07 01:50:08.281 I/ThermalEngine(  595): sensor tsens_tz_sensor10
05-07 01:50:08.281 I/ThermalEngine(  595): thresholds 5000
05-07 01:50:08.281 I/ThermalEngine(  595): thresholds_clr 10000
05-07 01:50:08.281 I/ThermalEngine(  595): actions vdd_restriction
05-07 01:50:08.281 I/ThermalEngine(  595): action_info 1
05-07 01:50:08.281 I/ThermalEngine(  595): descending
05-07 01:50:08.281 I/ThermalEngine(  595): [VDD_RSTR_MONITOR-TSENS9]
05-07 01:50:08.282 I/ThermalEngine(  595): #algo_type monitor
05-07 01:50:08.282 I/ThermalEngine(  595): sampling 1000
05-07 01:50:08.282 I/ThermalEngine(  595): sensor tsens_tz_sensor9
05-07 01:50:08.282 I/ThermalEngine(  595): thresholds 5000
05-07 01:50:08.282 I/ThermalEngine(  595): thresholds_clr 10000
05-07 01:50:08.282 I/ThermalEngine(  595): actions vdd_restriction
05-07 01:50:08.282 I/ThermalEngine(  595): action_info 1
05-07 01:50:08.282 I/ThermalEngine(  595): descending
05-07 01:50:08.282 I/ThermalEngine(  595): [VDD_RSTR_MONITOR-TSENS8]
05-07 01:50:08.282 I/ThermalEngine(  595): #algo_type monitor
05-07 01:50:08.282 I/ThermalEngine(  595): sampling 1000
05-07 01:50:08.282 I/ThermalEngine(  595): sensor tsens_tz_sensor8
05-07 01:50:08.282 I/ThermalEngine(  595): thresholds 5000
05-07 01:50:08.282 I/ThermalEngine(  595): thresholds_clr 10000
05-07 01:50:08.282 I/ThermalEngine(  595): actions vdd_restriction
05-07 01:50:08.282 I/ThermalEngine(  595): action_info 1
05-07 01:50:08.282 I/ThermalEngine(  595): descending
05-07 01:50:08.282 I/ThermalEngine(  595): [VDD_RSTR_MONITOR-TSENS7]
05-07 01:50:08.282 I/ThermalEngine(  595): #algo_type monitor
05-07 01:50:08.282 I/ThermalEngine(  595): sampling 1000
05-07 01:50:08.282 I/ThermalEngine(  595): sensor tsens_tz_sensor7
05-07 01:50:08.282 I/ThermalEngine(  595): thresholds 5000
05-07 01:50:08.282 I/ThermalEngine(  595): thresholds_clr 10000
05-07 01:50:08.282 I/ThermalEngine(  595): actions vdd_restriction
05-07 01:50:08.282 I/ThermalEngine(  595): action_info 1
05-07 01:50:08.282 I/ThermalEngine(  595): descending
05-07 01:50:08.282 I/ThermalEngine(  595): [VDD_RSTR_MONITOR-TSENS6]
05-07 01:50:08.282 I/ThermalEngine(  595): #algo_type monitor
05-07 01:50:08.282 I/ThermalEngine(  595): sampling 1000
05-07 01:50:08.282 I/ThermalEngine(  595): sensor tsens_tz_sensor6
05-07 01:50:08.282 I/ThermalEngine(  595): thresholds 5000
05-07 01:50:08.282 I/ThermalEngine(  595): thresholds_clr 10000
05-07 01:50:08.282 I/ThermalEngine(  595): actions vdd_restriction
05-07 01:50:08.282 I/ThermalEngine(  595): action_info 1
05-07 01:50:08.282 I/ThermalEngine(  595): descending
05-07 01:50:08.282 I/ThermalEngine(  595): [VDD_RSTR_MONITOR-TSENS5]
05-07 01:50:08.282 I/ThermalEngine(  595): #algo_type monitor
05-07 01:50:08.282 W/SDM     (  509): HWCSession::UEventThread: UEvent dropped. No uevent listener.
05-07 01:50:08.282 I/ThermalEngine(  595): sampling 1000
05-07 01:50:08.282 I/ThermalEngine(  595): sensor tsens_tz_sensor5
05-07 01:50:08.282 I/ThermalEngine(  595): thresholds 5000
05-07 01:50:08.282 I/ThermalEngine(  595): thresholds_clr 10000
05-07 01:50:08.282 I/ThermalEngine(  595): actions vdd_restriction
05-07 01:50:08.282 I/ThermalEngine(  595): action_info 1
05-07 01:50:08.282 I/ThermalEngine(  595): descending
05-07 01:50:08.282 I/ThermalEngine(  595): [VDD_RSTR_MONITOR-TSENS4]
05-07 01:50:08.282 I/ThermalEngine(  595): #algo_type monitor
05-07 01:50:08.282 I/ThermalEngine(  595): sampling 1000
05-07 01:50:08.282 I/ThermalEngine(  595): sensor tsens_tz_sensor4
05-07 01:50:08.282 I/ThermalEngine(  595): thresholds 5000
05-07 01:50:08.282 I/ThermalEngine(  595): thresholds_clr 10000
05-07 01:50:08.282 I/ThermalEngine(  595): actions vdd_restriction
05-07 01:50:08.282 I/ThermalEngine(  595): action_info 1
05-07 01:50:08.282 I/ThermalEngine(  595): descending
05-07 01:50:08.282 I/ThermalEngine(  595): [VDD_RSTR_MONITOR-TSENS3]
05-07 01:50:08.282 I/ThermalEngine(  595): #algo_type monitor
05-07 01:50:08.282 I/ThermalEngine(  595): sampling 1000
05-07 01:50:08.282 I/ThermalEngine(  595): sensor tsens_tz_sensor3
05-07 01:50:08.282 I/ThermalEngine(  595): thresholds 5000
05-07 01:50:08.282 I/ThermalEngine(  595): thresholds_clr 10000
05-07 01:50:08.282 I/ThermalEngine(  595): actions vdd_restriction
05-07 01:50:08.282 I/ThermalEngine(  595): action_info 1
05-07 01:50:08.282 I/ThermalEngine(  595): descending
05-07 01:50:08.282 I/ThermalEngine(  595): [VDD_RSTR_MONITOR-TSENS2]
05-07 01:50:08.282 I/ThermalEngine(  595): #algo_type monitor
05-07 01:50:08.282 I/ThermalEngine(  595): sampling 1000
05-07 01:50:08.282 I/ThermalEngine(  595): sensor tsens_tz_sensor2
05-07 01:50:08.282 I/ThermalEngine(  595): thresholds 5000
05-07 01:50:08.282 I/ThermalEngine(  595): thresholds_clr 10000
05-07 01:50:08.282 I/ThermalEngine(  595): actions vdd_restriction
05-07 01:50:08.282 I/ThermalEngine(  595): action_info 1
05-07 01:50:08.282 I/ThermalEngine(  595): descending
05-07 01:50:08.282 I/ThermalEngine(  595): [VDD_RSTR_MONITOR-TSENS1]
05-07 01:50:08.282 I/ThermalEngine(  595): #algo_type monitor
05-07 01:50:08.282 I/ThermalEngine(  595): sampling 1000
05-07 01:50:08.282 I/ThermalEngine(  595): sensor tsens_tz_sensor1
05-07 01:50:08.282 I/ThermalEngine(  595): thresholds 5000
05-07 01:50:08.282 I/ThermalEngine(  595): thresholds_clr 10000
05-07 01:50:08.282 I/ThermalEngine(  595): actions vdd_restriction
05-07 01:50:08.282 I/ThermalEngine(  595): action_info 1
05-07 01:50:08.282 I/ThermalEngine(  595): descending
05-07 01:50:08.282 I/ThermalEngine(  595): [BATT_THERM_REPORT]
05-07 01:50:08.282 I/ThermalEngine(  595): #algo_type monitor
05-07 01:50:08.282 I/ThermalEngine(  595): sampling 10000
05-07 01:50:08.282 I/ThermalEngine(  595): sensor batt_therm
05-07 01:50:08.282 I/ThermalEngine(  595): thresholds 45000
05-07 01:50:08.282 I/ThermalEngine(  595): thresholds_clr 43000
05-07 01:50:08.282 I/ThermalEngine(  595): actions report
05-07 01:50:08.282 I/ThermalEngine(  595): action_info 1
05-07 01:50:08.282 I/ThermalEngine(  595): [SS-MSM-CLUSTER0]
05-07 01:50:08.282 I/ThermalEngine(  595): algo_type ss
05-07 01:50:08.282 I/ThermalEngine(  595): sampling 1000
05-07 01:50:08.282 I/ThermalEngine(  595): sensor msm_therm
05-07 01:50:08.282 I/ThermalEngine(  595): device cluster0
05-07 01:50:08.282 I/ThermalEngine(  595): set_point 43000
05-07 01:50:08.282 I/ThermalEngine(  595): set_point_clr 41000
05-07 01:50:08.282 I/ThermalEngine(  595): time_constant 0
05-07 01:50:08.282 I/ThermalEngine(  595): device_max_limit 1401600
05-07 01:50:08.282 I/ThermalEngine(  595): [SS-MSM-GPU]
05-07 01:50:08.282 I/ThermalEngine(  595): algo_type ss
05-07 01:50:08.282 I/ThermalEngine(  595): sampling 1000
05-07 01:50:08.282 I/ThermalEngine(  595): sensor VIRTUAL-MSM-GPU
05-07 01:50:08.282 I/ThermalEngine(  595): device battery
05-07 01:50:08.282 I/ThermalEngine(  595): set_point 43000
05-07 01:50:08.282 I/ThermalEngine(  595): set_point_clr 40000
05-07 01:50:08.282 I/ThermalEngine(  595): time_constant 0
05-07 01:50:08.282 I/ThermalEngine(  595): [SS-MSM-CPU]
05-07 01:50:08.282 I/ThermalEngine(  595): algo_type ss
05-07 01:50:08.282 I/ThermalEngine(  595): sampling 1000
05-07 01:50:08.282 I/ThermalEngine(  595): sensor VIRTUAL-MSM-CPU
05-07 01:50:08.282 I/ThermalEngine(  595): device battery
05-07 01:50:08.282 I/ThermalEngine(  595): set_point 43000
05-07 01:50:08.282 I/ThermalEngine(  595): set_point_clr 40000
05-07 01:50:08.282 I/ThermalEngine(  595): time_constant 0
05-07 01:50:08.282 W/SDM     (  509): HWCSession::UEventThread: UEvent dropped. No uevent listener.
05-07 01:50:08.282 I/ThermalEngine(  595): [SS-CHG-BATT]
05-07 01:50:08.282 I/ThermalEngine(  595): algo_type ss
05-07 01:50:08.282 I/ThermalEngine(  595): sampling 5000
05-07 01:50:08.282 I/ThermalEngine(  595): sensor chg_therm
05-07 01:50:08.282 I/ThermalEngine(  595): device battery
05-07 01:50:08.282 I/ThermalEngine(  595): set_point 50000
05-07 01:50:08.282 I/ThermalEngine(  595): set_point_clr 44000
05-07 01:50:08.282 I/ThermalEngine(  595): time_constant 0
05-07 01:50:08.282 I/ThermalEngine(  595): [SS-BATT-BATT]
05-07 01:50:08.282 I/ThermalEngine(  595): algo_type ss
05-07 01:50:08.282 I/ThermalEngine(  595): sampling 5000
05-07 01:50:08.282 I/ThermalEngine(  595): sensor batt_therm
05-07 01:50:08.282 I/ThermalEngine(  595): device battery
05-07 01:50:08.282 I/ThermalEngine(  595): set_point 44000
05-07 01:50:08.282 I/ThermalEngine(  595): set_point_clr 42000
05-07 01:50:08.282 I/ThermalEngine(  595): time_constant 0
05-07 01:50:08.282 I/ThermalEngine(  595): [SS-GPU]
05-07 01:50:08.282 I/ThermalEngine(  595): #algo_type ss
05-07 01:50:08.282 I/ThermalEngine(  595): sampling 250
05-07 01:50:08.282 I/ThermalEngine(  595): sensor gpu
05-07 01:50:08.282 I/ThermalEngine(  595): device gpu
05-07 01:50:08.282 I/ThermalEngine(  595): set_point 95000
05-07 01:50:08.282 I/ThermalEngine(  595): set_point_clr 65000
05-07 01:50:08.282 I/ThermalEngine(  595): time_constant 0
05-07 01:50:08.282 I/ThermalEngine(  595): [SS-CPUS-ALL]
05-07 01:50:08.282 I/ThermalEngine(  595): #algo_type ss
05-07 01:50:08.282 I/ThermalEngine(  595): sampling 50
05-07 01:50:08.282 I/ThermalEngine(  595): sensor VIRTUAL-CPUS
05-07 01:50:08.282 I/ThermalEngine(  595): device cluster0
05-07 01:50:08.282 I/ThermalEngine(  595): set_point 95000
05-07 01:50:08.282 I/ThermalEngine(  595): set_point_clr 55000
05-07 01:50:08.282 I/ThermalEngine(  595): time_constant 0
05-07 01:50:08.282 W/hwservicemanager(  463): getTransport: Cannot find entry android.hardware.usb.gadget@1.0::IUsbGadget/default in either framework or device manifest.
05-07 01:50:08.283 I/ThermalEngine(  595): [SPEAKER-CAL]
05-07 01:50:08.283 I/ThermalEngine(  595): sampling 30000 30000 10 1800000
05-07 01:50:08.283 I/ThermalEngine(  595): sensor pm8953_tz
05-07 01:50:08.283 I/ThermalEngine(  595): sensors tsens_tz_sensor1 tsens_tz_sensor2 tsens_tz_sensor3 tsens_tz_sensor14 tsens_tz_sensor15
05-07 01:50:08.283 I/ThermalEngine(  595): temp_range 6000 10000 2000
05-07 01:50:08.283 I/ThermalEngine(  595): max_temp 45000
05-07 01:50:08.283 I/ThermalEngine(  595): offset -4000
05-07 01:50:08.283 W/SDM     (  509): HWCSession::UEventThread: UEvent dropped. No uevent listener.
05-07 01:50:08.283 I/usbd    (  644): Usb HAL not found
05-07 01:50:08.284 W/statsd  (  618): statscompanion service unavailable!
05-07 01:50:08.285 I/ThermalEngine(  595): SS:ACTIVE:SS-MSM-GPU:battery=0:VIRTUAL-MSM-GPU=45000
05-07 01:50:08.285 I/ThermalEngine(  595): SS:ACTIVE:SS-MSM-CPU:battery=0:VIRTUAL-MSM-CPU=53000
05-07 01:50:08.285 I/android.hardware.gatekeeper@1.0-service(  507): Registration complete for android.hardware.gatekeeper@1.0::IGatekeeper/default.
05-07 01:50:08.287 I/QC-NETMGR-LIB(  599): onRegistration(): Netd service preexisting : [1]
05-07 01:50:08.287 D/QC-NETMGR-LIB(  599): registerServerNotification(): Successfully registered for Netd HAL service
05-07 01:50:08.287 I/QC-NETMGR-LIB(  599): onRegistration(): Service exists, not a restart
05-07 01:50:08.287 I/QC-NETMGR-LIB(  599): NetmgrNetdClientInit(): Created netd client
05-07 01:50:08.287 I/QC-NETMGR-LIB(  599): onRegistration(): Starting Netd getService thread
05-07 01:50:08.288 W/hwservicemanager(  463): getTransport: Cannot find entry android.hardware.keymaster@4.0::IKeymasterDevice/default in either framework or device manifest.
05-07 01:50:08.289 E/SELinux (  463): avc:  denied  { add } for interface=com.quicinc.cne.api::IApiService pid=634 scontext=u:r:cnd:s0 tcontext=u:object_r:default_android_hwservice:s0 tclass=hwservice_manager permissive=1
05-07 01:50:08.289 I/mediametrics(  615): ServiceManager: 0x7c9e43d740
05-07 01:50:08.289 D/MediaAnalyticsService(  615): MediaAnalyticsService created
05-07 01:50:08.290 I/audioserver(  532): ServiceManager: 0xeda9c100
05-07 01:50:08.290 E/keymaster1_device(  472): Keymaster Initialized
05-07 01:50:08.290 E/keymaster1_device(  472): TA API Major Verion: 1
05-07 01:50:08.290 I/mediaserver(  616): ServiceManager: 0xf469c1c0
05-07 01:50:08.290 E/keymaster1_device(  472): TA API Minor Verion: 0
05-07 01:50:08.291 E/keymaster1_device(  472): TA Major Verion: 1
05-07 01:50:08.291 E/keymaster1_device(  472): TA Minor Verion: 10
05-07 01:50:08.291 E/keymaster1_device(  472): set_version_req->flags: 1
05-07 01:50:08.291 W/BatteryNotifier(  616): batterystats service unavailable!
05-07 01:50:08.291 W/BatteryNotifier(  532): batterystats service unavailable!
05-07 01:50:08.291 I/cameraserver(  606): ServiceManager: 0xee91c100
05-07 01:50:08.291 I/CameraService(  606): CameraService started (pid=606)
05-07 01:50:08.291 I/CameraService(  606): CameraService process starting
05-07 01:50:08.292 E/SELinux (  462): avc:  denied  { add } for service=com.qualcomm.qti.qseeproxy pid=635 uid=1000 scontext=u:r:qseeproxy:s0 tcontext=u:object_r:default_android_service:s0 tclass=service_manager permissive=1
05-07 01:50:08.292 D/com.qualcomm.qti.qseeproxy-daemon(  635): QSEEConnector service is now ready
05-07 01:50:08.293 W/BatteryNotifier(  606): batterystats service unavailable!
05-07 01:50:08.293 W/BatteryNotifier(  606): batterystats service unavailable!
05-07 01:50:08.294 I/ServiceManager(  620): Waiting for service 'package_native' on '/dev/binder'...
05-07 01:50:08.295 I/ServiceManagement(  472): Removing namespace from process name android.hardware.keymaster@3.0-service to keymaster@3.0-service.
05-07 01:50:08.295 E/QMI_FW  (  634): QMUXD: WARNING qmi_qmux_if_pwr_up_init failed! rc=-6
05-07 01:50:08.298 I/SDM     (  509): ExtensionInterface::CreateExtensionInterface: 
05-07 01:50:08.298 I/SDM     (  509): SDM-EXTENSION Version: Date: 12/02/18, Commit: 8acd6b6, Change: I71347032eb
05-07 01:50:08.299 I/ConfigStore(  534): android::hardware::configstore::V1_0::ISurfaceFlingerConfigs::startGraphicsAllocatorService retrieved: 0
05-07 01:50:08.299 I/SDM     (  509): HWInfo::GetHWResourceInfo: SDE Version = 5, SDE Revision = 10100000, RGB = 2, VIG = 1, DMA = 1, Cursor = 1
05-07 01:50:08.299 I/SDM     (  509): HWInfo::GetHWResourceInfo: Upscale Ratio = 20, Downscale Ratio = 4, Blending Stages = 4
05-07 01:50:08.299 I/SDM     (  509): HWInfo::GetHWResourceInfo: SourceSplit = 0 QSEED3 = 0
05-07 01:50:08.299 I/SDM     (  509): HWInfo::GetHWResourceInfo: BWC = 0, UBWC = 1, Decimation = 1, Tile Format = 0 Concurrent Writeback = 0
05-07 01:50:08.299 I/SDM     (  509): HWInfo::GetHWResourceInfo: MaxLowBw = 3400000 , MaxHighBw = 3400000
05-07 01:50:08.299 I/SDM     (  509): HWInfo::GetHWResourceInfo: MaxPipeBw = 2300000 KBps, MaxSDEClock = 400000000 Hz, ClockFudgeFactor = 1.050000
05-07 01:50:08.299 I/SDM     (  509): HWInfo::GetHWResourceInfo: Prefill factors: Tiled_NV12 = 8, Tiled = 4, Linear = 1, Scale = 1, Fudge_factor = 2
05-07 01:50:08.299 I/SDM     (  509): HWInfo::GetMDSSRotatorInfo: MDSS Rotator: Count = 1, Downscale = 1, Min_downscale = 2.000000
05-07 01:50:08.299 I/SurfaceFlinger(  534): Using HWComposer service: 'default'
05-07 01:50:08.299 I/SurfaceFlinger(  534): SurfaceFlinger is starting
05-07 01:50:08.299 I/SDM     (  509): HWInfo::GetHWResourceInfo: Has Support for multiple bw limits shown below
05-07 01:50:08.299 I/SDM     (  509): HWInfo::GetHWResourceInfo: Mode-index=0  total_bw_limit=3400000 and pipe_bw_limit=2300000
05-07 01:50:08.299 I/SDM     (  509): HWInfo::GetHWResourceInfo: Mode-index=1  total_bw_limit=3100000 and pipe_bw_limit=2300000
05-07 01:50:08.299 I/SDM     (  509): HWInfo::GetHWResourceInfo: Mode-index=2  total_bw_limit=3400000 and pipe_bw_limit=2300000
05-07 01:50:08.299 I/SDM     (  509): HWInfo::GetHWResourceInfo: Mode-index=3  total_bw_limit=3400000 and pipe_bw_limit=2300000
05-07 01:50:08.300 I/SDM     (  509): SessionManager::SessionManager: Allocate buffers synchronously = 0
05-07 01:50:08.302 I/statsd  (  618): using statsd socket
05-07 01:50:08.302 I/android.hardware.keymaster@3.0-service(  472): Registration complete for android.hardware.keymaster@3.0::IKeymasterDevice/default.
05-07 01:50:08.303 I/QC-NETMGR-LIB(  599): getServiceImpl(): INetd discovered
05-07 01:50:08.305 I/ThermalEngine(  595): vdd_restriction[MODEM]:0 is recorded and waiting for completing QMI registration
05-07 01:50:08.305 I/ThermalEngine(  595): vdd_restriction[ADSP]:0 is recorded and waiting for completing QMI registration
05-07 01:50:08.305 I/ThermalEngine(  595): hotplug_ktm_disable_cb: write out 0
05-07 01:50:08.306 I/ConfigStore(  534): android::hardware::configstore::V1_0::ISurfaceFlingerConfigs::vsyncEventPhaseOffsetNs retrieved: 1000000 (default)
05-07 01:50:08.306 I/ConfigStore(  534): android::hardware::configstore::V1_0::ISurfaceFlingerConfigs::vsyncSfEventPhaseOffsetNs retrieved: 1000000 (default)
05-07 01:50:08.307 I/ConfigStore(  534): android::hardware::configstore::V1_0::ISurfaceFlingerConfigs::hasSyncFramework retrieved: 1
05-07 01:50:08.307 I/ConfigStore(  534): android::hardware::configstore::V1_0::ISurfaceFlingerConfigs::presentTimeOffsetFromVSyncNs retrieved: 0
05-07 01:50:08.307 I/ConfigStore(  534): android::hardware::configstore::V1_0::ISurfaceFlingerConfigs::useHwcForRGBtoYUV retrieved: 1
05-07 01:50:08.307 I/ConfigStore(  534): android::hardware::configstore::V1_0::ISurfaceFlingerConfigs::maxVirtualDisplaySize retrieved: 4096
05-07 01:50:08.307 I/ConfigStore(  534): android::hardware::configstore::V1_0::ISurfaceFlingerConfigs::useVrFlinger retrieved: 0 (default)
05-07 01:50:08.307 I/ConfigStore(  534): android::hardware::configstore::V1_0::ISurfaceFlingerConfigs::maxFrameBufferAcquiredBuffers retrieved: 3
05-07 01:50:08.307 I/ServiceManagement(  606): getService: Trying again for android.hardware.camera.provider@2.4::ICameraProvider/legacy/0...
05-07 01:50:08.307 I/keystore(  610): found android.hardware.keymaster@3.0::IKeymasterDevice with interface name default and seclevel TRUSTED_ENVIRONMENT
05-07 01:50:08.308 W/hwservicemanager(  463): getTransport: Cannot find entry android.hardware.audio@4.0::IDevicesFactory/msd in either framework or device manifest.
05-07 01:50:08.310 E/SELinux (  463): avc:  denied  { find } for interface=vendor.display.config::IDisplayConfig pid=505 scontext=u:r:hal_configstore_default:s0 tcontext=u:object_r:hal_display_config_hwservice:s0 tclass=hwservice_manager permissive=1
05-07 01:50:08.311 W/hwservicemanager(  463): getTransport: Cannot find entry vendor.display.config@1.7::IDisplayConfig/default in either framework or device manifest.
05-07 01:50:08.311 I/ConfigStore(  534): android::hardware::configstore::V1_0::ISurfaceFlingerConfigs::hasWideColorDisplay retrieved: 0
05-07 01:50:08.312 I/ConfigStore(  534): android::hardware::configstore::V1_1::ISurfaceFlingerConfigs::primaryDisplayOrientation retrieved: ORIENTATION_0 (default)
05-07 01:50:08.312 I/SurfaceFlinger(  534): Disabling Triple Buffering
05-07 01:50:08.312 I/SurfaceFlinger(  534): Treble testing override: 'false'
05-07 01:50:08.312 W/SurfaceFlinger(  534): Unable to open libdolphin.so: dlopen failed: library "libdolphin.so" not found.
05-07 01:50:08.313 I/AudioFlinger(  532): Using default 3000 mSec as standby time.
05-07 01:50:08.313 W/hwservicemanager(  463): getTransport: Cannot find entry vendor.display.config@1.2::IDisplayConfig/default in either framework or device manifest.
05-07 01:50:08.314 W/hwservicemanager(  463): getTransport: Cannot find entry vendor.display.config@1.6::IDisplayConfig/default in either framework or device manifest.
05-07 01:50:08.314 I/SurfaceFlinger(  534): SurfaceFlinger's main thread ready to run. Initializing graphics H/W...
05-07 01:50:08.314 I/SurfaceFlinger(  534): Phase offest NS: 1000000
05-07 01:50:08.314 E/APM::Serializer(  532): deserialize: Could not parse /odm/etc/audio_policy_configuration.xml document.
05-07 01:50:08.315 E/APM::Serializer(  532): deserialize: Could not parse /vendor/etc/audio/audio_policy_configuration.xml document.
05-07 01:50:08.323 E//vendor/bin/adsprpcd(  597): vendor/qcom/proprietary/commonsys-intf/adsprpc/src/apps_std_imp.c:729:Error 45: fopen failed for remote_heap_config.so. (No such file or directory)
05-07 01:50:08.326 W/MediaCodecsXmlParser(  623): unable to open media codecs configuration xml file: /data/misc/media/media_codecs_profiling_results.xml
05-07 01:50:08.326 W/MediaCodecsXmlParser(  623): parseTopLevelXMLFile(/data/misc/media/media_codecs_profiling_results.xml) failed
05-07 01:50:08.328 I/ServiceManagement(  623): Removing namespace from process name android.hardware.media.omx@1.0-service to omx@1.0-service.
05-07 01:50:08.330 D/vndksupport(  623): Loading libstagefrighthw.so from current namespace instead of sphal namespace.
05-07 01:50:08.334 E//vendor/bin/adsprpcd(  597): vendor/qcom/proprietary/commonsys-intf/adsprpc/src/apps_std_imp.c:729:Error 45: fopen failed for adsp_avs_config.acdb. (No such file or directory)
05-07 01:50:08.335 E//vendor/bin/adsprpcd(  597): vendor/qcom/proprietary/commonsys-intf/adsprpc/src/apps_std_imp.c:729:Error 45: fopen failed for oemconfig.so. (No such file or directory)
05-07 01:50:08.335 E//vendor/bin/adsprpcd(  597): vendor/qcom/proprietary/commonsys-intf/adsprpc/src/apps_std_imp.c:729:Error 45: fopen failed for testsig-0x46af9dda.so. (No such file or directory)
05-07 01:50:08.336 E//vendor/bin/adsprpcd(  597): vendor/qcom/proprietary/commonsys-intf/adsprpc/src/apps_std_imp.c:729:Error 45: fopen failed for testsig.so. (No such file or directory)
05-07 01:50:08.344 I/SDM     (  509): CoreInterface::CreateCore: Open interface handle = 0x7427a70000
05-07 01:50:08.344 I/SDM     (  509): HWCSession::Register: Set uevent listener = 0x7427a6b000
05-07 01:50:08.344 I/SDM     (  509): HWInfo::GetFirstDisplayInterfaceType: First display is internal display
05-07 01:50:08.344 I/SDM     (  509): CPUHint::Init: Invalid CPU Hint Pre-enable Window -1
05-07 01:50:08.345 I/SDM     (  509): HWDevice::GetHWPanelMaxBrightnessFromNode: Max brightness level = 255
05-07 01:50:08.345 I/SDM     (  509): HWDevice::Init: access(/dev/graphics/fb0) successful
05-07 01:50:08.345 I/SDM     (  509): HWDevice::GetHWPanelMaxBrightnessFromNode: Max brightness level = 255
05-07 01:50:08.345 I/SDM     (  509): HWDevice::PopulateHWPanelInfo: Device type = 0, Display Port = 1, Display Mode = 1, Device Node = 0, Is Primary = 1
05-07 01:50:08.345 I/SDM     (  509): HWDevice::PopulateHWPanelInfo: Partial Update = 0, supported roi_count =1, Dynamic FPS = 0
05-07 01:50:08.345 I/SDM     (  509): HWDevice::PopulateHWPanelInfo: Align: left = 0, width = 0, top = 0, height = 0
05-07 01:50:08.345 I/SDM     (  509): HWDevice::PopulateHWPanelInfo: ROI: min_width = 0, min_height = 0, need_merge = 0
05-07 01:50:08.345 I/SDM     (  509): HWDevice::PopulateHWPanelInfo: FPS: min = 0, max =0
05-07 01:50:08.345 I/SDM     (  509): HWDevice::PopulateHWPanelInfo: Ping Pong Split = 0
05-07 01:50:08.345 I/SDM     (  509): HWDevice::PopulateHWPanelInfo: Left Split = 0, Right Split = 0
05-07 01:50:08.346 I/SDM     (  509): HWDevice::GetHWPanelMaxBrightnessFromNode: Max brightness level = 255
05-07 01:50:08.346 I/SDM     (  509): HWDevice::GetHWPanelMaxBrightnessFromNode: Max brightness level = 255
05-07 01:50:08.346 W/SDM     (  509): HWDevice::GetHWPanelInfoByNode: Failed to open msm_fb_panel_info node device node 2
05-07 01:50:08.346 W/SDM     (  509): HWDevice::GetHWPanelInfoByNode: Failed to open msm_fb_panel_info node device node 3
05-07 01:50:08.346 I/SDM     (  509): HWDevice::GetHWPanelMaxBrightnessFromNode: Max brightness level = 255
05-07 01:50:08.346 I/SDM     (  509): HWDevice::GetHWPanelMaxBrightnessFromNode: Max brightness level = 255
05-07 01:50:08.346 W/SDM     (  509): HWDevice::GetHWPanelInfoByNode: Failed to open msm_fb_panel_info node device node 2
05-07 01:50:08.346 W/SDM     (  509): HWDevice::GetHWPanelInfoByNode: Failed to open msm_fb_panel_info node device node 3
05-07 01:50:08.346 I/SDM     (  509): StrategyImpl::SetIdleTimeoutMs: Idle timeout: active = 70, inactive = 520
05-07 01:50:08.346 W/SDM     (  509): ColorManager::CreateColorManagerProxy: PAV2 version is versions = 11, version = 11 
05-07 01:50:08.356 W/MediaCodecsXmlParser(  623): unable to open media codecs configuration xml file: /data/misc/media/media_codecs_profiling_results.xml
05-07 01:50:08.356 W/MediaCodecsXmlParser(  623): parseTopLevelXMLFile(/data/misc/media/media_codecs_profiling_results.xml) failed
05-07 01:50:08.356 I/ServiceManagement(  623): Removing namespace from process name android.hardware.media.omx@1.0-service to omx@1.0-service.
05-07 01:50:08.358 I/media.codec(  623): IOmx HAL service created.
05-07 01:50:08.367 D/libEGL  (  534): loaded /vendor/lib64/egl/libEGL_adreno.so
05-07 01:50:08.369 D/vndksupport(  502): Loading /vendor/lib/hw/audio.primary.msm8953.so from current namespace instead of sphal namespace.
05-07 01:50:08.377 I/rmt_storage(  527): rmt_storage_connect_cb: clnt_h=0x1 conn_h=0x70eca2c020
05-07 01:50:08.377 I/SDM     (  509): DisplayBase::InitializeColorModes: Number of Color Modes = 22
05-07 01:50:08.377 I/rmt_storage(  527): rmt_storage_open_cb: /boot/modem_fs1: req_h=0x1 msg_id=1: Client found
05-07 01:50:08.377 I/rmt_storage(  527): rmt_storage_open_cb: /boot/modem_fs1: req_h=0x1 msg_id=1: Send response: res=0 err=0
05-07 01:50:08.377 I/rmt_storage(  527): rmt_storage_client_thread: /boot/modem_fs1: Worker thread started
05-07 01:50:08.377 I/rmt_storage(  527): wake lock name: rmt_storage_485006243056, name creation success: 24
05-07 01:50:08.378 I/rmt_storage(  527): rmt_storage_disconnect_cb: clnt_h=0x1 conn_h=0x70eca2c020
05-07 01:50:08.378 I/rmt_storage(  527): rmt_storage_connect_cb: clnt_h=0x2 conn_h=0x70eca2c020
05-07 01:50:08.378 I/rmt_storage(  527): rmt_storage_open_cb: /boot/modem_fs2: req_h=0x2 msg_id=1: Client found
05-07 01:50:08.378 I/rmt_storage(  527): rmt_storage_open_cb: /boot/modem_fs2: req_h=0x2 msg_id=1: Send response: res=0 err=0
05-07 01:50:08.378 I/rmt_storage(  527): rmt_storage_client_thread: /boot/modem_fs2: Worker thread started
05-07 01:50:08.378 I/rmt_storage(  527): wake lock name: rmt_storage_485005202672, name creation success: 24
05-07 01:50:08.379 I/rmt_storage(  527): rmt_storage_disconnect_cb: clnt_h=0x2 conn_h=0x70eca2c020
05-07 01:50:08.379 D/libEGL  (  534): loaded /vendor/lib64/egl/libGLESv1_CM_adreno.so
05-07 01:50:08.379 I/rmt_storage(  527): rmt_storage_connect_cb: clnt_h=0x3 conn_h=0x70eca2c020
05-07 01:50:08.379 I/rmt_storage(  527): rmt_storage_open_cb: found fsg req /boot/modem_fsg
05-07 01:50:08.379 D/rmt_storage(  527): open_gzfsg: b_factory=0, b_device=1, b_carrier=1
05-07 01:50:08.379 D/rmt_storage(  527): open_gzfsg: b_radio=1, b_multisim=1
05-07 01:50:08.379 D/rmt_storage(  527): GZFSG open /fsg/sanders_unknown_dsds_india.img.gz
05-07 01:50:08.381 E/rmt_storage(  527): Couldn't open /fsg/sanders_unknown_dsds_india.img.gz, trying default for product-radio
05-07 01:50:08.381 D/rmt_storage(  527): GZFSG opened final path /fsg/sanders_dsds_india.img.gz
05-07 01:50:08.381 I/rmt_storage(  527): rmt_storage_open_cb: /boot/modem_fsg: req_h=0x3 msg_id=1: Client found
05-07 01:50:08.382 I/rmt_storage(  527): rmt_storage_open_cb: /boot/modem_fsg: req_h=0x3 msg_id=1: Send response: res=0 err=0
05-07 01:50:08.382 I/rmt_storage(  527): rmt_storage_client_thread: /boot/modem_fsg: Worker thread started
05-07 01:50:08.382 I/rmt_storage(  527): wake lock name: rmt_storage_485004162288, name creation success: 24
05-07 01:50:08.383 I/rmt_storage(  527): rmt_storage_connect_cb: clnt_h=0x4 conn_h=0x70eca2c030
05-07 01:50:08.383 I/rmt_storage(  527): rmt_storage_open_cb: /boot/modem_fsc: req_h=0x4 msg_id=1: Client found
05-07 01:50:08.383 I/rmt_storage(  527): rmt_storage_client_thread: /boot/modem_fsc: Worker thread started
05-07 01:50:08.383 I/rmt_storage(  527): rmt_storage_open_cb: /boot/modem_fsc: req_h=0x4 msg_id=1: Send response: res=0 err=0
05-07 01:50:08.383 I/rmt_storage(  527): wake lock name: rmt_storage_485003121904, name creation success: 24
05-07 01:50:08.383 I/rmt_storage(  527): rmt_storage_disconnect_cb: clnt_h=0x3 conn_h=0x70eca2c020
05-07 01:50:08.384 I/rmt_storage(  527): rmt_storage_disconnect_cb: clnt_h=0x4 conn_h=0x70eca2c030
05-07 01:50:08.384 I/rmt_storage(  527): rmt_storage_connect_cb: clnt_h=0x5 conn_h=0x70eca2c030
05-07 01:50:08.384 I/rmt_storage(  527): rmt_storage_alloc_buff_cb: /boot/modem_fs1: req_h=0x5 msg_id=4: Alloc request received: Size: 0
05-07 01:50:08.384 I/rmt_storage(  527): rmt_storage_alloc_buff_cb: /boot/modem_fs1: req_h=0x5 msg_id=4: New client making a dummy request with buffer req size 0
05-07 01:50:08.384 I/rmt_storage(  527): rmt_storage_alloc_buff_cb: /boot/modem_fs1: req_h=0x5 msg_id=4: Send response: res=0 err=0
05-07 01:50:08.385 I/rmt_storage(  527): rmt_storage_connect_cb: clnt_h=0x6 conn_h=0x70eca2c020
05-07 01:50:08.385 I/rmt_storage(  527): rmt_storage_rw_iovec_cb: /boot/modem_fs1: req_h=0x6 msg_id=3: R/W request received
05-07 01:50:08.385 I/rmt_storage(  527): rw_iovec client->path = /boot/modem_fs1
05-07 01:50:08.385 I/rmt_storage(  527): wakelock acquired: 1, error no: 42
05-07 01:50:08.385 I/rmt_storage(  527): rmt_storage_disconnect_cb: clnt_h=0x5 conn_h=0x70eca2c030
05-07 01:50:08.385 I/rmt_storage(  527): rmt_storage_client_thread: /boot/modem_fs1: Unblock worker thread (th_id: 485006243056)
05-07 01:50:08.387 I/rmt_storage(  527): rmt_storage_client_thread: /boot/modem_fs1: req_h=0x6 msg_id=3: Bytes read = 512
05-07 01:50:08.387 I/rmt_storage(  527): rmt_storage_client_thread: /boot/modem_fs1: req_h=0x6 msg_id=3: Send response: res=0 err=0
05-07 01:50:08.388 I/rmt_storage(  527): rmt_storage_client_thread: /boot/modem_fs1: About to block rmt_storage client thread (th_id: 485006243056) wakelock released: 1, error no: 0
05-07 01:50:08.388 I/rmt_storage(  527): 
05-07 01:50:08.388 I/rmt_storage(  527): rmt_storage_disconnect_cb: clnt_h=0x6 conn_h=0x70eca2c020
05-07 01:50:08.388 I/rmt_storage(  527): rmt_storage_connect_cb: clnt_h=0x7 conn_h=0x70eca2c020
05-07 01:50:08.388 I/rmt_storage(  527): rmt_storage_rw_iovec_cb: /boot/modem_fs2: req_h=0x7 msg_id=3: R/W request received
05-07 01:50:08.388 I/rmt_storage(  527): rw_iovec client->path = /boot/modem_fs2
05-07 01:50:08.388 I/rmt_storage(  527): wakelock acquired: 1, error no: 42
05-07 01:50:08.388 I/rmt_storage(  527): rmt_storage_client_thread: /boot/modem_fs2: Unblock worker thread (th_id: 485005202672)
05-07 01:50:08.389 I/rmt_storage(  527): rmt_storage_client_thread: /boot/modem_fs2: req_h=0x7 msg_id=3: Bytes read = 512
05-07 01:50:08.389 I/rmt_storage(  527): rmt_storage_client_thread: /boot/modem_fs2: req_h=0x7 msg_id=3: Send response: res=0 err=0
05-07 01:50:08.389 I/rmt_storage(  527): rmt_storage_client_thread: /boot/modem_fs2: About to block rmt_storage client thread (th_id: 485005202672) wakelock released: 1, error no: 0
05-07 01:50:08.389 I/rmt_storage(  527): 
05-07 01:50:08.389 I/rmt_storage(  527): rmt_storage_disconnect_cb: clnt_h=0x7 conn_h=0x70eca2c020
05-07 01:50:08.391 I/rmt_storage(  527): rmt_storage_connect_cb: clnt_h=0x8 conn_h=0x70eca2c020
05-07 01:50:08.391 I/rmt_storage(  527): rmt_storage_rw_iovec_cb: /boot/modem_fs2: req_h=0x8 msg_id=3: R/W request received
05-07 01:50:08.391 I/rmt_storage(  527): rw_iovec client->path = /boot/modem_fs2
05-07 01:50:08.391 I/rmt_storage(  527): wakelock acquired: 1, error no: 42
05-07 01:50:08.391 I/rmt_storage(  527): rmt_storage_client_thread: /boot/modem_fs2: Unblock worker thread (th_id: 485005202672)
05-07 01:50:08.394 I/ServiceManager(  620): Waiting for service 'package_native' on '/dev/binder'...
05-07 01:50:08.395 W/SDM     (  509): HWEvents::InitializePollFd: open failed for display=0 event=idle_power_collapse, error=No such file or directory
05-07 01:50:08.396 I/SDM     (  509): HWCDisplay::Init: Display created with id: 0
05-07 01:50:08.396 E/SDM     (  509): DisplayBase::GetColorModeAttr: Failed: Mode hal_srgb without attribute
05-07 01:50:08.396 E/SDM     (  509): DisplayBase::GetColorModeAttr: Failed: Mode hal_adobe without attribute
05-07 01:50:08.396 E/SDM     (  509): DisplayBase::GetColorModeAttr: Failed: Mode hal_native without attribute
05-07 01:50:08.396 E/SDM     (  509): DisplayBase::GetColorModeAttr: Failed: Mode hal_night_a without attribute
05-07 01:50:08.396 D/audio_hw_primary(  502): adev_open: enter
05-07 01:50:08.396 E/SDM     (  509): DisplayBase::GetColorModeAttr: Failed: Mode hal_night_b without attribute
05-07 01:50:08.396 E/SDM     (  509): DisplayBase::GetColorModeAttr: Failed: Mode hal_night_c without attribute
05-07 01:50:08.396 E/SDM     (  509): DisplayBase::GetColorModeAttr: Failed: Mode hal_night_d without attribute
05-07 01:50:08.396 E/SDM     (  509): DisplayBase::GetColorModeAttr: Failed: Mode hal_night_e without attribute
05-07 01:50:08.396 E/SDM     (  509): DisplayBase::GetColorModeAttr: Failed: Mode hal_night_f without attribute
05-07 01:50:08.396 E/SDM     (  509): DisplayBase::GetColorModeAttr: Failed: Mode hal_night_g without attribute
05-07 01:50:08.396 E/SDM     (  509): DisplayBase::GetColorModeAttr: Failed: Mode hal_night_h without attribute
