06-04 04:42:24.786 I/tftp_server(  528): pid=528 tid=528 tftp-server : INF :[tftp_os_la.c, 121] mkdir failed: [17] [/data/vendor/tombstones/rfs/lpass] [File exists]
06-04 04:42:24.786 I/tftp_server(  528): pid=528 tid=528 tftp-server : INF :[tftp_os_la.c, 141] chown failed: [1] [/data/vendor/tombstones/rfs/lpass] [Operation not permitted]
06-04 04:42:24.786 I/tftp_server(  528): pid=528 tid=528 tftp-server : INF :[tftp_os_la.c, 141] chown failed: [1] [/data/vendor/tombstones/rfs/lpass] [Operation not permitted]
06-04 04:42:24.786 I/tftp_server(  528): pid=528 tid=528 tftp-server : INF :[tftp_os_la.c, 121] mkdir failed: [17] [/data/vendor/tombstones/rfs/lpass/] [File exists]
06-04 04:42:24.786 I/tftp_server(  528): pid=528 tid=528 tftp-server : INF :[tftp_os_la.c, 141] chown failed: [1] [/data/vendor/tombstones/rfs/lpass/] [Operation not permitted]
06-04 04:42:24.786 D/nxpnfc@1.0-service(  513): NFC service is ready
06-04 04:42:24.787 I/android.hardware.power@1.0-service(  514): Registration complete for android.hardware.power@1.0::IPower/default.
06-04 04:42:24.791 I/tftp_server(  528): pid=528 tid=528 tftp-server : INF :[tftp_os_la.c, 121] mkdir failed: [17] [/data/vendor/tombstones/rfs/tn] [File exists]
06-04 04:42:24.791 I/tftp_server(  528): pid=528 tid=528 tftp-server : INF :[tftp_os_la.c, 141] chown failed: [1] [/data/vendor/tombstones/rfs/tn] [Operation not permitted]
06-04 04:42:24.791 I/tftp_server(  528): pid=528 tid=528 tftp-server : INF :[tftp_os_la.c, 141] chown failed: [1] [/data/vendor/tombstones/rfs/tn] [Operation not permitted]
06-04 04:42:24.791 I/tftp_server(  528): pid=528 tid=528 tftp-server : INF :[tftp_os_la.c, 121] mkdir failed: [17] [/data/vendor/tombstones/rfs/tn/] [File exists]
06-04 04:42:24.791 I/tftp_server(  528): pid=528 tid=528 tftp-server : INF :[tftp_os_la.c, 141] chown failed: [1] [/data/vendor/tombstones/rfs/tn/] [Operation not permitted]
06-04 04:42:24.793 I/tftp_server(  528): pid=528 tid=528 tftp-server : INF :[tftp_os_la.c, 121] mkdir failed: [17] [/data/vendor/tombstones/rfs/slpi] [File exists]
06-04 04:42:24.793 I/tftp_server(  528): pid=528 tid=528 tftp-server : INF :[tftp_os_la.c, 141] chown failed: [1] [/data/vendor/tombstones/rfs/slpi] [Operation not permitted]
06-04 04:42:24.793 I/tftp_server(  528): pid=528 tid=528 tftp-server : INF :[tftp_os_la.c, 141] chown failed: [1] [/data/vendor/tombstones/rfs/slpi] [Operation not permitted]
06-04 04:42:24.793 I/tftp_server(  528): pid=528 tid=528 tftp-server : INF :[tftp_os_la.c, 121] mkdir failed: [17] [/data/vendor/tombstones/rfs/slpi/] [File exists]
06-04 04:42:24.793 I/tftp_server(  528): pid=528 tid=528 tftp-server : INF :[tftp_os_la.c, 141] chown failed: [1] [/data/vendor/tombstones/rfs/slpi/] [Operation not permitted]
06-04 04:42:24.793 I/tftp_server(  528): pid=528 tid=528 tftp-server : INF :[tftp_os_la.c, 121] mkdir failed: [17] [/persist/rfs/shared] [File exists]
06-04 04:42:24.793 I/tftp_server(  528): pid=528 tid=528 tftp-server : INF :[tftp_os_la.c, 121] mkdir failed: [17] [/persist/rfs/shared/] [File exists]
06-04 04:42:24.793 I/tftp_server(  528): pid=528 tid=528 tftp-server : INF :[tftp_os_la.c, 121] mkdir failed: [17] [/persist/rfs/msm/mpss] [File exists]
06-04 04:42:24.793 I/tftp_server(  528): pid=528 tid=528 tftp-server : INF :[tftp_os_la.c, 121] mkdir failed: [17] [/persist/rfs/msm/mpss/] [File exists]
06-04 04:42:24.793 I/tftp_server(  528): pid=528 tid=528 tftp-server : INF :[tftp_os_la.c, 121] mkdir failed: [17] [/persist/rfs/msm/adsp] [File exists]
06-04 04:42:24.793 I/tftp_server(  528): pid=528 tid=528 tftp-server : INF :[tftp_os_la.c, 121] mkdir failed: [17] [/persist/rfs/msm/adsp/] [File exists]
06-04 04:42:24.793 I/tftp_server(  528): pid=528 tid=528 tftp-server : INF :[tftp_os_la.c, 121] mkdir failed: [17] [/persist/rfs/msm/slpi] [File exists]
06-04 04:42:24.793 I/tftp_server(  528): pid=528 tid=528 tftp-server : INF :[tftp_os_la.c, 121] mkdir failed: [17] [/persist/rfs/msm/slpi/] [File exists]
06-04 04:42:24.793 I/tftp_server(  528): pid=528 tid=528 tftp-server : INF :[tftp_os_la.c, 121] mkdir failed: [17] [/persist/rfs/mdm/mpss] [File exists]
06-04 04:42:24.793 I/tftp_server(  528): pid=528 tid=528 tftp-server : INF :[tftp_os_la.c, 121] mkdir failed: [17] [/persist/rfs/mdm/mpss/] [File exists]
06-04 04:42:24.793 I/tftp_server(  528): pid=528 tid=528 tftp-server : INF :[tftp_os_la.c, 121] mkdir failed: [17] [/persist/rfs/mdm/adsp] [File exists]
06-04 04:42:24.793 I/tftp_server(  528): pid=528 tid=528 tftp-server : INF :[tftp_os_la.c, 121] mkdir failed: [17] [/persist/rfs/mdm/adsp/] [File exists]
06-04 04:42:24.793 I/tftp_server(  528): pid=528 tid=528 tftp-server : INF :[tftp_os_la.c, 121] mkdir failed: [17] [/persist/rfs/mdm/slpi] [File exists]
06-04 04:42:24.793 I/tftp_server(  528): pid=528 tid=528 tftp-server : INF :[tftp_os_la.c, 121] mkdir failed: [17] [/persist/rfs/mdm/slpi/] [File exists]
06-04 04:42:24.793 I/tftp_server(  528): pid=528 tid=528 tftp-server : INF :[tftp_os_la.c, 121] mkdir failed: [17] [/persist/rfs/mdm/tn] [File exists]
06-04 04:42:24.793 I/tftp_server(  528): pid=528 tid=528 tftp-server : INF :[tftp_os_la.c, 121] mkdir failed: [17] [/persist/rfs/mdm/tn/] [File exists]
06-04 04:42:24.793 I/tftp_server(  528): pid=528 tid=528 tftp-server : INF :[tftp_os_la.c, 121] mkdir failed: [17] [/persist/rfs/apq/gnss] [File exists]
06-04 04:42:24.793 I/tftp_server(  528): pid=528 tid=528 tftp-server : INF :[tftp_os_la.c, 121] mkdir failed: [17] [/persist/rfs/apq/gnss/] [File exists]
06-04 04:42:24.793 I/tftp_server(  528): pid=528 tid=528 tftp-server : INF :[tftp_os_la.c, 121] mkdir failed: [17] [/persist/hlos_rfs/shared] [File exists]
06-04 04:42:24.793 I/tftp_server(  528): pid=528 tid=528 tftp-server : INF :[tftp_os_la.c, 121] mkdir failed: [17] [/persist/hlos_rfs/shared/] [File exists]
06-04 04:42:24.804 I/LocSvc_HIDL_vendor.qti.gnss@1.0-service(  522): main
06-04 04:42:24.806 W/hwservicemanager(  463): getTransport: Cannot find entry android.hardware.gnss@1.1::IGnss/default in either framework or device manifest.
06-04 04:42:24.806 E/LocSvc_HIDL_vendor.qti.gnss@1.0-service(  522): Could not get passthrough implementation for android.hardware.gnss@1.1::IGnss/default.
06-04 04:42:24.806 W/LocSvc_HIDL_vendor.qti.gnss@1.0-service(  522): Failed to register IGnss 1.1 service: 1, try IGnss 1.0
06-04 04:42:24.807 D/vndksupport(  522): Loading /vendor/lib64/hw/android.hardware.gnss@1.0-impl-qti.so from current namespace instead of sphal namespace.
06-04 04:42:24.821 D/vndksupport(  502): Loading /vendor/lib/hw/android.hardware.audio@4.0-impl.so from current namespace instead of sphal namespace.
06-04 04:42:24.824 I/android.hardware.wifi@1.0-service(  519): Wifi Hal is booting up...
06-04 04:42:24.825 I/ServiceManagement(  519): Removing namespace from process name android.hardware.wifi@1.0-service to wifi@1.0-service.
06-04 04:42:24.827 W//vendor/bin/hw/android.hardware.configstore@1.1-service(  505): libminijail[505]: allowing syscall: connect
06-04 04:42:24.827 W//vendor/bin/hw/android.hardware.configstore@1.1-service(  505): libminijail[505]: allowing syscall: fcntl
06-04 04:42:24.827 W//vendor/bin/hw/android.hardware.configstore@1.1-service(  505): libminijail[505]: allowing syscall: sendto
06-04 04:42:24.827 W//vendor/bin/hw/android.hardware.configstore@1.1-service(  505): libminijail[505]: allowing syscall: socket
06-04 04:42:24.827 W//vendor/bin/hw/android.hardware.configstore@1.1-service(  505): libminijail[505]: allowing syscall: writev
06-04 04:42:24.838 E/PerMgrProxy(  562): Starting pm-proxy service
06-04 04:42:24.839 I/PerMgrProxy(  562): Found internal modem
06-04 04:42:24.840 D/PerMgrSrv(  529): modem state: is off-line, add client PM-PROXY-THREAD
06-04 04:42:24.840 D/PerMgrSrv(  529): PM-PROXY-THREAD registered
06-04 04:42:24.840 D/PerMgrLib(  562): PM-PROXY-THREAD successfully registered for modem
06-04 04:42:24.840 I/PerMgrProxy(  562): pm-proxy-thread Voting for internal modem
06-04 04:42:24.840 D/PerMgrLib(  562): PM-PROXY-THREAD voting for modem
06-04 04:42:24.840 D/PerMgrSrv(  529): PM-PROXY-THREAD voting for modem
06-04 04:42:24.840 D/PerMgrSrv(  529): modem new state: going on-line
06-04 04:42:24.840 D/PerMgrSrv(  529): modem num voters is 1
06-04 04:42:24.841 W//vendor/bin/hw/android.hardware.configstore@1.1-service(  505): libminijail[505]: logging seccomp filter failures
06-04 04:42:24.841 I/ServiceManagement(  505): Removing namespace from process name android.hardware.configstore@1.1-service to configstore@1.1-service.
06-04 04:42:24.842 I/Netd    (  492): Initializing XfrmController: 58.7ms
06-04 04:42:24.844 E/Netd    (  492): Unable to create netlink socket: Protocol not supported
06-04 04:42:24.844 W/Netd    (  492): Unable to open qlog quota socket, check if xt_quota2 can send via UeventHandler
06-04 04:42:24.844 D/MDnsDS  (  492): MDnsSdListener::Hander starting up
06-04 04:42:24.844 D/MDnsDS  (  492): MDnsSdListener starting to monitor
06-04 04:42:24.844 D/MDnsDS  (  492): Going to poll with pollCount 1
06-04 04:42:24.845 I/adbd    (  561): initializing functionfs
06-04 04:42:24.845 I/adbd    (  561): opening control endpoint /dev/usb-ffs/adb/ep0
06-04 04:42:24.845 I/ServiceManagement(  506): Removing namespace from process name android.hardware.drm@1.0-service to drm@1.0-service.
06-04 04:42:24.846 I/Netd    (  492): Registering NetdNativeService: 1.8ms
06-04 04:42:24.846 I/Netd    (  492): Starting CommandListener: 0.1ms
06-04 04:42:24.847 I/android.hardware.drm@1.0-service(  506): Registration complete for android.hardware.drm@1.0::IDrmFactory/default.
06-04 04:42:24.849 D/vndksupport(  506): Loading /vendor/lib/hw/android.hardware.drm@1.0-impl.so from current namespace instead of sphal namespace.
06-04 04:42:24.850 I/Netd    (  492): Registering NetdHwService: 3.6ms
06-04 04:42:24.850 I/Netd    (  492): Netd started in 313ms
06-04 04:42:24.850 I/ServiceManagement(  506): Removing namespace from process name android.hardware.drm@1.0-service to drm@1.0-service.
06-04 04:42:24.851 I/android.hardware.drm@1.0-service(  506): Registration complete for android.hardware.drm@1.0::ICryptoFactory/default.
06-04 04:42:24.854 I/ssr_setup(  563): Using persist.sys.ssr.restart_level for ssr_setup
06-04 04:42:24.855 I/ssr_setup(  563): Enabling SSR for subsys0
06-04 04:42:24.855 I/ssr_setup(  563): Enabling SSR for subsys1
06-04 04:42:24.855 I/ssr_setup(  563): Enabling SSR for subsys2
06-04 04:42:24.855 I/ssr_setup(  563): Enabling SSR for subsys3
06-04 04:42:24.855 I/ssr_setup(  563): Enabling SSR for subsys4
06-04 04:42:24.856 I/adbd    (  561): functionfs successfully initialized
06-04 04:42:24.856 I/adbd    (  561): registering usb transport
06-04 04:42:24.858 I/LocSvc_HIDL_vendor.qti.gnss@1.0-service(  522): Registration complete for android.hardware.gnss@1.0::IGnss/default.
06-04 04:42:24.859 D/vndksupport(  522): Loading /vendor/lib64/hw/vendor.qti.gnss@1.0-impl.so from current namespace instead of sphal namespace.
06-04 04:42:24.868 I/ServiceManagement(  502): Removing namespace from process name android.hardware.audio@2.0-service to audio@2.0-service.
06-04 04:42:24.870 I/audiohalservice(  502): Registration complete for android.hardware.audio@4.0::IDevicesFactory/default.
06-04 04:42:24.873 D/vndksupport(  502): Loading /vendor/lib/hw/android.hardware.audio.effect@4.0-impl.so from current namespace instead of sphal namespace.
06-04 04:42:24.880 I/QISL    (  539): QSEE Interrupt Service Listener was activated successfully
06-04 04:42:24.880 D/QSEECOMD: (  539): Init qisl_start ret = 0
06-04 04:42:24.880 D/QSEECOMD: (  539): interrupt services: Started (Listener ID = 36864)
06-04 04:42:24.880 E/QSEECOMD: (  539): Listener: index = 7, hierarchy = 1
06-04 04:42:24.880 E/QSEECOMD: (  539): Init dlopen(libspl.so, RLTD_NOW) is failed.... dlopen failed: library "libspl.so" not found
06-04 04:42:24.880 E/QSEECOMD: (  539): Listener: index = 8, hierarchy = 1
06-04 04:42:24.888 E//vendor/bin/adsprpcd(  597): vendor/qcom/proprietary/commonsys-intf/adsprpc/src/adsprpcd.c:29:adsp daemon starting
06-04 04:42:24.897 D/QSEECOMD: (  539): Init dlopen(libGPreqcancel.so, RTLD_NOW) succeeds
06-04 04:42:24.898 D/QSEECOMD: (  539): Init::Init dlsym(g_FSHandle gp_reqcancel_start) succeeds
06-04 04:42:24.898 D/QSEECOMAPI(  539): QSEECom_register_listener 4352 sb_length = 0x5000
06-04 04:42:24.912 D/QSEECOMD: (  539): Init gp_reqcancel_start ret = 0
06-04 04:42:24.912 D/QSEECOMD: (  539): gp request cancellation services: Started (Listener ID = 4352)
06-04 04:42:24.924 E/Diag_Lib(  598): qpLogDiagInit <== result : 1
06-04 04:42:24.925 E/Diag_Lib(  598): QMID : gIsQXDMDisabled 0, gIsADBDisabled 1, gIsDebugDisabled 0, gIsIMSLogsDisabled 0
06-04 04:42:24.925 E/Diag_Lib(  598): [IMS_QMID] |imsqmiserver.c | 541 | QMID#$$#0#QMI DAEMON STARTED
06-04 04:42:24.926 D//vendor/bin/adsprpcd(  597): vendor/qcom/proprietary/commonsys-intf/adsprpc/src/fastrpc_apps_user.c:1561: Error: Device node open failed for domain 0 (errno Operation not permitted)
06-04 04:42:24.926 D//vendor/bin/adsprpcd(  597): vendor/qcom/proprietary/commonsys-intf/adsprpc/src/fastrpc_apps_user.c:1858: Error 0x57: apps_dev_init failed. domain 0, errno Operation not permitted
06-04 04:42:24.926 D//vendor/bin/adsprpcd(  597): vendor/qcom/proprietary/commonsys-intf/adsprpc/src/fastrpc_apps_user.c:1950: Error 57: open dev -1 for domain 0 failed
06-04 04:42:24.926 D//vendor/bin/adsprpcd(  597): vendor/qcom/proprietary/commonsys-intf/adsprpc/src/fastrpc_apps_user.c:896: Error 2c: remote handle invoke failed. domain 0, handle ffffffff, sc 0, pra 0x0
06-04 04:42:24.926 E//vendor/bin/adsprpcd(  597): vendor/qcom/proprietary/commonsys-intf/adsprpc/src/adsprpcd.c:43:adsp daemon will restart after 25ms...
06-04 04:42:24.950 D/QSEECOMD: (  539): QSEECOM DAEMON RUNNING 
06-04 04:42:24.951 I/audiohalservice(  502): Registration complete for android.hardware.audio.effect@4.0::IEffectsFactory/default.
06-04 04:42:24.951 W/hwservicemanager(  463): getTransport: Cannot find entry android.hardware.soundtrigger@2.1::ISoundTriggerHw/default in either framework or device manifest.
06-04 04:42:24.953 D//vendor/bin/adsprpcd(  597): vendor/qcom/proprietary/commonsys-intf/adsprpc/src/fastrpc_apps_user.c:1561: Error: Device node open failed for domain 0 (errno Operation not permitted)
06-04 04:42:24.953 D//vendor/bin/adsprpcd(  597): vendor/qcom/proprietary/commonsys-intf/adsprpc/src/fastrpc_apps_user.c:1858: Error 0x57: apps_dev_init failed. domain 0, errno Operation not permitted
06-04 04:42:24.953 D//vendor/bin/adsprpcd(  597): vendor/qcom/proprietary/commonsys-intf/adsprpc/src/fastrpc_apps_user.c:1950: Error 57: open dev -1 for domain 0 failed
06-04 04:42:24.953 D//vendor/bin/adsprpcd(  597): vendor/qcom/proprietary/commonsys-intf/adsprpc/src/fastrpc_apps_user.c:896: Error 2c: remote handle invoke failed. domain 0, handle ffffffff, sc 0, pra 0x0
06-04 04:42:24.953 E//vendor/bin/adsprpcd(  597): vendor/qcom/proprietary/commonsys-intf/adsprpc/src/adsprpcd.c:43:adsp daemon will restart after 25ms...
06-04 04:42:24.953 I/ThermalEngine(  595): Throttling daemon started
06-04 04:42:24.955 I/ThermalEngine(  595): No target config file, falling back to '/vendor/etc/thermal-engine.conf'
06-04 04:42:24.955 I/ThermalEngine(  595): devices_manager_init: Init
06-04 04:42:24.955 I/ThermalEngine(  595): Number of gpus :1
06-04 04:42:24.955 I/Thermal-IOCTL(  595): KTM IOCTL interface "/dev/msm_thermal_query" opened
06-04 04:42:24.955 I/ThermalEngine(  595): update_cpu_topology: Cluster Info[0]. Cluster Id: 0 cpu_bits:0xf sync:1
06-04 04:42:24.955 I/ThermalEngine(  595): update_cpu_topology: Cluster Info[1]. Cluster Id: 1 cpu_bits:0xf0 sync:1
06-04 04:42:24.957 E/QMI_FW  (  595): QMUXD: WARNING qmi_qmux_if_pwr_up_init failed! rc=-6
06-04 04:42:24.957 I/ThermalEngine(  595): vdd_rstr_init: Init KTM VDD RSTR enabled: 0
06-04 04:42:24.959 E/audiohalservice(  502): Could not get passthrough implementation for android.hardware.soundtrigger@2.1::ISoundTriggerHw/default.
06-04 04:42:24.960 W/hwservicemanager(  463): getTransport: Cannot find entry android.hardware.soundtrigger@2.0::ISoundTriggerHw/default in either framework or device manifest.
06-04 04:42:24.960 E/audiohalservice(  502): Could not get passthrough implementation for android.hardware.soundtrigger@2.0::ISoundTriggerHw/default.
06-04 04:42:24.960 I/installd(  609): installd firing up
06-04 04:42:24.960 W/audiohalservice(  502): Could not register soundtrigger API 2.0 nor 2.1
06-04 04:42:24.961 W/hwservicemanager(  463): getTransport: Cannot find entry android.hardware.bluetooth.a2dp@1.0::IBluetoothAudioOffload/default in either framework or device manifest.
06-04 04:42:24.961 E/audiohalservice(  502): Could not get passthrough implementation for android.hardware.bluetooth.a2dp@1.0::IBluetoothAudioOffload/default.
06-04 04:42:24.961 W/audiohalservice(  502): Could not register Bluetooth audio offload 1.0
06-04 04:42:24.963 I/PerfDaemon(  617): PerfDaemon is starting.
06-04 04:42:24.966 I/wcnss_service(  596): dynamic nv only for QRD platform, current platform:MTP.
06-04 04:42:24.966 E/wcnss_service(  596): Serial Number is  326aca8c
06-04 04:42:24.966 E/wcnss_service(  596): Failed to write to /dev/wcnss_ctrl : Invalid argument
06-04 04:42:24.967 W/KHUNG   (  631):  Khung is not enabled for msm8953
06-04 04:42:24.974 D/QC-time-services(  629): Daemon:genoff_pre_init::Base = 0
06-04 04:42:24.974 D/QC-time-services(  629): Daemon:ats_rtc_init: Time read from RTC -- year = 70, month = 5,day = 3
06-04 04:42:24.978 D/QSEECOMAPI(  507): QSEECom_get_handle sb_length = 0xa000
06-04 04:42:24.978 D/QSEECOMAPI(  507): App is already loaded QSEE and app id = 65537
06-04 04:42:24.981 W/KHUNG   (  642):  Khung is not enabled for msm8953
06-04 04:42:24.984 I/SDM     (  509): HWCSession::StartServices: IDisplayConfig service registration completed.
06-04 04:42:24.985 I/ThermalEngine(  595): sensors_manager_init: Init
06-04 04:42:24.985 D/vndksupport(  509): Loading /vendor/lib64/hw/gralloc.msm8953.so from current namespace instead of sphal namespace.
06-04 04:42:24.989 D/QC-time-services(  629): Daemon ats_rtc_init: seconds = 13302744
06-04 04:42:24.989 D/QC-time-services(  629): Daemon:Value read from RTC seconds = 13302744000
06-04 04:42:24.989 D/QC-time-services(  629): Daemon:genoff_init_config: ATS_RTC initialized with rc: 0
06-04 04:42:24.989 D/QC-time-services(  629): Daemon:genoff_pre_init::Base = 1
06-04 04:42:24.989 D/QC-time-services(  629): Daemon: Storage Name: ats_1 
06-04 04:42:24.989 D/QC-time-services(  629): Daemon:Opening File: /mnt/vendor/persist/time/ats_1 /data/vendor/time/ats_1
06-04 04:42:24.989 D/QC-time-services(  629): Daemon:time_persistent_memory_opr:Genoff Read operation 
06-04 04:42:24.990 W/KHUNG   (  636):  Khung is not enabled for msm8953
06-04 04:42:24.993 I/Magisk  (  483): ** late_start service mode running
06-04 04:42:24.994 I/Magisk  (  483): * Running service.d scripts
06-04 04:42:25.000 W/KHUNG   (  652):  Khung is not enabled for msm8953
06-04 04:42:25.000 D/QCALOG  (  638): [location-mq] SRV Socket-Opend
06-04 04:42:25.007 D/QC-time-services(  629): Daemon:Open File: /data/vendor/time/ats_1
06-04 04:42:25.008 D/QC-time-services(  629): Daemon:genoff_pre_init::Base = 2
06-04 04:42:25.008 D/QC-time-services(  629): Daemon: Storage Name: ats_2 
06-04 04:42:25.008 D/QC-time-services(  629): Daemon:Opening File: /mnt/vendor/persist/time/ats_2 /data/vendor/time/ats_2
06-04 04:42:25.008 D/QC-time-services(  629): Daemon:time_persistent_memory_opr:Genoff Read operation 
06-04 04:42:25.008 I/Magisk  (  483): * Running module service scripts
06-04 04:42:25.026 E/ThermalEngine(  595): bcl_setup: Error opening /sys/devices/soc/soc:qcom,bcl/iavail
06-04 04:42:25.026 E/ThermalEngine(  595): add_tgt_sensor: bcl sensor setup failed failed.
06-04 04:42:25.026 E/ThermalEngine(  595): add_tgt_sensors_set: Error adding bcl
06-04 04:42:25.026 E/ThermalEngine(  595): sensors_init: Error adding BCL TS
06-04 04:42:25.026 E/ThermalEngine(  595): sysfs_setup: opening /sys/class/power_supply/battery/capacity
06-04 04:42:25.026 E/ThermalEngine(  595): sysfs_setup: found sensor cluster0: cluster id = 0
06-04 04:42:25.026 E/ThermalEngine(  595): sysfs_setup: found sensor cluster1: cluster id = 1
06-04 04:42:25.026 E/ThermalEngine(  595): sysfs_setup: opening /sys/class/power_supply/battery/charge_rate
06-04 04:42:25.027 E/ThermalEngine(  595): sysfs_setup: Error: path /sys/class/power_supply/usbeb/present does not exist
06-04 04:42:25.027 E/ThermalEngine(  595): add_tgt_sensor: usbeb sensor setup failed failed.
06-04 04:42:25.027 E/ThermalEngine(  595): add_tgt_sensors_set: Error adding usbeb
06-04 04:42:25.027 E/ThermalEngine(  595): sensors_init: Error adding GEN TS
06-04 04:42:25.028 D/QC-time-services(  629): Daemon:Open File: /data/vendor/time/ats_2
06-04 04:42:25.028 D/QC-time-services(  629): Daemon:genoff_pre_init::Base = 3
06-04 04:42:25.028 D/QC-time-services(  629): Daemon: Storage Name: ats_3 
06-04 04:42:25.028 D/QC-time-services(  629): Daemon:Opening File: /mnt/vendor/persist/time/ats_3 /data/vendor/time/ats_3
06-04 04:42:25.028 D/QC-time-services(  629): Daemon:time_persistent_memory_opr:Genoff Read operation 
06-04 04:42:25.028 D/QC-time-services(  629): Daemon:Open File: /data/vendor/time/ats_3
06-04 04:42:25.028 D/QC-time-services(  629): Daemon:Unable to open filefor read
06-04 04:42:25.028 D/QC-time-services(  629): Daemon:genoff_post_init:Error in accessing storage
06-04 04:42:25.028 D/QC-time-services(  629): Daemon:genoff_pre_init::Base = 4
06-04 04:42:25.028 D/QC-time-services(  629): Daemon: Storage Name: ats_4 
06-04 04:42:25.029 D/QC-time-services(  629): Daemon:Opening File: /mnt/vendor/persist/time/ats_4 /data/vendor/time/ats_4
06-04 04:42:25.029 D/QC-time-services(  629): Daemon:time_persistent_memory_opr:Genoff Read operation 
06-04 04:42:25.029 D/QC-time-services(  629): Daemon:Open File: /data/vendor/time/ats_4
06-04 04:42:25.029 D/QC-time-services(  629): Daemon:Unable to open filefor read
06-04 04:42:25.029 D/QC-time-services(  629): Daemon:genoff_post_init:Error in accessing storage
06-04 04:42:25.029 D/QC-time-services(  629): Daemon:genoff_pre_init::Base = 5
06-04 04:42:25.029 D/QC-time-services(  629): Daemon: Storage Name: ats_5 
06-04 04:42:25.029 D/QC-time-services(  629): Daemon:Opening File: /mnt/vendor/persist/time/ats_5 /data/vendor/time/ats_5
06-04 04:42:25.029 D/QC-time-services(  629): Daemon:time_persistent_memory_opr:Genoff Read operation 
06-04 04:42:25.029 D/QC-time-services(  629): Daemon:Open File: /data/vendor/time/ats_5
06-04 04:42:25.029 D/QC-time-services(  629): Daemon:Unable to open filefor read
06-04 04:42:25.029 D/QC-time-services(  629): Daemon:genoff_post_init:Error in accessing storage
06-04 04:42:25.029 D/QC-time-services(  629): Daemon:genoff_pre_init::Base = 6
06-04 04:42:25.029 D/QC-time-services(  629): Daemon: Storage Name: ats_6 
06-04 04:42:25.029 D/QC-time-services(  629): Daemon:Opening File: /mnt/vendor/persist/time/ats_6 /data/vendor/time/ats_6
06-04 04:42:25.029 D/QC-time-services(  629): Daemon:time_persistent_memory_opr:Genoff Read operation 
06-04 04:42:25.029 D/QC-time-services(  629): Daemon:Open File: /data/vendor/time/ats_6
06-04 04:42:25.029 D/QC-time-services(  629): Daemon:Unable to open filefor read
06-04 04:42:25.029 D/QC-time-services(  629): Daemon:genoff_post_init:Error in accessing storage
06-04 04:42:25.029 D/QC-time-services(  629): Daemon:genoff_pre_init::Base = 7
06-04 04:42:25.029 D/QC-time-services(  629): Daemon: Storage Name: ats_7 
06-04 04:42:25.029 D/QC-time-services(  629): Daemon:Opening File: /mnt/vendor/persist/time/ats_7 /data/vendor/time/ats_7
06-04 04:42:25.029 D/QC-time-services(  629): Daemon:time_persistent_memory_opr:Genoff Read operation 
06-04 04:42:25.029 D/QC-time-services(  629): Daemon:Open File: /data/vendor/time/ats_7
06-04 04:42:25.029 D/QC-time-services(  629): Daemon:Unable to open filefor read
06-04 04:42:25.029 D/QC-time-services(  629): Daemon:genoff_post_init:Error in accessing storage
06-04 04:42:25.029 D/QC-time-services(  629): Daemon:genoff_pre_init::Base = 8
06-04 04:42:25.029 D/QC-time-services(  629): Daemon: Storage Name: ats_8 
06-04 04:42:25.029 D/QC-time-services(  629): Daemon:Opening File: /mnt/vendor/persist/time/ats_8 /data/vendor/time/ats_8
06-04 04:42:25.029 D/QC-time-services(  629): Daemon:time_persistent_memory_opr:Genoff Read operation 
06-04 04:42:25.029 D/QC-time-services(  629): Daemon:Open File: /data/vendor/time/ats_8
06-04 04:42:25.029 D/QC-time-services(  629): Daemon:Unable to open filefor read
06-04 04:42:25.029 E/ThermalEngine(  595): No hwmon device found in the kernel for sensor tmp108
06-04 04:42:25.029 D/QC-time-services(  629): Daemon:genoff_post_init:Error in accessing storage
06-04 04:42:25.029 D/QC-time-services(  629): Daemon:genoff_pre_init::Base = 9
06-04 04:42:25.029 E/ThermalEngine(  595): add_tgt_sensor: tmp108 sensor setup failed failed.
06-04 04:42:25.029 D/QC-time-services(  629): Daemon: Storage Name: ats_9 
06-04 04:42:25.029 E/ThermalEngine(  595): add_tgt_sensors_set: Error adding tmp108
06-04 04:42:25.029 D/QC-time-services(  629): Daemon:Opening File: /mnt/vendor/persist/time/ats_9 /data/vendor/time/ats_9
06-04 04:42:25.029 E/ThermalEngine(  595): sensors_init: Error adding HWMON TS
06-04 04:42:25.029 D/QC-time-services(  629): Daemon:time_persistent_memory_opr:Genoff Read operation 
06-04 04:42:25.029 D/QC-time-services(  629): Daemon:Open File: /data/vendor/time/ats_9
06-04 04:42:25.029 D/QC-time-services(  629): Daemon:Unable to open filefor read
06-04 04:42:25.029 D/QC-time-services(  629): Daemon:genoff_post_init:Error in accessing storage
06-04 04:42:25.029 D/QC-time-services(  629): Daemon:genoff_pre_init::Base = 10
06-04 04:42:25.029 D/QC-time-services(  629): Daemon: Storage Name: ats_10 
06-04 04:42:25.029 D/QC-time-services(  629): Daemon:Opening File: /mnt/vendor/persist/time/ats_10 /data/vendor/time/ats_10
06-04 04:42:25.029 D/QC-time-services(  629): Daemon:time_persistent_memory_opr:Genoff Read operation 
06-04 04:42:25.029 D/QC-time-services(  629): Daemon:Open File: /data/vendor/time/ats_10
06-04 04:42:25.029 D/QC-time-services(  629): Daemon:Unable to open filefor read
06-04 04:42:25.029 D/QC-time-services(  629): Daemon:genoff_post_init:Error in accessing storage
06-04 04:42:25.029 D/QC-time-services(  629): Daemon:genoff_pre_init::Base = 11
06-04 04:42:25.029 D/QC-time-services(  629): Daemon: Storage Name: ats_11 
06-04 04:42:25.029 D/QC-time-services(  629): Daemon:Opening File: /mnt/vendor/persist/time/ats_11 /data/vendor/time/ats_11
06-04 04:42:25.029 D/QC-time-services(  629): Daemon:time_persistent_memory_opr:Genoff Read operation 
06-04 04:42:25.029 D/QC-time-services(  629): Daemon:Open File: /data/vendor/time/ats_11
06-04 04:42:25.029 D/QC-time-services(  629): Daemon:Unable to open filefor read
06-04 04:42:25.029 D/QC-time-services(  629): Daemon:genoff_post_init:Error in accessing storage
06-04 04:42:25.029 D/QC-time-services(  629): Daemon:genoff_pre_init::Base = 12
06-04 04:42:25.029 D/QC-time-services(  629): Daemon: Storage Name: ats_12 
06-04 04:42:25.029 D/QC-time-services(  629): Daemon:Opening File: /mnt/vendor/persist/time/ats_12 /data/vendor/time/ats_12
06-04 04:42:25.029 D/QC-time-services(  629): Daemon:time_persistent_memory_opr:Genoff Read operation 
06-04 04:42:25.029 I/ThermalEngine(  595): Loading config file for virtual sensor
06-04 04:42:25.029 I/ThermalEngine(  595): Loading configuration file /vendor/etc/thermal-engine.conf
06-04 04:42:25.034 D/QSEECOMAPI(  472): QSEECom_get_handle sb_length = 0xa000
06-04 04:42:25.034 D/QSEECOMAPI(  472): App is already loaded QSEE and app id = 65537
06-04 04:42:25.042 I/ThermalEngine(  595): Parsing section global
06-04 04:42:25.043 I/ThermalEngine(  595): Created section 'FRONT_TEMP'
06-04 04:42:25.043 I/ThermalEngine(  595): Algo Type 'virtual'
06-04 04:42:25.043 I/ThermalEngine(  595): Parsing section FRONT_TEMP
06-04 04:42:25.043 I/ThermalEngine(  595): Found field 'trip_sensor'
06-04 04:42:25.043 I/ThermalEngine(  595): Found field 'set_point'
06-04 04:42:25.043 I/ThermalEngine(  595): Found field 'set_point_clr'
06-04 04:42:25.043 I/ThermalEngine(  595): Found field 'sensors'
06-04 04:42:25.043 I/ThermalEngine(  595): Found field 'weights'
06-04 04:42:25.043 I/ThermalEngine(  595): Found field 'offsets'
06-04 04:42:25.043 I/ThermalEngine(  595): Found field 'sampling'
06-04 04:42:25.043 I/ThermalEngine(  595): Found field 'math'
06-04 04:42:25.043 I/ThermalEngine(  595): Found field 'sys_temp'
06-04 04:42:25.043 I/ThermalEngine(  595): Created section 'BACK_TEMP'
06-04 04:42:25.043 I/ThermalEngine(  595): Algo Type 'virtual'
06-04 04:42:25.043 I/ThermalEngine(  595): Parsing section BACK_TEMP
06-04 04:42:25.043 I/ThermalEngine(  595): Found field 'trip_sensor'
06-04 04:42:25.043 I/ThermalEngine(  595): Found field 'set_point'
06-04 04:42:25.043 I/ThermalEngine(  595): Found field 'set_point_clr'
06-04 04:42:25.043 I/ThermalEngine(  595): Found field 'sensors'
06-04 04:42:25.043 I/ThermalEngine(  595): Found field 'weights'
06-04 04:42:25.043 I/ThermalEngine(  595): Found field 'offsets'
06-04 04:42:25.043 I/ThermalEngine(  595): Found field 'sampling'
06-04 04:42:25.043 I/ThermalEngine(  595): Found field 'math'
06-04 04:42:25.043 I/ThermalEngine(  595): Found field 'sys_temp'
06-04 04:42:25.043 I/ThermalEngine(  595): Created section 'VIRTUAL-MSM-CPU'
06-04 04:42:25.043 I/ThermalEngine(  595): Algo Type 'virtual'
06-04 04:42:25.043 I/ThermalEngine(  595): Parsing section VIRTUAL-MSM-CPU
06-04 04:42:25.043 I/ThermalEngine(  595): Found field 'trip_sensor'
06-04 04:42:25.043 I/ThermalEngine(  595): Found field 'set_point'
06-04 04:42:25.043 I/ThermalEngine(  595): Found field 'set_point_clr'
06-04 04:42:25.043 I/ThermalEngine(  595): Found field 'sensors'
06-04 04:42:25.043 I/ThermalEngine(  595): Found field 'weights'
06-04 04:42:25.043 I/ThermalEngine(  595): Found field 'sampling'
06-04 04:42:25.043 I/ThermalEngine(  595): Found field 'math'
06-04 04:42:25.043 I/ThermalEngine(  595): Created section 'VIRTUAL-MSM-GPU'
06-04 04:42:25.043 I/ThermalEngine(  595): Algo Type 'virtual'
06-04 04:42:25.043 I/ThermalEngine(  595): Parsing section VIRTUAL-MSM-GPU
06-04 04:42:25.043 I/ThermalEngine(  595): Found field 'trip_sensor'
06-04 04:42:25.043 I/ThermalEngine(  595): Found field 'set_point'
06-04 04:42:25.043 I/ThermalEngine(  595): Found field 'set_point_clr'
06-04 04:42:25.043 I/ThermalEngine(  595): Found field 'sensors'
06-04 04:42:25.043 I/ThermalEngine(  595): Found field 'sampling'
06-04 04:42:25.043 I/ThermalEngine(  595): Found field 'math'
06-04 04:42:25.043 I/ThermalEngine(  595): Found section 'VIRTUAL-CPUS'
06-04 04:42:25.043 I/ThermalEngine(  595): Algo Type 'virtual'
06-04 04:42:25.043 I/ThermalEngine(  595): Parsing section VIRTUAL-CPUS
06-04 04:42:25.043 I/ThermalEngine(  595): Found field 'trip_sensor'
06-04 04:42:25.043 I/ThermalEngine(  595): Found field 'set_point'
06-04 04:42:25.043 I/ThermalEngine(  595): Found field 'set_point_clr'
06-04 04:42:25.043 I/ThermalEngine(  595): Found field 'sensors'
06-04 04:42:25.044 I/ThermalEngine(  595): Found field 'sampling'
06-04 04:42:25.044 I/ThermalEngine(  595): Found field 'math'
06-04 04:42:25.044 I/ThermalEngine(  595): [VIRTUAL-CPUS]
06-04 04:42:25.044 I/ThermalEngine(  595): #algo_type virtual
06-04 04:42:25.044 I/ThermalEngine(  595): trip_sensor tsens_tz_sensor9
06-04 04:42:25.044 I/ThermalEngine(  595): set_point 75000
06-04 04:42:25.044 I/ThermalEngine(  595): set_point_clr 65000
06-04 04:42:25.044 I/ThermalEngine(  595): sensors tsens_tz_sensor9 tsens_tz_sensor10 tsens_tz_sensor11 tsens_tz_sensor12 tsens_tz_sensor13 tsens_tz_sensor4 tsens_tz_sensor5 tsens_tz_sensor6 tsens_tz_sensor7 tsens_tz_sensor8
06-04 04:42:25.044 I/ThermalEngine(  595): weights
06-04 04:42:25.044 I/ThermalEngine(  595): offsets
06-04 04:42:25.044 I/ThermalEngine(  595): sampling 50
06-04 04:42:25.044 I/ThermalEngine(  595): math 2
06-04 04:42:25.044 I/ThermalEngine(  595): ambient_value
06-04 04:42:25.044 I/ThermalEngine(  595): rise_value
06-04 04:42:25.044 I/ThermalEngine(  595): [FRONT_TEMP]
06-04 04:42:25.044 I/ThermalEngine(  595): algo_type virtual
06-04 04:42:25.044 I/ThermalEngine(  595): trip_sensor msm_therm
06-04 04:42:25.044 I/ThermalEngine(  595): set_point -18000
06-04 04:42:25.044 I/ThermalEngine(  595): set_point_clr -20000
06-04 04:42:25.044 I/ThermalEngine(  595): sensors msm_therm pa_therm0 chg_therm
06-04 04:42:25.044 I/ThermalEngine(  595): weights 110 100 85 110
06-04 04:42:25.044 I/ThermalEngine(  595): offsets -2000 -2000 -2000 -2000
06-04 04:42:25.044 I/ThermalEngine(  595): sampling 10000
06-04 04:42:25.044 I/ThermalEngine(  595): math 0
06-04 04:42:25.044 I/ThermalEngine(  595): sys_temp
06-04 04:42:25.044 I/ThermalEngine(  595): ambient_value
06-04 04:42:25.044 I/ThermalEngine(  595): rise_value
06-04 04:42:25.044 I/ThermalEngine(  595): [BACK_TEMP]
06-04 04:42:25.044 I/ThermalEngine(  595): algo_type virtual
06-04 04:42:25.044 I/ThermalEngine(  595): trip_sensor msm_therm
06-04 04:42:25.044 I/ThermalEngine(  595): set_point -18000
06-04 04:42:25.044 I/ThermalEngine(  595): set_point_clr -20000
06-04 04:42:25.044 I/ThermalEngine(  595): sensors msm_therm pa_therm0 chg_therm
06-04 04:42:25.044 I/ThermalEngine(  595): weights 110 100 85 110
06-04 04:42:25.044 I/ThermalEngine(  595): offsets -1000 -1000 -1000 -1000
06-04 04:42:25.044 I/ThermalEngine(  595): sampling 10000
06-04 04:42:25.044 I/ThermalEngine(  595): math 0
06-04 04:42:25.044 I/ThermalEngine(  595): sys_temp
06-04 04:42:25.044 I/ThermalEngine(  595): ambient_value
06-04 04:42:25.044 I/ThermalEngine(  595): rise_value
06-04 04:42:25.044 I/ThermalEngine(  595): [VIRTUAL-MSM-CPU]
06-04 04:42:25.044 I/ThermalEngine(  595): algo_type virtual
06-04 04:42:25.044 I/ThermalEngine(  595): trip_sensor msm_therm
06-04 04:42:25.044 I/ThermalEngine(  595): set_point 41000
06-04 04:42:25.044 I/ThermalEngine(  595): set_point_clr 39000
06-04 04:42:25.044 I/ThermalEngine(  595): sensors tsens_tz_sensor4 tsens_tz_sensor5 tsens_tz_sensor6 tsens_tz_sensor7
06-04 04:42:25.044 I/ThermalEngine(  595): weights 1 1 1 1
06-04 04:42:25.044 I/ThermalEngine(  595): offsets
06-04 04:42:25.044 I/ThermalEngine(  595): sampling 1000
06-04 04:42:25.044 I/ThermalEngine(  595): math 0
06-04 04:42:25.044 I/ThermalEngine(  595): ambient_value
06-04 04:42:25.044 I/ThermalEngine(  595): rise_value
06-04 04:42:25.044 I/ThermalEngine(  595): [VIRTUAL-MSM-GPU]
06-04 04:42:25.044 I/ThermalEngine(  595): algo_type virtual
06-04 04:42:25.044 I/ThermalEngine(  595): trip_sensor msm_therm
06-04 04:42:25.044 I/ThermalEngine(  595): set_point 41000
06-04 04:42:25.044 I/ThermalEngine(  595): set_point_clr 39000
06-04 04:42:25.044 I/ThermalEngine(  595): sensors tsens_tz_sensor15
06-04 04:42:25.044 I/ThermalEngine(  595): weights
06-04 04:42:25.044 I/ThermalEngine(  595): offsets
06-04 04:42:25.044 I/ThermalEngine(  595): sampling 1000
06-04 04:42:25.044 I/ThermalEngine(  595): math 2
06-04 04:42:25.044 I/ThermalEngine(  595): ambient_value
06-04 04:42:25.044 I/ThermalEngine(  595): rise_value
06-04 04:42:25.049 I/gatekeeperd(  640): Starting gatekeeperd...
06-04 04:42:25.055 W/KHUNG   (  719):  Khung is not enabled for msm8953
06-04 04:42:25.060 D/QC-time-services(  629): Daemon:Open File: /data/vendor/time/ats_12
06-04 04:42:25.061 D/QC-time-services(  629): Daemon:genoff_pre_init::Base = 13
06-04 04:42:25.061 D/QC-time-services(  629): Daemon: Storage Name: ats_13 
06-04 04:42:25.061 D/QC-time-services(  629): Daemon:Opening File: /mnt/vendor/persist/time/ats_13 /data/vendor/time/ats_13
06-04 04:42:25.061 D/QC-time-services(  629): Daemon:time_persistent_memory_opr:Genoff Read operation 
06-04 04:42:25.067 D/QC-time-services(  629): Daemon:Open File: /data/vendor/time/ats_13
06-04 04:42:25.067 D/QC-time-services(  629): Daemon:genoff_pre_init::Base = 14
06-04 04:42:25.067 D/QC-time-services(  629): Daemon: Storage Name: ats_14 
06-04 04:42:25.067 D/QC-time-services(  629): Daemon:Opening File: /mnt/vendor/persist/time/ats_14 /data/vendor/time/ats_14
06-04 04:42:25.067 D/QC-time-services(  629): Daemon:time_persistent_memory_opr:Genoff Read operation 
06-04 04:42:25.067 D/QC-time-services(  629): Daemon:Open File: /data/vendor/time/ats_14
06-04 04:42:25.067 D/QC-time-services(  629): Daemon:Unable to open filefor read
06-04 04:42:25.067 D/QC-time-services(  629): Daemon:genoff_post_init:Error in accessing storage
06-04 04:42:25.067 D/QC-time-services(  629): Daemon:genoff_pre_init::Base = 15
06-04 04:42:25.067 D/QC-time-services(  629): Daemon: Storage Name: ats_15 
06-04 04:42:25.067 D/QC-time-services(  629): Daemon:Opening File: /mnt/vendor/persist/time/ats_15 /data/vendor/time/ats_15
06-04 04:42:25.067 D/QC-time-services(  629): Daemon:time_persistent_memory_opr:Genoff Read operation 
06-04 04:42:25.070 I/Atfwd_Daemon(  639): *** Starting ATFWD-daemon *** 
06-04 04:42:25.070 I/Atfwd_Daemon(  639): init all signals
06-04 04:42:25.070 I/Atfwd_Daemon(  639): Explicitly disbling qmux 
06-04 04:42:25.070 I/Atfwd_Daemon(  639): Disabling QMUX complete...
06-04 04:42:25.070 I/Atfwd_Daemon(  639): getting at svc obj for access terminal QMI svc
06-04 04:42:25.070 I/Atfwd_Daemon(  639): 
06-04 04:42:25.070 I/Atfwd_Daemon(  639): 
06-04 04:42:25.070 I/Atfwd_Daemon(  639):  TrtyInit: retryCnt: 1
06-04 04:42:25.070 I/Atfwd_Daemon(  639): Using QCCI. Skipping qmi_init
06-04 04:42:25.070 I/Atfwd_Daemon(  639): result : 1 	 ,Init step :0 	 ,qmiErrorCode: 0
06-04 04:42:25.070 I/Atfwd_Daemon(  639): 
06-04 04:42:25.070 I/Atfwd_Daemon(  639):  Back to main.
06-04 04:42:25.070 I/Atfwd_Daemon(  639):  tryinit complete with connectresult: 1
06-04 04:42:25.070 I/Atfwd_Daemon(  639): 
06-04 04:42:25.070 I/Atfwd_Daemon(  639): 
06-04 04:42:25.070 I/Atfwd_Daemon(  639):  TrtyInit: retryCnt: 1
06-04 04:42:25.070 I/Atfwd_Daemon(  639): 
06-04 04:42:25.070 I/Atfwd_Daemon(  639):  qmi_client_init_instance....
06-04 04:42:25.071 D/QSEECOMAPI(  645): QSEECom_get_handle sb_length = 0x80
06-04 04:42:25.072 D/QSEECOMAPI(  645): App is not loaded in QSEE
06-04 04:42:25.078 D/QC-time-services(  629): Daemon:Open File: /data/vendor/time/ats_15
06-04 04:42:25.078 D/QC-time-services(  629): Daemon:genoff_pre_init::Base = 16
06-04 04:42:25.078 D/QC-time-services(  629): Daemon: Storage Name: ats_16 
06-04 04:42:25.078 D/QC-time-services(  629): Daemon:Opening File: /mnt/vendor/persist/time/ats_16 /data/vendor/time/ats_16
06-04 04:42:25.078 D/QC-time-services(  629): Daemon:time_persistent_memory_opr:Genoff Read operation 
06-04 04:42:25.101 D/QSEECOMAPI(  645): app_arch = 1, total_files = 8
06-04 04:42:25.104 D/QC-time-services(  629): Daemon:Open File: /data/vendor/time/ats_16
06-04 04:42:25.105 D/QC-time-services(  629): Daemon:genoff_init_config: Other bases initilized, exiting genoff_init
06-04 04:42:25.105 D/QC-time-services(  629): Daemon:rtc_get: Time read from RTC -- MM/DD/YY HH:MM:SS5/3/70 23:12:24
06-04 04:42:25.105 D/QC-time-services(  629): Daemon rtc_get: seconds = 13302744
06-04 04:42:25.105 D/QC-time-services(  629): Daemon:Value read from RTC mseconds = 13302744000
06-04 04:42:25.105 D/QC-time-services(  629): Daemon:Value read from QTimer mseconds = 15794
06-04 04:42:25.105 D/QC-time-services(  629): Daemon:genoff_opr: Base = 1, val = 0, operation = 1
06-04 04:42:25.105 D/QC-time-services(  629): Daemon: genoff get for 1
06-04 04:42:25.105 D/QC-time-services(  629): Daemon:Value read from QTimer mseconds = 15794
06-04 04:42:25.105 D/QC-time-services(  629): Daemon:Value read from RTC mseconds on boot = 13302744000
06-04 04:42:25.105 D/QC-time-services(  629): Daemon:Value read from QTimer mseconds = 15794
06-04 04:42:25.105 D/QC-time-services(  629): Daemon:Value read from generic offset = 1543871263665
06-04 04:42:25.105 D/QC-time-services(  629): Daemon:Delta read on boot mseconds = 13302728206
06-04 04:42:25.105 D/QC-time-services(  629): Daemon:Final Time = 1557174007665
06-04 04:42:25.105 E/QC-time-services(  629): Daemon:genoff: 1557174007 04/06/119 20:20:07
06-04 04:42:25.105 E/QC-time-services(  629): Daemon:build: 1556763948 04/02/119 02:25:48
06-04 04:42:25.105 D/QC-time-services(  629): Daemon:genoff_boot_tod_init: Updating system time to sec=1557174007, usec=665000
05-07 01:50:07.665 D/QC-time-services(  629): Daemon:genoff_modem_qmi_service_request: Initializing QMI 
05-07 01:50:07.665 D/QC-time-services(  629): Daemon:genoff_wlan_qmi_service_request: Initializing QMI 
05-07 01:50:07.669 I//system/bin/tombstoned(  643): tombstoned successfully initialized
05-07 01:50:07.669 E/Diag_Lib(  599):  Diag_LSM_Init: Failed to open handle to diag driver, error = 13
05-07 01:50:07.670 I/QC-NETMGR-LIB(  599): NetmgrNetdClientInit(): Looking for Netd service
05-07 01:50:07.675 D/QC-time-services(  629): Daemon: Time-services: All initializations done
05-07 01:50:07.676 E/QC-time-services(  629): Daemon: Time-services: Waiting to acceptconnection
05-07 01:50:07.676 D/PerfDaemon(  617): added vendor.perfservice to services and is now running.
05-07 01:50:07.677 E/QMI_FW  (  629): QMUXD: WARNING qmi_qmux_if_pwr_up_init failed! rc=-6
05-07 01:50:07.677 D/QC-time-services(  629): Daemon:genoff_wlan_qmi_service_request: qmi_client_get_service_list returned -2num_services 0
05-07 01:50:07.694 I/wificond(  621): wificond is starting up...
05-07 01:50:07.697 E/QCNEA   (  634): Cne Version 4.9
05-07 01:50:07.708 E/Diag_Lib(  665): qpLogDiagInit <== result : 1
05-07 01:50:07.708 E/Diag_Lib(  665): DATAD : gIsQXDMDisabled 0, gIsADBDisabled 1, gIsDebugDisabled 0, gIsIMSLogsDisabled 0
05-07 01:50:07.708 E/Diag_Lib(  665): [IMS_DataD] imsdatad.c | 5800 | | 665 |DATAD#$$#0#DATAD STARTED
05-07 01:50:07.726 D/LocSvc_LBSProxy(  696): checkIfLocationExtendedClientExists] File Exists
05-07 01:50:07.727 E/QMI_FW  (  696): QMUXD: WARNING qmi_qmux_if_pwr_up_init failed! rc=-6
05-07 01:50:07.744 E/QMI_FW  (  665): QMUXD: WARNING qmi_qmux_if_pwr_up_init failed! rc=-6
05-07 01:50:07.777 E/LocSvc_LocIpc(  696): sendData:206] cannot send to socket. reason:No such file or directory
05-07 01:50:07.794 E/qti_sensors_hal(  515): processSingleSensorInfoResp: either handle is -1 or error is true or mSensors[handle] is NULL!
05-07 01:50:07.794 E/qti_sensors_hal(  515): processSingleSensorInfoResp: either handle_wakeup is -1 or error is true or mSensors[handle_wakeup] is NULL!
05-07 01:50:07.794 E/qti_sensors_hal(  515): processSingleSensorInfoResp: either handle is -1 or error is true or mSensors[handle] is NULL!
05-07 01:50:07.794 E/qti_sensors_hal(  515): processSingleSensorInfoResp: either handle_wakeup is -1 or error is true or mSensors[handle_wakeup] is NULL!
05-07 01:50:07.794 E/qti_sensors_hal(  515): processSingleSensorInfoResp: either handle_wakeup is -1 or error is true or mSensors[handle_wakeup] is NULL!
05-07 01:50:07.794 E/qti_sensors_hal(  515):  processSingleSensorInfoResp Unknown sensor type: 0
05-07 01:50:07.794 E/qti_sensors_hal(  515): processSingleSensorInfoResp: either handle is -1 or error is true or mSensors[handle] is NULL!
05-07 01:50:07.794 E/qti_sensors_hal(  515): processSingleSensorInfoResp: either handle_wakeup is -1 or error is true or mSensors[handle_wakeup] is NULL!
05-07 01:50:07.794 E/qti_sensors_hal(  515):  processSingleSensorInfoResp Unknown sensor type: 1
05-07 01:50:07.794 E/qti_sensors_hal(  515): processSingleSensorInfoResp: either handle is -1 or error is true or mSensors[handle] is NULL!
05-07 01:50:07.794 E/qti_sensors_hal(  515): processSingleSensorInfoResp: either handle_wakeup is -1 or error is true or mSensors[handle_wakeup] is NULL!
05-07 01:50:07.813 E/Sensors (  547): sns_debug_main.c(294):Debug Config File missing in EFS!
05-07 01:50:07.873 D/LocSvc_LBSProxy(  522): checkIfLocationExtendedClientExists] File Exists
05-07 01:50:07.875 I/ServiceManagement(  522): Removing namespace from process name vendor.qti.gnss@1.0-service to gnss@1.0-service.
05-07 01:50:07.876 I/LocSvc_HIDL_vendor.qti.gnss@1.0-service(  522): Registration complete for vendor.qti.gnss@1.0::ILocHidlGnss/gnss_vendor.
05-07 01:50:08.048 V/MediaUtils(  614): physMem: 3723186176
05-07 01:50:08.048 V/MediaUtils(  614): requested limit: 744637220
05-07 01:50:08.048 V/MediaUtils(  614): cfi shadow size: 2147483648
05-07 01:50:08.048 V/MediaUtils(  614): actual limit: 2892120868
05-07 01:50:08.049 V/MediaUtils(  614): original limits: -1/-1
05-07 01:50:08.049 V/MediaUtils(  614): new limits: 2892120868/-1
05-07 01:50:08.056 W/mediaextractor(  614): libminijail[614]: failed to get path of fd 4: No such file or directory
05-07 01:50:08.056 W/mediaextractor(  614): libminijail[614]: allowing syscall: connect
05-07 01:50:08.056 W/mediaextractor(  614): libminijail[614]: allowing syscall: fcntl
05-07 01:50:08.056 W/mediaextractor(  614): libminijail[614]: allowing syscall: sendto
05-07 01:50:08.056 W/mediaextractor(  614): libminijail[614]: allowing syscall: socket
05-07 01:50:08.056 W/mediaextractor(  614): libminijail[614]: allowing syscall: writev
05-07 01:50:08.058 W/mediaextractor(  614): libminijail[614]: logging seccomp filter failures
05-07 01:50:08.084 I/media.codec(  623): mediacodecservice starting
05-07 01:50:08.088 W/media.codec(  623): libminijail[623]: failed to get path of fd 4: No such file or directory
05-07 01:50:08.088 W/media.codec(  623): libminijail[623]: allowing syscall: clock_gettime
05-07 01:50:08.088 W/media.codec(  623): libminijail[623]: allowing syscall: connect
05-07 01:50:08.089 W/media.codec(  623): libminijail[623]: allowing syscall: fcntl64
05-07 01:50:08.089 W/media.codec(  623): libminijail[623]: allowing syscall: socket
05-07 01:50:08.089 W/media.codec(  623): libminijail[623]: allowing syscall: writev
05-07 01:50:08.091 W/media.codec(  623): libminijail[623]: logging seccomp filter failures
05-07 01:50:08.154 I/FastMixerState(  532): sMaxFastTracks = 8
05-07 01:50:08.161 V/MediaUtils(  532): physMem: 3723186176
05-07 01:50:08.161 V/MediaUtils(  532): requested limit: 536870912
05-07 01:50:08.161 V/MediaUtils(  532): actual limit: 536870912
05-07 01:50:08.161 V/MediaUtils(  532): original limits: 4294967295/4294967295
05-07 01:50:08.161 V/MediaUtils(  532): new limits: 536870912/4294967295
05-07 01:50:08.172 D/AndroidRuntime(  493): >>>>>> START com.android.internal.os.ZygoteInit uid 0 <<<<<<
05-07 01:50:08.206 D/AndroidRuntime(  494): >>>>>> START com.android.internal.os.ZygoteInit uid 0 <<<<<<
05-07 01:50:08.207 I/zygote64(  493): option[0]=-Xzygote
05-07 01:50:08.208 I/zygote64(  493): option[1]=-Xusetombstonedtraces
05-07 01:50:08.208 I/zygote64(  493): option[2]=exit
05-07 01:50:08.208 I/zygote64(  493): option[3]=vfprintf
05-07 01:50:08.208 I/zygote64(  493): option[4]=sensitiveThread
05-07 01:50:08.208 I/zygote64(  493): option[5]=-verbose:gc
05-07 01:50:08.208 I/zygote64(  493): option[6]=-Xms8m
05-07 01:50:08.208 I/zygote64(  493): option[7]=-Xmx384m
05-07 01:50:08.208 I/zygote64(  493): option[8]=-XX:HeapGrowthLimit=192m
05-07 01:50:08.208 I/zygote64(  493): option[9]=-XX:HeapMinFree=512k
05-07 01:50:08.208 I/zygote64(  493): option[10]=-XX:HeapMaxFree=8m
05-07 01:50:08.208 I/zygote64(  493): option[11]=-XX:HeapTargetUtilization=0.75
05-07 01:50:08.208 I/zygote64(  493): option[12]=-Xusejit:true
05-07 01:50:08.208 I/zygote64(  493): option[13]=-Xjitsaveprofilinginfo
05-07 01:50:08.208 I/zygote64(  493): option[14]=-XjdwpOptions:suspend=n,server=y
05-07 01:50:08.208 I/zygote64(  493): option[15]=-XjdwpProvider:default
05-07 01:50:08.208 I/zygote64(  493): option[16]=-Ximage-compiler-option
05-07 01:50:08.208 I/zygote64(  493): option[17]=--runtime-arg
05-07 01:50:08.208 I/zygote64(  493): option[18]=-Ximage-compiler-option
05-07 01:50:08.208 I/zygote64(  493): option[19]=-Xms64m
05-07 01:50:08.208 I/zygote64(  493): option[20]=-Ximage-compiler-option
05-07 01:50:08.208 I/zygote64(  493): option[21]=--runtime-arg
05-07 01:50:08.208 I/zygote64(  493): option[22]=-Ximage-compiler-option
05-07 01:50:08.208 I/zygote64(  493): option[23]=-Xmx64m
05-07 01:50:08.208 I/zygote64(  493): option[24]=-Ximage-compiler-option
05-07 01:50:08.208 I/zygote64(  493): option[25]=--profile-file=/system/etc/boot-image.prof
05-07 01:50:08.208 I/zygote64(  493): option[26]=-Ximage-compiler-option
05-07 01:50:08.208 I/zygote64(  493): option[27]=--compiler-filter=speed-profile
05-07 01:50:08.208 I/zygote64(  493): option[28]=-Xcompiler-option
05-07 01:50:08.208 I/zygote64(  493): option[29]=--runtime-arg
05-07 01:50:08.208 I/zygote64(  493): option[30]=-Xcompiler-option
05-07 01:50:08.208 I/zygote64(  493): option[31]=-Xms64m
05-07 01:50:08.208 I/zygote64(  493): option[32]=-Xcompiler-option
05-07 01:50:08.208 I/zygote64(  493): option[33]=--runtime-arg
05-07 01:50:08.208 I/zygote64(  493): option[34]=-Xcompiler-option
05-07 01:50:08.208 I/zygote64(  493): option[35]=-Xmx512m
05-07 01:50:08.208 I/zygote64(  493): option[36]=-Xcompiler-option
05-07 01:50:08.208 I/zygote64(  493): option[37]=-j8
05-07 01:50:08.208 I/zygote64(  493): option[38]=-Ximage-compiler-option
05-07 01:50:08.208 I/zygote64(  493): option[39]=-j8
05-07 01:50:08.208 I/zygote64(  493): option[40]=-Ximage-compiler-option
05-07 01:50:08.208 I/zygote64(  493): option[41]=--instruction-set-variant=cortex-a53
05-07 01:50:08.208 I/zygote64(  493): option[42]=-Xcompiler-option
05-07 01:50:08.208 I/zygote64(  493): option[43]=--instruction-set-variant=cortex-a53
05-07 01:50:08.208 I/zygote64(  493): option[44]=-Ximage-compiler-option
05-07 01:50:08.208 I/zygote64(  493): option[45]=--instruction-set-features=default
05-07 01:50:08.208 I/zygote64(  493): option[46]=-Xcompiler-option
05-07 01:50:08.208 I/zygote64(  493): option[47]=--instruction-set-features=default
05-07 01:50:08.208 I/zygote64(  493): option[48]=-Duser.locale=en-US
05-07 01:50:08.208 I/zygote64(  493): option[49]=--cpu-abilist=arm64-v8a
