05-07 01:50:08.396 E/SDM     (  509): DisplayBase::GetColorModeAttr: Failed: Mode hal_night_i without attribute
05-07 01:50:08.396 E/SDM     (  509): DisplayBase::GetColorModeAttr: Failed: Mode hal_night_j without attribute
05-07 01:50:08.396 E/SDM     (  509): DisplayBase::GetColorModeAttr: Failed: Mode hal_night_k without attribute
05-07 01:50:08.396 E/SDM     (  509): DisplayBase::GetColorModeAttr: Failed: Mode hal_night_l without attribute
05-07 01:50:08.396 E/SDM     (  509): DisplayBase::GetColorModeAttr: Failed: Mode hal_night_m without attribute
05-07 01:50:08.396 E/SDM     (  509): DisplayBase::GetColorModeAttr: Failed: Mode hal_night_n without attribute
05-07 01:50:08.396 E/SDM     (  509): DisplayBase::GetColorModeAttr: Failed: Mode hal_night_o without attribute
05-07 01:50:08.396 E/SDM     (  509): DisplayBase::GetColorModeAttr: Failed: Mode hal_night_p without attribute
05-07 01:50:08.396 E/SDM     (  509): DisplayBase::GetColorModeAttr: Failed: Mode hal_night_q without attribute
05-07 01:50:08.396 E/SDM     (  509): DisplayBase::GetColorModeAttr: Failed: Mode hal_night_r without attribute
05-07 01:50:08.396 E/SDM     (  509): DisplayBase::GetColorModeAttr: Failed: Mode hal_night_z_off without attribute
05-07 01:50:08.396 I/SDM     (  509): HWCDisplay::HandleColorModeTransform: Setting Color Mode = 8 Transform Hint = 0 Success
05-07 01:50:08.397 I/SDM     (  509): DisplayBase::SetFrameBufferConfig: New framebuffer resolution (1080x1920)
05-07 01:50:08.398 D/audio_hw_utils(  502): audio_extn_utils_open_snd_mixer: snd_card_name: msm8953-snd-card
05-07 01:50:08.398 W/hardware_info(  502): update_hardware_info_8x16: Not an 8x16/8909/8917/8920/8937/8939/8940/8952/8953/660 device
05-07 01:50:08.398 D/audio_hw_utils(  502): audio_extn_utils_open_snd_mixer: Opened sound card:0
05-07 01:50:08.398 D/msm8916_platform(  502): platform_init: Opened sound card:0
05-07 01:50:08.398 D/msm8916_platform(  502): platform_init: snd_card_name: msm8953-snd-card
05-07 01:50:08.398 W/hardware_info(  502): update_hardware_info_8x16: Not an 8x16/8909/8917/8920/8937/8939/8940/8952/8953/660 device
05-07 01:50:08.398 D/msm8916_platform(  502): platform_init: mixer path file is /vendor/etc/mixer_paths.xml
05-07 01:50:08.401 I/rmt_storage(  527): rmt_storage_client_thread: /boot/modem_fs2: req_h=0x8 msg_id=3: Bytes read = 1571840
05-07 01:50:08.401 I/rmt_storage(  527): rmt_storage_client_thread: /boot/modem_fs2: req_h=0x8 msg_id=3: Send response: res=0 err=0
05-07 01:50:08.401 I/rmt_storage(  527): rmt_storage_client_thread: /boot/modem_fs2: About to block rmt_storage client thread (th_id: 485005202672) wakelock released: 1, error no: 0
05-07 01:50:08.401 I/rmt_storage(  527): 
05-07 01:50:08.401 I/rmt_storage(  527): rmt_storage_disconnect_cb: clnt_h=0x8 conn_h=0x70eca2c020
05-07 01:50:08.402 E//vendor/bin/adsprpcd(  597): vendor/qcom/proprietary/commonsys-intf/adsprpc/src/apps_std_imp.c:729:Error 45: fopen failed for custom_sm_ecns_1.so.1. (No such file or directory)
05-07 01:50:08.402 E//vendor/bin/adsprpcd(  597): vendor/qcom/proprietary/commonsys-intf/adsprpc/src/apps_std_imp.c:729:Error 45: fopen failed for custom_dm_ecns_1.so.1. (No such file or directory)
05-07 01:50:08.403 E//vendor/bin/adsprpcd(  597): vendor/qcom/proprietary/commonsys-intf/adsprpc/src/apps_std_imp.c:729:Error 45: fopen failed for custom_dm_ecns_2.so.1. (No such file or directory)
05-07 01:50:08.404 E//vendor/bin/adsprpcd(  597): vendor/qcom/proprietary/commonsys-intf/adsprpc/src/apps_std_imp.c:729:Error 45: fopen failed for custom_sm_ecns_2.so.1. (No such file or directory)
05-07 01:50:08.404 E//vendor/bin/adsprpcd(  597): vendor/qcom/proprietary/commonsys-intf/adsprpc/src/apps_std_imp.c:729:Error 45: fopen failed for custom_qm_ecns_1.so.1. (No such file or directory)
05-07 01:50:08.405 E//vendor/bin/adsprpcd(  597): vendor/qcom/proprietary/commonsys-intf/adsprpc/src/apps_std_imp.c:729:Error 45: fopen failed for custom_qm_ecns_2.so.1. (No such file or directory)
05-07 01:50:08.407 E//vendor/bin/adsprpcd(  597): vendor/qcom/proprietary/commonsys-intf/adsprpc/src/apps_std_imp.c:729:Error 45: fopen failed for voiceproc_tx.so. (No such file or directory)
05-07 01:50:08.407 E//vendor/bin/adsprpcd(  597): vendor/qcom/proprietary/commonsys-intf/adsprpc/src/apps_std_imp.c:729:Error 45: fopen failed for voiceproc_rx.so. (No such file or directory)
05-07 01:50:08.495 I/ServiceManager(  620): Waiting for service 'package_native' on '/dev/binder'...
05-07 01:50:08.558 D/QSEECOMAPI(  645): Loaded image: APP id = 196611
05-07 01:50:08.572 E/fpc_fingerprint_hal(  645): node_write open failed /data/.fps/ta_ver: -13
05-07 01:50:08.572 E/fpc_fingerprint_hal(  645): node_write open failed /data/.fps/tac_ver: -13
05-07 01:50:08.572 E/fpc_fingerprint_hal(  645): node_write open failed /data/.fps/ic_ver: -13
05-07 01:50:08.579 D/libEGL  (  534): loaded /vendor/lib64/egl/libGLESv2_adreno.so
05-07 01:50:08.581 D/QSEECOMAPI(  645): QSEECom_get_handle sb_length = 0x400
05-07 01:50:08.581 D/QSEECOMAPI(  645): App is already loaded QSEE and app id = 65537
05-07 01:50:08.582 I/chatty  (  632): uid=1006(camera) mm-qcamera-daem identical 1 line
05-07 01:50:08.595 I/ServiceManager(  620): Waiting for service 'package_native' on '/dev/binder'...
05-07 01:50:08.599 I/Adreno  (  534): QUALCOMM build                   : 8397a22, Iaa6c380d7d
05-07 01:50:08.599 I/Adreno  (  534): Build Date                       : 12/02/18
05-07 01:50:08.599 I/Adreno  (  534): OpenGL ES Shader Compiler Version: EV031.25.03.02
05-07 01:50:08.599 I/Adreno  (  534): Local Branch                     : 
05-07 01:50:08.599 I/Adreno  (  534): Remote Branch                    : 
05-07 01:50:08.599 I/Adreno  (  534): Remote Branch                    : 
05-07 01:50:08.599 I/Adreno  (  534): Reconstruct Branch               : 
05-07 01:50:08.599 I/Adreno  (  534): Build Config                     : S L 6.0.7 AArch64
05-07 01:50:08.599 D/QSEECOMAPI(  645): QSEECom_dealloc_memory 
05-07 01:50:08.599 D/QSEECOMAPI(  645): QSEECom_shutdown_app, app_id = 65537
05-07 01:50:08.601 E/fpc_hal_extension(  645): add_sensortest_service
05-07 01:50:08.603 E/SELinux (  463): avc:  denied  { add } for interface=com.fingerprints.extension::IFingerprintSensorTest pid=645 scontext=u:r:init:s0 tcontext=u:object_r:default_android_hwservice:s0 tclass=hwservice_manager permissive=1
05-07 01:50:08.613 I/ServiceManagement(  645): Removing namespace from process name android.hardware.biometrics.fingerprint@2.1-fpcservice to fingerprint@2.1-fpcservice.
05-07 01:50:08.615 E/SELinux (  463): avc:  denied  { add } for interface=android.hardware.biometrics.fingerprint::IBiometricsFingerprint pid=645 scontext=u:r:init:s0 tcontext=u:object_r:hal_fingerprint_hwservice:s0 tclass=hwservice_manager permissive=1
05-07 01:50:08.615 I/SDM     (  509): HWCDisplay::SetFrameBufferResolution: New framebuffer resolution (1080x1920)
05-07 01:50:08.616 I/Adreno  (  534): PFP: 0x005ff110, ME: 0x005ff066
05-07 01:50:08.616 I/SDM     (  509): HWCColorManager::CreateColorManager: Successfully loaded libsdm-disp-vndapis.so
05-07 01:50:08.620 I/SDM     (  509): HWCColorManager::CreateColorManager: Successfully loaded libsdm-disp-vndapis.so and libsdm-diag.so and diag_init'ed
05-07 01:50:08.621 I/ServiceManagement(  509): Removing namespace from process name android.hardware.graphics.composer@2.1-service to composer@2.1-service.
05-07 01:50:08.622 I/android.hardware.graphics.composer@2.1-service(  509): Registration complete for android.hardware.graphics.composer@2.1::IComposer/default.
05-07 01:50:08.629 W/hwservicemanager(  463): getTransport: Cannot find entry vendor.display.config@1.7::IDisplayConfig/default in either framework or device manifest.
05-07 01:50:08.629 I/ConfigStore(  534): android::hardware::configstore::V1_0::ISurfaceFlingerConfigs::hasWideColorDisplay retrieved: 0
05-07 01:50:08.629 W/hwservicemanager(  463): getTransport: Cannot find entry vendor.display.config@1.7::IDisplayConfig/default in either framework or device manifest.
05-07 01:50:08.630 I/ConfigStore(  534): android::hardware::configstore::V1_0::ISurfaceFlingerConfigs::hasHDRDisplay retrieved: 0
05-07 01:50:08.634 I/SurfaceFlinger(  534): EGL information:
05-07 01:50:08.634 I/SurfaceFlinger(  534): vendor    : Android
05-07 01:50:08.634 I/SurfaceFlinger(  534): version   : 1.4 Android META-EGL
05-07 01:50:08.634 I/SurfaceFlinger(  534): extensions: EGL_KHR_get_all_proc_addresses EGL_ANDROID_presentation_time EGL_KHR_swap_buffers_with_damage EGL_ANDROID_get_native_client_buffer EGL_ANDROID_front_buffer_auto_refresh EGL_ANDROID_get_frame_timestamps EGL_EXT_surface_SMPTE2086_metadata EGL_EXT_surface_CTA861_3_metadata EGL_KHR_image EGL_KHR_image_base EGL_EXT_image_gl_colorspace EGL_KHR_lock_surface EGL_KHR_gl_colorspace EGL_KHR_gl_texture_2D_image EGL_KHR_gl_texture_3D_image EGL_KHR_gl_texture_cubemap_image EGL_KHR_gl_renderbuffer_image EGL_KHR_reusable_sync EGL_KHR_fence_sync EGL_KHR_create_context EGL_KHR_surfaceless_context EGL_EXT_create_context_robustness EGL_ANDROID_image_native_buffer EGL_KHR_wait_sync EGL_ANDROID_recordable EGL_KHR_partial_update EGL_EXT_pixel_format_float EGL_KHR_create_context_no_error EGL_KHR_mutable_render_buffer EGL_EXT_yuv_surface EGL_EXT_protected_content EGL_IMG_context_priority EGL_KHR_no_config_context 
05-07 01:50:08.634 I/SurfaceFlinger(  534): Client API: OpenGL_ES
05-07 01:50:08.634 I/SurfaceFlinger(  534): EGLSurface: 8-8-8-8, config=0x7bb438be80
05-07 01:50:08.634 I/Atfwd_Daemon(  639): qmi_client_init_instance status retry : 1
05-07 01:50:08.634 I/Atfwd_Daemon(  639): 
05-07 01:50:08.634 I/Atfwd_Daemon(  639):  qmi_client_init_instance....
05-07 01:50:08.634 I/SurfaceFlinger(  534): OpenGL ES informations:
05-07 01:50:08.634 I/SurfaceFlinger(  534): vendor    : Qualcomm
05-07 01:50:08.634 I/SurfaceFlinger(  534): renderer  : Adreno (TM) 506
05-07 01:50:08.634 I/SurfaceFlinger(  534): version   : OpenGL ES 3.2 V@331.0 (GIT@8397a22, Iaa6c380d7d) (Date:12/02/18)
05-07 01:50:08.634 I/SurfaceFlinger(  534): extensions: GL_OES_EGL_image GL_OES_EGL_image_external GL_OES_EGL_sync GL_OES_vertex_half_float GL_OES_framebuffer_object GL_OES_rgb8_rgba8 GL_OES_compressed_ETC1_RGB8_texture GL_AMD_compressed_ATC_texture GL_KHR_texture_compression_astc_ldr GL_KHR_texture_compression_astc_hdr GL_OES_texture_compression_astc GL_OES_texture_npot GL_EXT_texture_filter_anisotropic GL_EXT_texture_format_BGRA8888 GL_OES_texture_3D GL_EXT_color_buffer_float GL_EXT_color_buffer_half_float GL_QCOM_alpha_test GL_OES_depth24 GL_OES_packed_depth_stencil GL_OES_depth_texture GL_OES_depth_texture_cube_map GL_EXT_sRGB GL_OES_texture_float GL_OES_texture_float_linear GL_OES_texture_half_float GL_OES_texture_half_float_linear GL_EXT_texture_type_2_10_10_10_REV GL_EXT_texture_sRGB_decode GL_EXT_texture_format_sRGB_override GL_OES_element_index_uint GL_EXT_copy_image GL_EXT_geometry_shader GL_EXT_tessellation_shader GL_OES_texture_stencil8 GL_EXT_shader_io_blocks GL_OES_shader_image_atomic GL_OES_sample_variables GL_EXT_texture_border_clamp G
05-07 01:50:08.635 I/SurfaceFlinger(  534): GL_MAX_TEXTURE_SIZE = 16384
05-07 01:50:08.635 I/SurfaceFlinger(  534): GL_MAX_VIEWPORT_DIMS = 16384
05-07 01:50:08.638 D/vndksupport(  509): Loading /vendor/lib64/hw/android.hardware.graphics.mapper@2.0-impl.so from current namespace instead of sphal namespace.
05-07 01:50:08.638 I/Atfwd_Daemon(  639): qmi_client_init_instance status: -3, num_retries: 2, retryCnt: 1
05-07 01:50:08.638 I/Atfwd_Daemon(  639): result : -3 	 ,Init step :1 	 ,qmiErrorCode: 0
05-07 01:50:08.638 I/Atfwd_Daemon(  639): 
05-07 01:50:08.638 I/Atfwd_Daemon(  639):  Sleeping...
05-07 01:50:08.650 D/vndksupport(  509): Loading /vendor/lib64/hw/gralloc.msm8953.so from current namespace instead of sphal namespace.
05-07 01:50:08.652 D/SDM     (  509): HWCSession::RegisterCallback: Registering callback: Hotplug
05-07 01:50:08.653 I/SDM     (  509): HWCDisplay::GetHdrCapabilities: HDR is not supported
05-07 01:50:08.653 I/SDM     (  509): HWCDisplay::GetHdrCapabilities: HDR is not supported
05-07 01:50:08.653 E/HWComposer(  534): getSupportedPerFrameMetadata: getSupportedPerFrameMetadata failed for display 0: Unsupported (8)
05-07 01:50:08.678 D/SDM     (  509): HWCSession::RegisterCallback: Registering callback: Refresh
05-07 01:50:08.678 D/SDM     (  509): HWCSession::RegisterCallback: Registering callback: Vsync
05-07 01:50:08.696 I/ServiceManager(  620): Waiting for service 'package_native' on '/dev/binder'...
05-07 01:50:08.728 E/Diag_Lib(  601):  Diag_LSM_Init: Failed to open handle to diag driver, error = 13
05-07 01:50:08.728 E/Diag_Lib(  625):  Diag_LSM_Init: Failed to open handle to diag driver, error = 13
05-07 01:50:08.756 D/PerMgrSrv(  529): modem state: is on-line, add client QCRIL
05-07 01:50:08.756 D/PerMgrSrv(  529): QCRIL registered
05-07 01:50:08.756 D/PerMgrLib(  625): QCRIL successfully registered for modem
05-07 01:50:08.757 D/PerMgrSrv(  529): modem state: is on-line, add client QCRIL
05-07 01:50:08.757 D/PerMgrSrv(  529): QCRIL registered
05-07 01:50:08.757 D/PerMgrLib(  601): QCRIL successfully registered for modem
05-07 01:50:08.760 I/MDMCTBK (  625): [1] - start:MdmCutbackHndler, createInstance = 0
05-07 01:50:08.760 I/MDMCTBK (  601): [1] - start:MdmCutbackHndler, createInstance = 2
05-07 01:50:08.760 I/MDMCTBK (  601): [1] - eventLoop:Start Event loop
05-07 01:50:08.760 I/MDMCTBK (  601): [1] - eventLoop:Event loop - wait for event
05-07 01:50:08.760 I/MDMCTBK (  601): [1] - postEventMessage:Post Event - event id = MDMCUTBK_START_CMD
05-07 01:50:08.761 I/MDMCTBK (  601): [1] - eventLoop:Event loop - event arrived
05-07 01:50:08.761 I/MDMCTBK (  601): [1] - eventLoop:Event loop - Handle Event = MDMCUTBK_START_CMD
05-07 01:50:08.761 I/MDMCTBK (  601): [1] - MdmCutbackIpcClientConnect:IPC Client: Enter
05-07 01:50:08.763 E/MDMCTBK (  601): [1] - MdmCutbackIpcClientConnect:IPC Client: Error - cannot connect to server socket retry_count=1
05-07 01:50:08.763 I/MDMCTBK (  625): [0] - eventLoop:Start Event loop
05-07 01:50:08.763 I/MDMCTBK (  625): [0] - eventLoop:Event loop - wait for event
05-07 01:50:08.764 I/MDMCTBK (  625): [0] - postEventMessage:Post Event - event id = MDMCUTBK_START_CMD
05-07 01:50:08.764 I/MDMCTBK (  625): [0] - eventLoop:Event loop - event arrived
05-07 01:50:08.764 I/MDMCTBK (  625): [0] - eventLoop:Event loop - Handle Event = MDMCUTBK_START_CMD
05-07 01:50:08.765 I/MDMCTBK (  625): [0] - MdmCutbackIpcServerOpen:IPC Server: Enter
05-07 01:50:08.766 I/MDMCTBK (  625): [0] - MdmCutbackIpcServerOpen:IPC Server - success open server socket to listen
05-07 01:50:08.766 I/MDMCTBK (  625): [0] - MdmCutbackIpcServerOpen:IPC Server: started the server listener thread 93361392
05-07 01:50:08.769 I/MDMCTBK (  625): [0] - getCutbackProperty:getCutbackProperty, Values read from property=0,0,0,0,0,0,0,0,0,0,0,0,0,0,0,1, length=31
05-07 01:50:08.769 E/MDMCTBK (  625): [0] - showStatus:MdmCutbackHndler Status: Qmi =0, cg=0, ep=0, vc=0, dc=0, cn=0, wf=0, mf=0,wfd=0, apm=0, usb=0, stopqmi=0, wireless=0, bf=0, md=0,fpf=1
05-07 01:50:08.771 I/MDMCTBK (  625): [0] - MdmCutbackQmiSarOpen:Started the Sar QMI thread 92321008
05-07 01:50:08.771 I/MDMCTBK (  625): [0] - initWifiCutbackValues:Wifi Cutback Config File path = /system/etc/motorola/mdmctbk/ctbk_val.cfg
05-07 01:50:08.771 I/MDMCTBK (  625): [0] - initWifiCutbackValues:File opened failure, default values applied
05-07 01:50:08.772 I/MDMCTBK (  625): [0] - handleUsbChangerStateChangedEvent:MdmCutbackHndler - handle usb state change - enter
05-07 01:50:08.773 E/QMI_FW  (  625): QMUXD: WARNING qmi_qmux_if_pwr_up_init failed! rc=-6
05-07 01:50:08.773 I/MDMCTBK (  625): [0] - MdmCutbackQmiSarInit:mot_sar_qmi_open waiting for QMI service to startup,try 1...
05-07 01:50:08.773 I/MDMCTBK (  625): [0] - MdmCutbackQmiSarInit:qmi_client_get_service_list() returned -2, num_entries = 0, num_services = 0
05-07 01:50:08.773 E/MDMCTBK (  625): [0] - MdmCutbackQmiSarInit:mot_sar_qmi_open doesn't find QMI service
05-07 01:50:08.774 I/MDMCTBK (  625): [0] - handleUsbChangerStateChangedEvent:MdmCutbackHndler - usb, new_state =1
05-07 01:50:08.774 E/MDMCTBK (  625): [0] - showStatus:MdmCutbackHndler Status: Qmi =0, cg=0, ep=0, vc=0, dc=0, cn=0, wf=0, mf=0,wfd=0, apm=0, usb=1, stopqmi=0, wireless=0, bf=0, md=0,fpf=1
05-07 01:50:08.774 I/MDMCTBK (  625): [0] - setCutbackProperty:setCutbackProperty, Values updated in the property=0,0,0,0,0,0,0,0,0,0,1,0,0,0,0,1
05-07 01:50:08.775 I/MDMCTBK (  625): [0] - sendSarCtrl:MdmCutbackHndler - sendSarCtrl earpiece_headset = 0
05-07 01:50:08.775 I/MDMCTBK (  625): [0] - sendSarCtrl:MdmCutbackHndler - charger_connected = 1
05-07 01:50:08.775 I/MDMCTBK (  625): [0] - MdmCutbackQmiSarSetCtrl:set SAR over QMI, conn:0, ep:0,wf:0, mf:0, chrg:1
05-07 01:50:08.775 I/MDMCTBK (  625): [0] - MdmCutbackQmiSarSetCtrl:QMI SAR not opened yet or handle is NULL ... Save this info
05-07 01:50:08.776 I/MDMCTBK (  625): [0] - handleUsbChangerStateChangedEvent:MdmCutbackHndler - handle usb state change - exit
05-07 01:50:08.776 I/MDMCTBK (  625): [0] - handleHeadsetStateChangedEvent:MdmCutbackHndler - headset state changed event - enter
05-07 01:50:08.776 I/MDMCTBK (  625): [0] - handleHeadsetStateChangedEvent:MdmCutbackHndler, headset, state is = 0
05-07 01:50:08.776 I/MDMCTBK (  625): [0] - handleHeadsetStateChangedEvent:MdmCutbackHndler - headset state changed event - exit
05-07 01:50:08.776 I/MDMCTBK (  625): [0] - initNetlinkHandler:init Netlink handler
05-07 01:50:08.776 I/MDMCTBK (  625): [0] - MdmCutbackNetlinkHandler:NetlinkHandler, constructor
05-07 01:50:08.776 I/MDMCTBK (  625): [0] - addListener:NetlinkHandler, addListener
05-07 01:50:08.776 I/MDMCTBK (  625): [0] - start:NetlinkHandler, start
05-07 01:50:08.776 I/MDMCTBK (  625): [0] - MdmCutbackAudioSocketInit:sockets initialized
05-07 01:50:08.777 I/MDMCTBK (  625): [0] - MdmCutbackAudioMonitorStart:Started the cutback monitor thread 88159472
05-07 01:50:08.777 E/MDMCTBK (  625): [0] - MdmCutbackAudioListener:Failure to create cutback server socket
05-07 01:50:08.777 I/MDMCTBK (  625): [0] - MdmCutbackAudioMonitorThread:Cutback socket cannot start listener
05-07 01:50:08.777 I/MDMCTBK (  625): [0] - MdmCutbackAudioMonitorThread:Exiting cutbackMonitorThread...
05-07 01:50:08.778 E/LocSvc_LocIpc(  696): sendData:206] cannot send to socket. reason:No such file or directory
05-07 01:50:08.784 E/MDMCTBK (  625): [0] - initWifiCutback:get wlan intf flags for interface = wlan0
05-07 01:50:08.784 E/MDMCTBK (  625): [0] - initWifiCutback:flags on wlan intf = 0
05-07 01:50:08.784 E/MDMCTBK (  625): [0] - init:initWifiCutback - time to execute = 0.007478(secs)
05-07 01:50:08.784 E/MDMCTBK (  625): [0] - mot_sar_sensor_init:sensor init - enter
05-07 01:50:08.792 I/ServiceManagement(  625): getService: Trying again for android.frameworks.sensorservice@1.0::ISensorManager/default...
05-07 01:50:08.796 I/ServiceManager(  620): Waiting for service 'package_native' on '/dev/binder'...
05-07 01:50:08.796 E/qti_sensors_hal(  515): waitForResponse: pthread_cond_timedwait() rc=110 (cond: 0)
05-07 01:50:08.796 E/qti_sensors_hal(  515): sendEnableReq: ERROR: No response from enable request
05-07 01:50:08.796 E/SENSORHUB_LOG(  515): send the SAM sensor enable message failed!
05-07 01:50:08.821 E/QMI_FW  (  957): QMUXD: WARNING qmi_qmux_if_pwr_up_init failed! rc=-6
05-07 01:50:08.821 E/QMI_FW  (  958): QMUXD: WARNING qmi_qmux_if_pwr_up_init failed! rc=-6
05-07 01:50:08.826 W/qti_sensors_hal(  515): addSensor : Not supported sensor with handle 68!
05-07 01:50:08.854 W/qti_sensors_hal(  515): addSensor : Not supported sensor with handle 40!
05-07 01:50:08.854 W/qti_sensors_hal(  515): addSensor : Not supported sensor with handle 49!
05-07 01:50:08.854 W/qti_sensors_hal(  515): addSensor : Not supported sensor with handle 50!
05-07 01:50:08.854 W/qti_sensors_hal(  515): addSensor : Not supported sensor with handle 54!
05-07 01:50:08.854 W/qti_sensors_hal(  515): addSensor : Not supported sensor with handle 69!
05-07 01:50:08.865 E/libsensor1(  515): client_get_conn: qmi_client_get_service_list error -2
05-07 01:50:08.865 E/libsensor1(  515): sensor1_write: Unable to create client connection
05-07 01:50:08.865 W/qti_sensors_hal(  515): sendAlgoAttribReq: sensor1_write failed at SENSOR1_EBAD_SVC_ID, retrying...4
