--------- beginning of main
06-04 04:42:18.848 W/auditd  (  461): type=2000 audit(0.0:1): initialized
06-04 04:42:22.083 I/auditd  (  461): type=1403 audit(0.0:2): policy loaded auid=4294967295 ses=4294967295
06-04 04:42:22.190 I/init    (  428): type=1400 audit(0.0:3): avc: denied { write } for uid=0 name="/" dev="rootfs" ino=2 scontext=u:r:vendor_init:s0 tcontext=u:object_r:rootfs:s0 tclass=dir permissive=1
06-04 04:42:22.190 I/init    (  428): type=1400 audit(0.0:4): avc: denied { add_name } for uid=0 name="tombstones" scontext=u:r:vendor_init:s0 tcontext=u:object_r:rootfs:s0 tclass=dir permissive=1
06-04 04:42:22.190 I/init    (  428): type=1400 audit(0.0:5): avc: denied { create } for uid=0 name="firmware" scontext=u:r:vendor_init:s0 tcontext=u:object_r:firmware_file:s0 tclass=lnk_file permissive=1
06-04 04:42:22.190 I/init    (  428): type=1400 audit(0.0:6): avc: denied { create } for uid=0 name="dsp" scontext=u:r:vendor_init:s0 tcontext=u:object_r:adsprpcd_file:s0 tclass=lnk_file permissive=1
06-04 04:42:23.450 I/init    (  428): type=1400 audit(0.0:7): avc: denied { create } for uid=0 name="schedtune.prefer_idle" scontext=u:r:vendor_init:s0 tcontext=u:object_r:device:s0 tclass=file permissive=1
06-04 04:42:23.450 I/init    (  428): type=1400 audit(0.0:8): avc: denied { write } for uid=0 path="/dev/stune/foreground/schedtune.prefer_idle" dev="tmpfs" ino=8000 scontext=u:r:vendor_init:s0 tcontext=u:object_r:device:s0 tclass=file permissive=1
06-04 04:42:23.793 I/e2fsck  (  458): type=1400 audit(0.0:9): avc: denied { read } for uid=0 name="mmcblk0p30" dev="tmpfs" ino=16030 scontext=u:r:fsck:s0 tcontext=u:object_r:block_device:s0 tclass=blk_file permissive=1
06-04 04:42:23.793 I/e2fsck  (  458): type=1400 audit(0.0:10): avc: denied { open } for uid=0 path="/dev/block/mmcblk0p30" dev="tmpfs" ino=16030 scontext=u:r:fsck:s0 tcontext=u:object_r:block_device:s0 tclass=blk_file permissive=1
06-04 04:42:23.917 I/SELinux (  464): SELinux: Loaded service_contexts from:
06-04 04:42:23.918 I/SELinux (  464):     /vendor/etc/selinux/vndservice_contexts
--------- beginning of system
06-04 04:42:24.040 I/vold    (  473): Vold 3.0 (the awakening) firing up
06-04 04:42:24.041 V/vold    (  473): Detected support for: exfat ext4 f2fs ntfs vfat
06-04 04:42:24.046 W/vold    (  473): Failed to LOOP_GET_STATUS64 /dev/block/loop1: No such device or address
06-04 04:42:24.046 W/vold    (  473): Failed to LOOP_GET_STATUS64 /dev/block/loop4: No such device or address
06-04 04:42:24.046 W/vold    (  473): Failed to LOOP_GET_STATUS64 /dev/block/loop5: No such device or address
06-04 04:42:24.046 W/vold    (  473): Failed to LOOP_GET_STATUS64 /dev/block/loop6: No such device or address
06-04 04:42:24.046 W/vold    (  473): Failed to LOOP_GET_STATUS64 /dev/block/loop0: No such device or address
06-04 04:42:24.046 W/vold    (  473): Failed to LOOP_GET_STATUS64 /dev/block/loop7: No such device or address
06-04 04:42:24.046 W/vold    (  473): Failed to LOOP_GET_STATUS64 /dev/block/loop2: No such device or address
06-04 04:42:24.046 W/vold    (  473): Failed to LOOP_GET_STATUS64 /dev/block/loop3: No such device or address
06-04 04:42:24.061 I/SELinux (  462): SELinux: Loaded service_contexts from:
06-04 04:42:24.062 I/SELinux (  462):     /system/etc/selinux/plat_service_contexts
06-04 04:42:24.063 D/vold    (  473): VoldNativeService::start() completed OK
06-04 04:42:24.099 I/hwservicemanager(  463): hwservicemanager is ready now.
06-04 04:42:24.116 D/vndksupport(  472): Loading /vendor/lib64/hw/android.hardware.keymaster@3.0-impl.so from current namespace instead of sphal namespace.
06-04 04:42:24.130 I/android.hardware.keymaster@3.0-impl(  472): Fetching keymaster device name default
06-04 04:42:24.131 D/vndksupport(  472): Loading /vendor/lib64/hw/keystore.msm8953.so from current namespace instead of sphal namespace.
06-04 04:42:24.169 D/vold    (  473): e4crypt_init_user0
06-04 04:42:24.169 D/vold    (  473): e4crypt_prepare_user_storage for volume null, user 0, serial 0, flags 1
06-04 04:42:24.169 D/vold    (  473): Preparing: /data/system/users/0
06-04 04:42:24.169 D/vold    (  473): Preparing: /data/misc/profiles/cur/0
06-04 04:42:24.170 D/vold    (  473): Preparing: /data/system_de/0
06-04 04:42:24.170 D/vold    (  473): Preparing: /data/misc_de/0
06-04 04:42:24.171 D/vold    (  473): Preparing: /data/vendor_de/0
06-04 04:42:24.171 D/vold    (  473): Preparing: /data/user_de/0
06-04 04:42:24.171 V/vold    (  473): /system/bin/vold_prepare_subdirs
06-04 04:42:24.171 V/vold    (  473):     prepare
06-04 04:42:24.171 V/vold    (  473):     
06-04 04:42:24.171 V/vold    (  473):     0
06-04 04:42:24.171 V/vold    (  473):     1
06-04 04:42:24.189 I/vold_prepare_subdirs(  473): SELinux: Loaded file_contexts
06-04 04:42:24.194 D/vold_prepare_subdirs(  478): Setting up mode 700 uid 0 gid 0 context u:object_r:vold_data_file:s0 on path: /data/misc_de/0/vold
06-04 04:42:24.196 D/vold_prepare_subdirs(  478): Setting up mode 700 uid 0 gid 0 context u:object_r:storaged_data_file:s0 on path: /data/misc_de/0/storaged
06-04 04:42:24.197 D/vold_prepare_subdirs(  478): Setting up mode 700 uid 1000 gid 1000 context u:object_r:fingerprint_vendor_data_file:s0 on path: /data/vendor_de/0/fpdata
06-04 04:42:24.198 D/vold    (  473): e4crypt_unlock_user_key 0 serial=0 token_present=0
06-04 04:42:24.211 I//system/bin/tzdatacheck(  480): timezone distro dir /data/misc/zoneinfo/current does not exist. No action required.
06-04 04:42:24.264 I/Magisk  (  483): Magisk v19.1(19100) daemon started
06-04 04:42:24.264 I/Magisk  (  483): * Device API level: 28
06-04 04:42:24.289 I/Magisk  (  483): ** post-fs-data mode running
06-04 04:42:24.292 I/Magisk  (  483): * Initializing Magisk environment
06-04 04:42:24.295 I/Magisk  (  483): * Mounting mirrors
06-04 04:42:24.295 I/Magisk  (  483): mount: /sbin/.magisk/mirror/system
06-04 04:42:24.295 I/Magisk  (  483): mount: /sbin/.magisk/mirror/vendor
06-04 04:42:24.296 I/Magisk  (  483): mount: /sbin/.magisk/mirror/data
06-04 04:42:24.297 I/Magisk  (  483): * Setting up internal busybox
06-04 04:42:24.311 I/Magisk  (  483): * Running post-fs-data.d scripts
06-04 04:42:24.338 I/Magisk  (  483): * Running module post-fs-data scripts
06-04 04:42:24.338 I/Magisk  (  483): * Loading modules
06-04 04:42:24.339 I/Magisk  (  483): MotoCamG5s+: constructing magic mount structure
06-04 04:42:24.343 I/Magisk  (  483): mnt_tmpfs : /system/app
06-04 04:42:24.343 I/Magisk  (  483): bind_mount: /system/app/MediaShortcuts
06-04 04:42:24.343 I/Magisk  (  483): bind_mount: /system/app/MotoCameraTuner
06-04 04:42:24.343 I/Magisk  (  483): bind_mount: /system/app/MotoPhotoEditor
06-04 04:42:24.343 I/Magisk  (  483): bind_mount: /system/app/MotoSignatureApp
06-04 04:42:24.343 I/Magisk  (  483): bind_mount: /system/app/Blue
06-04 04:42:24.343 I/Magisk  (  483): bind_mount: /system/app/CompanionDeviceManager
06-04 04:42:24.343 I/Magisk  (  483): bind_mount: /system/app/webview
06-04 04:42:24.343 I/Magisk  (  483): bind_mount: /system/app/Bluetooth
06-04 04:42:24.343 I/Magisk  (  483): bind_mount: /system/app/DeepPurple
06-04 04:42:24.343 I/Magisk  (  483): bind_mount: /system/app/CertInstaller
06-04 04:42:24.343 I/Magisk  (  483): bind_mount: /system/app/SecureElement
06-04 04:42:24.343 I/Magisk  (  483): bind_mount: /system/app/QtiTelephonyService
06-04 04:42:24.344 I/Magisk  (  483): bind_mount: /system/app/BuiltInPrintService
06-04 04:42:24.344 I/Magisk  (  483): bind_mount: /system/app/Cyan
06-04 04:42:24.344 I/Magisk  (  483): bind_mount: /system/app/Traceur
06-04 04:42:24.344 I/Magisk  (  483): bind_mount: /system/app/Teal
06-04 04:42:24.344 I/Magisk  (  483): bind_mount: /system/app/DeskClock
06-04 04:42:24.344 I/Magisk  (  483): bind_mount: /system/app/Indigo
06-04 04:42:24.344 I/Magisk  (  483): bind_mount: /system/app/Stk
06-04 04:42:24.344 I/Magisk  (  483): bind_mount: /system/app/Brown
06-04 04:42:24.344 I/Magisk  (  483): bind_mount: /system/app/LightGreen
06-04 04:42:24.344 I/Magisk  (  483): bind_mount: /system/app/BlueGrey
06-04 04:42:24.344 I/Magisk  (  483): bind_mount: /system/app/CaptivePortalLogin
06-04 04:42:24.344 I/Magisk  (  483): bind_mount: /system/app/Yellow
06-04 04:42:24.344 I/Magisk  (  483): bind_mount: /system/app/WallpaperBackup
06-04 04:42:24.344 I/Magisk  (  483): bind_mount: /system/app/Calendar
06-04 04:42:24.344 I/Magisk  (  483): bind_mount: /system/app/SimAppDialog
06-04 04:42:24.344 I/Magisk  (  483): bind_mount: /system/app/LightBlue
06-04 04:42:24.344 I/Magisk  (  483): bind_mount: /system/app/Purple
06-04 04:42:24.345 I/Magisk  (  483): bind_mount: /system/app/GoogleContactsSyncAdapter
06-04 04:42:24.345 I/Magisk  (  483): bind_mount: /system/app/Lime
06-04 04:42:24.345 I/Magisk  (  483): bind_mount: /system/app/DeepOrange
06-04 04:42:24.345 I/Magisk  (  483): bind_mount: /system/app/embms
06-04 04:42:24.345 I/Magisk  (  483): bind_mount: /system/app/WAPPushManager
06-04 04:42:24.345 I/Magisk  (  483): bind_mount: /system/app/GoogleExtShared
06-04 04:42:24.345 I/Magisk  (  483): bind_mount: /system/app/PrintRecommendationService
06-04 04:42:24.345 I/Magisk  (  483): bind_mount: /system/app/LatinIME
06-04 04:42:24.345 I/Magisk  (  483): bind_mount: /system/app/Orange
06-04 04:42:24.345 I/Magisk  (  483): bind_mount: /system/app/CarrierDefaultApp
06-04 04:42:24.345 I/Magisk  (  483): bind_mount: /system/app/KeyChain
06-04 04:42:24.345 I/Magisk  (  483): bind_mount: /system/app/Pink
06-04 04:42:24.345 I/Magisk  (  483): bind_mount: /system/app/ExactCalculator
06-04 04:42:24.346 I/Magisk  (  483): bind_mount: /system/app/FaceLock
06-04 04:42:24.346 I/Magisk  (  483): bind_mount: /system/app/MarkupGoogle
06-04 04:42:24.346 I/Magisk  (  483): bind_mount: /system/app/SoundPickerPrebuilt
06-04 04:42:24.346 I/Magisk  (  483): bind_mount: /system/app/ims
06-04 04:42:24.346 I/Magisk  (  483): bind_mount: /system/app/Amber
06-04 04:42:24.346 I/Magisk  (  483): bind_mount: /system/app/BluetoothMidiService
06-04 04:42:24.346 I/Magisk  (  483): bind_mount: /system/app/Gallery2
06-04 04:42:24.346 I/Magisk  (  483): bind_mount: /system/app/BasicDreams
06-04 04:42:24.346 I/Magisk  (  483): bind_mount: /system/app/PacProcessor
06-04 04:42:24.346 I/Magisk  (  483): bind_mount: /system/app/LiveWallpapersPicker
06-04 04:42:24.346 I/Magisk  (  483): bind_mount: /system/app/PrintSpooler
06-04 04:42:24.346 I/Magisk  (  483): bind_mount: /system/app/NfcNci
06-04 04:42:24.346 I/Magisk  (  483): bind_mount: /system/app/messaging
06-04 04:42:24.346 I/Magisk  (  483): bind_mount: /system/app/GoogleCalendarSyncAdapter
06-04 04:42:24.346 I/Magisk  (  483): bind_mount: /system/app/CtsShimPrebuilt
06-04 04:42:24.346 I/Magisk  (  483): bind_mount: /system/app/EasterEgg
06-04 04:42:24.346 I/Magisk  (  483): bind_mount: /system/app/Red
06-04 04:42:24.346 I/Magisk  (  483): bind_mount: /system/app/Grey
06-04 04:42:24.346 I/Magisk  (  483): bind_mount: /system/app/BookmarkProvider
06-04 04:42:24.346 I/Magisk  (  483): bind_mount: /system/app/GoogleTTS
06-04 04:42:24.347 I/Magisk  (  483): bind_mount: /system/app/Green
06-04 04:42:24.347 I/Magisk  (  483): mnt_tmpfs : /system/etc/permissions
06-04 04:42:24.347 I/Magisk  (  483): bind_mount: /system/etc/permissions/com.motorola.camera2.xml
06-04 04:42:24.347 I/Magisk  (  483): bind_mount: /system/etc/permissions/com.motorola.motosignature.xml
06-04 04:42:24.347 I/Magisk  (  483): bind_mount: /system/etc/permissions/com.motorola.photoeditor.xml
06-04 04:42:24.347 I/Magisk  (  483): bind_mount: /system/etc/permissions/privapp-permissions-com.motorola.camera2.xml
06-04 04:42:24.347 I/Magisk  (  483): bind_mount: /system/etc/permissions/imscm.xml
06-04 04:42:24.347 I/Magisk  (  483): bind_mount: /system/etc/permissions/android.software.webview.xml
06-04 04:42:24.347 I/Magisk  (  483): bind_mount: /system/etc/permissions/android.software.sip.voip.xml
06-04 04:42:24.347 I/Magisk  (  483): bind_mount: /system/etc/permissions/platform.xml
06-04 04:42:24.347 I/Magisk  (  483): bind_mount: /system/etc/permissions/qti_libpermissions.xml
06-04 04:42:24.347 I/Magisk  (  483): bind_mount: /system/etc/permissions/com.google.widevine.software.drm.xml
06-04 04:42:24.347 I/Magisk  (  483): bind_mount: /system/etc/permissions/qcrilhook.xml
06-04 04:42:24.347 I/Magisk  (  483): bind_mount: /system/etc/permissions/com.google.android.maps.xml
06-04 04:42:24.347 I/Magisk  (  483): bind_mount: /system/etc/permissions/qti_permissions.xml
06-04 04:42:24.348 I/Magisk  (  483): bind_mount: /system/etc/permissions/privapp-permissions-google.xml
06-04 04:42:24.348 I/Magisk  (  483): bind_mount: /system/etc/permissions/com.android.mediadrm.signer.xml
06-04 04:42:24.348 I/Magisk  (  483): bind_mount: /system/etc/permissions/ConnectivityExt.xml
06-04 04:42:24.348 I/Magisk  (  483): bind_mount: /system/etc/permissions/com.qti.location.sdk.xml
06-04 04:42:24.348 I/Magisk  (  483): bind_mount: /system/etc/permissions/ims.xml
06-04 04:42:24.348 I/Magisk  (  483): bind_mount: /system/etc/permissions/com.google.android.media.effects.xml
06-04 04:42:24.348 I/Magisk  (  483): bind_mount: /system/etc/permissions/com.quicinc.cne.xml
06-04 04:42:24.348 I/Magisk  (  483): bind_mount: /system/etc/permissions/android.software.live_wallpaper.xml
06-04 04:42:24.348 I/Magisk  (  483): bind_mount: /system/etc/permissions/com.android.ims.rcsmanager.xml
06-04 04:42:24.348 I/Magisk  (  483): bind_mount: /system/etc/permissions/cneapiclient.xml
06-04 04:42:24.348 I/Magisk  (  483): bind_mount: /system/etc/permissions/com.qti.dpmframework.xml
06-04 04:42:24.348 I/Magisk  (  483): bind_mount: /system/etc/permissions/qti-vzw-ims-internal.xml
06-04 04:42:24.348 I/Magisk  (  483): bind_mount: /system/etc/permissions/com.qti.snapdragon.sdk.display.xml
06-04 04:42:24.348 I/Magisk  (  483): bind_mount: /system/etc/permissions/com.qualcomm.location.xml
06-04 04:42:24.348 I/Magisk  (  483): bind_mount: /system/etc/permissions/izat.xt.srv.xml
06-04 04:42:24.348 I/Magisk  (  483): bind_mount: /system/etc/permissions/privapp-permissions-platform.xml
06-04 04:42:24.348 I/Magisk  (  483): bind_mount: /system/etc/permissions/com.google.android.dialer.support.xml
06-04 04:42:24.348 I/Magisk  (  483): bind_mount: /system/etc/permissions/com.android.location.provider.xml
06-04 04:42:24.349 I/Magisk  (  483): bind_mount: /system/etc/permissions/com.android.media.remotedisplay.xml
06-04 04:42:24.349 I/Magisk  (  483): bind_mount: /system/etc/permissions/embms.xml
06-04 04:42:24.349 I/Magisk  (  483): mnt_tmpfs : /system/framework
06-04 04:42:24.349 I/Magisk  (  483): bind_mount: /system/framework/com.motorola.motosignature.jar
06-04 04:42:24.349 I/Magisk  (  483): bind_mount: /system/framework/com.qti.snapdragon.sdk.display.jar
06-04 04:42:24.349 I/Magisk  (  483): bind_mount: /system/framework/qti-vzw-ims-internal.jar
06-04 04:42:24.349 I/Magisk  (  483): bind_mount: /system/framework/com.google.android.maps.jar
06-04 04:42:24.349 I/Magisk  (  483): bind_mount: /system/framework/telecom.jar
06-04 04:42:24.349 I/Magisk  (  483): bind_mount: /system/framework/com.android.location.provider.jar
06-04 04:42:24.349 I/Magisk  (  483): bind_mount: /system/framework/framework-oahl-backward-compatibility.jar
06-04 04:42:24.349 I/Magisk  (  483): bind_mount: /system/framework/framework.jar
06-04 04:42:24.350 I/Magisk  (  483): bind_mount: /system/framework/izat.xt.srv.jar
06-04 04:42:24.350 I/Magisk  (  483): bind_mount: /system/framework/com.quicinc.cne.api-V1.0-java.jar
06-04 04:42:24.350 I/Magisk  (  483): bind_mount: /system/framework/boot-okhttp.vdex
06-04 04:42:24.350 I/Magisk  (  483): bind_mount: /system/framework/cneapiclient.jar
06-04 04:42:24.350 I/Magisk  (  483): bind_mount: /system/framework/dpmapi.jar
06-04 04:42:24.350 I/Magisk  (  483): bind_mount: /system/framework/oat
06-04 04:42:24.350 I/Magisk  (  483): bind_mount: /system/framework/qcrilhook.jar
06-04 04:42:24.350 I/Magisk  (  483): bind_mount: /system/framework/org.apache.http.legacy.boot.jar
06-04 04:42:24.350 I/Magisk  (  483): bind_mount: /system/framework/telephony-ext.jar
06-04 04:42:24.350 I/Magisk  (  483): bind_mount: /system/framework/boot-framework-oahl-backward-compatibility.vdex
06-04 04:42:24.350 I/Magisk  (  483): bind_mount: /system/framework/boot-ext.vdex
06-04 04:42:24.350 I/Magisk  (  483): bind_mount: /system/framework/boot-QPerformance.vdex
06-04 04:42:24.350 I/Magisk  (  483): bind_mount: /system/framework/imscmlibrary.jar
06-04 04:42:24.350 I/Magisk  (  483): bind_mount: /system/framework/com.android.mediadrm.signer.jar
06-04 04:42:24.350 I/Magisk  (  483): bind_mount: /system/framework/com.google.android.dialer.support.jar
06-04 04:42:24.350 I/Magisk  (  483): bind_mount: /system/framework/boot-framework.vdex
06-04 04:42:24.350 I/Magisk  (  483): bind_mount: /system/framework/boot-bouncycastle.vdex
06-04 04:42:24.350 I/Magisk  (  483): bind_mount: /system/framework/uiautomator.jar
06-04 04:42:24.351 I/Magisk  (  483): bind_mount: /system/framework/boot-conscrypt.vdex
06-04 04:42:24.351 I/Magisk  (  483): bind_mount: /system/framework/media_cmd.jar
06-04 04:42:24.351 I/Magisk  (  483): bind_mount: /system/framework/hid.jar
06-04 04:42:24.351 I/Magisk  (  483): bind_mount: /system/framework/android.hidl.base-V1.0-java.jar
06-04 04:42:24.351 I/Magisk  (  483): bind_mount: /system/framework/arm
06-04 04:42:24.351 I/Magisk  (  483): bind_mount: /system/framework/com.android.future.usb.accessory.jar
06-04 04:42:24.351 I/Magisk  (  483): bind_mount: /system/framework/com.quicinc.cne.jar
06-04 04:42:24.351 I/Magisk  (  483): bind_mount: /system/framework/sm.jar
06-04 04:42:24.351 I/Magisk  (  483): bind_mount: /system/framework/android.hidl.manager-V1.0-java.jar
06-04 04:42:24.351 I/Magisk  (  483): bind_mount: /system/framework/am.jar
06-04 04:42:24.351 I/Magisk  (  483): bind_mount: /system/framework/bu.jar
06-04 04:42:24.351 I/Magisk  (  483): bind_mount: /system/framework/vr.jar
06-04 04:42:24.351 I/Magisk  (  483): bind_mount: /system/framework/apache-xml.jar
06-04 04:42:24.351 I/Magisk  (  483): bind_mount: /system/framework/svc.jar
06-04 04:42:24.351 I/Magisk  (  483): bind_mount: /system/framework/boot.vdex
06-04 04:42:24.351 I/Magisk  (  483): bind_mount: /system/framework/com.qti.dpmframework.jar
06-04 04:42:24.351 I/Magisk  (  483): bind_mount: /system/framework/com.google.widevine.software.drm.jar
06-04 04:42:24.351 I/Magisk  (  483): bind_mount: /system/framework/services.jar
06-04 04:42:24.352 I/Magisk  (  483): bind_mount: /system/framework/tcmclient.jar
06-04 04:42:24.352 I/Magisk  (  483): bind_mount: /system/framework/ethernet-service.jar
06-04 04:42:24.352 I/Magisk  (  483): bind_mount: /system/framework/voip-common.jar
06-04 04:42:24.352 I/Magisk  (  483): bind_mount: /system/framework/rcsimssettings.jar
06-04 04:42:24.352 I/Magisk  (  483): bind_mount: /system/framework/boot-telephony-ext.vdex
06-04 04:42:24.352 I/Magisk  (  483): bind_mount: /system/framework/boot-android.hidl.manager-V1.0-java.vdex
06-04 04:42:24.352 I/Magisk  (  483): bind_mount: /system/framework/com.android.ims.rcsmanager.jar
06-04 04:42:24.352 I/Magisk  (  483): bind_mount: /system/framework/com.qualcomm.qti.imscmservice@1.0-java.jar
06-04 04:42:24.352 I/Magisk  (  483): bind_mount: /system/framework/boot-android.hidl.base-V1.0-java.vdex
06-04 04:42:24.352 I/Magisk  (  483): bind_mount: /system/framework/android.test.runner.jar
06-04 04:42:24.352 I/Magisk  (  483): bind_mount: /system/framework/javax.obex.jar
06-04 04:42:24.352 I/Magisk  (  483): bind_mount: /system/framework/qti-telephony-common.jar
06-04 04:42:24.352 I/Magisk  (  483): bind_mount: /system/framework/android.test.base.jar
06-04 04:42:24.352 I/Magisk  (  483): bind_mount: /system/framework/okhttp.jar
06-04 04:42:24.352 I/Magisk  (  483): bind_mount: /system/framework/com.android.media.remotedisplay.jar
06-04 04:42:24.352 I/Magisk  (  483): bind_mount: /system/framework/embmslibrary.jar
06-04 04:42:24.352 I/Magisk  (  483): bind_mount: /system/framework/conscrypt.jar
06-04 04:42:24.353 I/Magisk  (  483): bind_mount: /system/framework/bouncycastle.jar
06-04 04:42:24.353 I/Magisk  (  483): bind_mount: /system/framework/appwidget.jar
06-04 04:42:24.353 I/Magisk  (  483): bind_mount: /system/framework/arm64
06-04 04:42:24.353 I/Magisk  (  483): bind_mount: /system/framework/boot-telephony-common.vdex
06-04 04:42:24.353 I/Magisk  (  483): bind_mount: /system/framework/framework-res.apk
06-04 04:42:24.353 I/Magisk  (  483): bind_mount: /system/framework/ims-common.jar
06-04 04:42:24.353 I/Magisk  (  483): bind_mount: /system/framework/boot-ims-common.vdex
06-04 04:42:24.353 I/Magisk  (  483): bind_mount: /system/framework/QtiTelephonyServicelibrary.jar
06-04 04:42:24.353 I/Magisk  (  483): bind_mount: /system/framework/com.android.nfc_extras.jar
06-04 04:42:24.353 I/Magisk  (  483): bind_mount: /system/framework/requestsync.jar
06-04 04:42:24.353 I/Magisk  (  483): bind_mount: /system/framework/wifi-service.jar
06-04 04:42:24.353 I/Magisk  (  483): bind_mount: /system/framework/core-oj.jar
06-04 04:42:24.353 I/Magisk  (  483): bind_mount: /system/framework/boot-android.test.base.vdex
06-04 04:42:24.353 I/Magisk  (  483): bind_mount: /system/framework/input.jar
06-04 04:42:24.353 I/Magisk  (  483): bind_mount: /system/framework/UxPerformance.jar
06-04 04:42:24.353 I/Magisk  (  483): bind_mount: /system/framework/monkey.jar
06-04 04:42:24.353 I/Magisk  (  483): bind_mount: /system/framework/com.qti.location.sdk.jar
06-04 04:42:24.353 I/Magisk  (  483): bind_mount: /system/framework/wifi-service.jar.prof
06-04 04:42:24.354 I/Magisk  (  483): bind_mount: /system/framework/content.jar
06-04 04:42:24.354 I/Magisk  (  483): bind_mount: /system/framework/boot-tcmiface.vdex
06-04 04:42:24.354 I/Magisk  (  483): bind_mount: /system/framework/ext.jar
06-04 04:42:24.354 I/Magisk  (  483): bind_mount: /system/framework/vendor.qti.hardware.sensorscalibrate-V1.0-java.jar
06-04 04:42:24.354 I/Magisk  (  483): bind_mount: /system/framework/boot-voip-common.vdex
06-04 04:42:24.354 I/Magisk  (  483): bind_mount: /system/framework/com.google.android.media.effects.jar
06-04 04:42:24.354 I/Magisk  (  483): bind_mount: /system/framework/org.apache.http.legacy.boot.jar.prof
06-04 04:42:24.354 I/Magisk  (  483): bind_mount: /system/framework/locksettings.jar
06-04 04:42:24.354 I/Magisk  (  483): bind_mount: /system/framework/vendor.qti.hardware.alarm-V1.0-java.jar
06-04 04:42:24.354 I/Magisk  (  483): bind_mount: /system/framework/boot-core-libart.vdex
06-04 04:42:24.354 I/Magisk  (  483): bind_mount: /system/framework/tcmiface.jar
06-04 04:42:24.354 I/Magisk  (  483): bind_mount: /system/framework/QPerformance.jar
06-04 04:42:24.354 I/Magisk  (  483): bind_mount: /system/framework/android.test.mock.jar
06-04 04:42:24.354 I/Magisk  (  483): bind_mount: /system/framework/core-libart.jar
06-04 04:42:24.354 I/Magisk  (  483): bind_mount: /system/framework/dpm.jar
06-04 04:42:24.354 I/Magisk  (  483): bind_mount: /system/framework/services.jar.prof
06-04 04:42:24.354 I/Magisk  (  483): bind_mount: /system/framework/bmgr.jar
06-04 04:42:24.354 I/Magisk  (  483): bind_mount: /system/framework/boot-apache-xml.vdex
06-04 04:42:24.355 I/Magisk  (  483): bind_mount: /system/framework/boot-UxPerformance.vdex
06-04 04:42:24.355 I/Magisk  (  483): bind_mount: /system/framework/telephony-common.jar
06-04 04:42:24.355 I/Magisk  (  483): mnt_tmpfs : /system/priv-app
06-04 04:42:24.355 I/Magisk  (  483): bind_mount: /system/priv-app/MotCamera2
06-04 04:42:24.355 I/Magisk  (  483): bind_mount: /system/priv-app/CNEService
06-04 04:42:24.355 I/Magisk  (  483): bind_mount: /system/priv-app/EmergencyInfo
06-04 04:42:24.355 I/Magisk  (  483): bind_mount: /system/priv-app/Contacts
06-04 04:42:24.355 I/Magisk  (  483): bind_mount: /system/priv-app/WellbeingPrebuilt
06-04 04:42:24.355 I/Magisk  (  483): bind_mount: /system/priv-app/Tag
06-04 04:42:24.355 I/Magisk  (  483): bind_mount: /system/priv-app/GooglePackageInstaller
06-04 04:42:24.355 I/Magisk  (  483): bind_mount: /system/priv-app/Dialer
06-04 04:42:24.355 I/Magisk  (  483): bind_mount: /system/priv-app/Telecom
06-04 04:42:24.356 I/Magisk  (  483): bind_mount: /system/priv-app/CalendarProvider
06-04 04:42:24.356 I/Magisk  (  483): bind_mount: /system/priv-app/CallLogBackup
06-04 04:42:24.356 I/Magisk  (  483): bind_mount: /system/priv-app/com.qualcomm.location
06-04 04:42:24.356 I/Magisk  (  483): bind_mount: /system/priv-app/CarrierConfig
06-04 04:42:24.356 I/Magisk  (  483): bind_mount: /system/priv-app/VpnDialogs
06-04 04:42:24.356 I/Magisk  (  483): bind_mount: /system/priv-app/CellBroadcastReceiver
06-04 04:42:24.356 I/Magisk  (  483): bind_mount: /system/priv-app/MotoActions
06-04 04:42:24.356 I/Magisk  (  483): bind_mount: /system/priv-app/BlockedNumberProvider
06-04 04:42:24.356 I/Magisk  (  483): bind_mount: /system/priv-app/SystemUI
06-04 04:42:24.356 I/Magisk  (  483): bind_mount: /system/priv-app/ProxyHandler
06-04 04:42:24.356 I/Magisk  (  483): bind_mount: /system/priv-app/SettingsProvider
06-04 04:42:24.356 I/Magisk  (  483): bind_mount: /system/priv-app/MusicFX
06-04 04:42:24.356 I/Magisk  (  483): bind_mount: /system/priv-app/PrebuiltGmsCorePi
06-04 04:42:24.356 I/Magisk  (  483): bind_mount: /system/priv-app/GooglePartnerSetup
06-04 04:42:24.356 I/Magisk  (  483): bind_mount: /system/priv-app/AndroidPlatformServices
06-04 04:42:24.356 I/Magisk  (  483): bind_mount: /system/priv-app/OneTimeInitializer
06-04 04:42:24.356 I/Magisk  (  483): bind_mount: /system/priv-app/DownloadProviderUi
06-04 04:42:24.356 I/Magisk  (  483): bind_mount: /system/priv-app/Phonesky
06-04 04:42:24.356 I/Magisk  (  483): bind_mount: /system/priv-app/BackupRestoreConfirmation
06-04 04:42:24.357 I/Magisk  (  483): bind_mount: /system/priv-app/ExternalStorageProvider
06-04 04:42:24.357 I/Magisk  (  483): bind_mount: /system/priv-app/FusedLocation
06-04 04:42:24.357 I/Magisk  (  483): bind_mount: /system/priv-app/StatementService
06-04 04:42:24.357 I/Magisk  (  483): bind_mount: /system/priv-app/StorageManager
06-04 04:42:24.357 I/Magisk  (  483): bind_mount: /system/priv-app/UserDictionaryProvider
06-04 04:42:24.357 I/Magisk  (  483): bind_mount: /system/priv-app/SettingsIntelligence
06-04 04:42:24.357 I/Magisk  (  483): bind_mount: /system/priv-app/SharedStorageBackup
06-04 04:42:24.357 I/Magisk  (  483): bind_mount: /system/priv-app/MmsService
06-04 04:42:24.357 I/Magisk  (  483): bind_mount: /system/priv-app/TelephonyProvider
06-04 04:42:24.357 I/Magisk  (  483): bind_mount: /system/priv-app/atfwd
06-04 04:42:24.357 I/Magisk  (  483): bind_mount: /system/priv-app/DownloadProvider
06-04 04:42:24.357 I/Magisk  (  483): bind_mount: /system/priv-app/ConfigUpdater
06-04 04:42:24.357 I/Magisk  (  483): bind_mount: /system/priv-app/TeleService
06-04 04:42:24.357 I/Magisk  (  483): bind_mount: /system/priv-app/Settings
06-04 04:42:24.357 I/Magisk  (  483): bind_mount: /system/priv-app/ManagedProvisioning
06-04 04:42:24.357 I/Magisk  (  483): bind_mount: /system/priv-app/DefaultContainerService
06-04 04:42:24.357 I/Magisk  (  483): bind_mount: /system/priv-app/MediaProvider
06-04 04:42:24.357 I/Magisk  (  483): bind_mount: /system/priv-app/CtsShimPrivPrebuilt
06-04 04:42:24.357 I/Magisk  (  483): bind_mount: /system/priv-app/qcrilmsgtunnel
06-04 04:42:24.357 I/Magisk  (  483): bind_mount: /system/priv-app/GoogleExtServices
06-04 04:42:24.358 I/Magisk  (  483): bind_mount: /system/priv-app/GoogleFeedback
06-04 04:42:24.358 I/Magisk  (  483): bind_mount: /system/priv-app/Shell
06-04 04:42:24.358 I/Magisk  (  483): bind_mount: /system/priv-app/GoogleOneTimeInitializer
06-04 04:42:24.358 I/Magisk  (  483): bind_mount: /system/priv-app/Launcher3QuickStep
06-04 04:42:24.358 I/Magisk  (  483): bind_mount: /system/priv-app/InputDevices
06-04 04:42:24.358 I/Magisk  (  483): bind_mount: /system/priv-app/WallpaperCropper
06-04 04:42:24.358 I/Magisk  (  483): bind_mount: /system/priv-app/AndroidMigratePrebuilt
06-04 04:42:24.358 I/Magisk  (  483): bind_mount: /system/priv-app/MtpDocumentsProvider
06-04 04:42:24.358 I/Magisk  (  483): bind_mount: /system/priv-app/Turbo
06-04 04:42:24.358 I/Magisk  (  483): bind_mount: /system/priv-app/ContactsProvider
06-04 04:42:24.358 I/Magisk  (  483): bind_mount: /system/priv-app/SetupWizard
06-04 04:42:24.358 I/Magisk  (  483): bind_mount: /system/priv-app/Velvet
06-04 04:42:24.358 I/Magisk  (  483): bind_mount: /system/priv-app/DocumentsUI
06-04 04:42:24.358 I/Magisk  (  483): bind_mount: /system/priv-app/GoogleServicesFramework
06-04 04:42:24.358 I/Magisk  (  483): bind_mount: /system/priv-app/GoogleBackupTransport
06-04 04:42:24.363 I/init    (    1): type=1400 audit(0.0:15): avc: denied { setattr } for uid=0 name="file" dev="sysfs" ino=33481 scontext=u:r:init:s0 tcontext=u:object_r:sysfs:s0 tclass=file permissive=1
06-04 04:42:24.366 I/init    (  428): type=1400 audit(0.0:16): avc: denied { search } for uid=0 name="tombstones" dev="mmcblk0p54" ino=197147 scontext=u:r:vendor_init:s0 tcontext=u:object_r:tombstone_data_file:s0 tclass=dir permissive=1
06-04 04:42:24.366 I/init    (  428): type=1400 audit(0.0:17): avc: denied { setattr } for uid=0 name="modem" dev="mmcblk0p54" ino=197193 scontext=u:r:vendor_init:s0 tcontext=u:object_r:tombstone_data_file:s0 tclass=dir permissive=1
06-04 04:42:24.373 I/Magisk  (  483): * Starting MagiskHide
06-04 04:42:24.373 I/Magisk  (  483): hide_utils: Hiding sensitive props
06-04 04:42:24.374 I/Magisk  (  483): hide_list init: [com.google.android.gms/com.google.android.gms.unstable]
06-04 04:42:24.373 I/init    (  428): type=1400 audit(0.0:18): avc: denied { setattr } for uid=0 name="dts" dev="mmcblk0p54" ino=197199 scontext=u:r:vendor_init:s0 tcontext=u:object_r:system_data_file:s0 tclass=dir permissive=1
06-04 04:42:24.383 I/Magisk  (  483): hide_list init: [org.microg.gms.droidguard/com.google.android.gms.unstable]
06-04 04:42:24.383 I/init    (  428): type=1400 audit(0.0:19): avc: denied { setattr } for uid=0 name="camera" dev="mmcblk0p54" ino=197213 scontext=u:r:vendor_init:s0 tcontext=u:object_r:camera_data_file:s0 tclass=dir permissive=1
06-04 04:42:24.383 I/init    (  428): type=1400 audit(0.0:20): avc: denied { setattr } for uid=0 name="media" dev="mmcblk0p54" ino=4 scontext=u:r:vendor_init:s0 tcontext=u:object_r:media_rw_data_file:s0 tclass=dir permissive=1
06-04 04:42:24.396 I/init    (  428): type=1400 audit(0.0:21): avc: denied { setattr } for uid=0 name="dpm" dev="mmcblk0p54" ino=197230 scontext=u:r:vendor_init:s0 tcontext=u:object_r:dpmd_data_file:s0 tclass=dir permissive=1
06-04 04:42:24.440 I/init    (  428): type=1400 audit(0.0:22): avc: denied { setattr } for uid=0 name="fpc" dev="mmcblk0p54" ino=197275 scontext=u:r:vendor_init:s0 tcontext=u:object_r:fingerprintd_data_file:s0 tclass=dir permissive=1
06-04 04:42:24.530 I/kworker/3:1(  447): type=1400 audit(0.0:23): avc: denied { open } for uid=0 path="/vendor/firmware_mnt/image/adsp.mdt" dev="mmcblk0p19" ino=31 scontext=u:r:kernel:s0 tcontext=u:object_r:unlabeled:s0 tclass=file permissive=1
06-04 04:42:24.536 I/Netd    (  492): Netd 1.0 starting
06-04 04:42:24.538 D/TetherController(  492): Setting IP forward enable = 0
06-04 04:42:24.561 I/Netd    (  492): Creating child chains: 18.7ms
06-04 04:42:24.561 I/Netd    (  492): Setting up OEM hooks: 0.2ms
06-04 04:42:24.565 I/Netd    (  492): Setting up FirewallController hooks: 4.0ms
06-04 04:42:24.567 I/Netd    (  492): Setting up TetherController hooks: 2.3ms
06-04 04:42:24.569 I/Netd    (  492): Setting up BandwidthController hooks: 1.9ms
06-04 04:42:24.569 I/Netd    (  492): Setting up IdletimerController hooks: 0.1ms
06-04 04:42:24.569 I/Netd    (  492): initializing traffic control: 0.0ms
06-04 04:42:24.574 I/Netd    (  492): Disabling bandwidth control: 5.1ms
06-04 04:42:24.618 I/ServiceManagement(  500): Removing namespace from process name android.hidl.allocator@1.0-service to allocator@1.0-service.
06-04 04:42:24.633 D/vndksupport(  507): Loading /vendor/lib64/hw/android.hardware.gatekeeper@1.0-impl.so from current namespace instead of sphal namespace.
06-04 04:42:24.640 I/health@2.0/(  501): health@2.0/backup: Hal starting main loop...
06-04 04:42:24.640 I/health@2.0/(  501): health@2.0/backup Hal is starting up...
06-04 04:42:24.642 W/hwservicemanager(  463): getTransport: Cannot find entry android.hardware.health@1.0::IHealth/default in either framework or device manifest.
06-04 04:42:24.643 I/irsc_util(  526): Starting irsc tool
06-04 04:42:24.645 I/health@2.0/(  501): health@2.0/backup: Hal init done
06-04 04:42:24.648 I/ServiceManagement(  511): Removing namespace from process name android.hardware.light@2.0-service.sanders to light@2.0-service.sanders.
06-04 04:42:24.649 D/vndksupport(  514): Loading /vendor/lib64/hw/android.hardware.power@1.0-impl.so from current namespace instead of sphal namespace.
06-04 04:42:24.649 I/android.hardware.light@2.0-service.sanders(  511): Light HAL service ready.
06-04 04:42:24.651 D/vndksupport(  512): Loading /vendor/lib64/hw/android.hardware.memtrack@1.0-impl.so from current namespace instead of sphal namespace.
06-04 04:42:24.654 I/android.hardware.bluetooth@1.0-service(  503): registering BT & FM services
06-04 04:42:24.655 I/ServiceManagement(  517): Removing namespace from process name android.hardware.usb@1.0-service.basic to usb@1.0-service.basic.
06-04 04:42:24.655 D/vndksupport(  516): Loading /vendor/lib64/hw/android.hardware.thermal@1.0-impl.so from current namespace instead of sphal namespace.
06-04 04:42:24.656 D/vndksupport(  503): Loading /vendor/lib64/hw/android.hardware.bluetooth@1.0-impl-qti.so from current namespace instead of sphal namespace.
06-04 04:42:24.657 I//vendor/bin/hw/android.hardware.usb@1.0-service.basic(  517): USB HAL Ready.
06-04 04:42:24.658 I/irsc_util(  526): Num of entries:297
06-04 04:42:24.658 D/vndksupport(  507): Loading /vendor/lib64/hw/gatekeeper.msm8953.so from current namespace instead of sphal namespace.
06-04 04:42:24.659 I/irsc_util(  526): Ending irsc tool
06-04 04:42:24.660 I/health@2.0/(  510): health@2.0/default: Hal starting main loop...
06-04 04:42:24.660 I/health@2.0/(  510): health@2.0/default Hal is starting up...
06-04 04:42:24.661 I/ServiceManagement(  510): Removing namespace from process name android.hardware.health@2.0-service to health@2.0-service.
06-04 04:42:24.663 I/health@2.0/(  510): health@2.0/default: Hal init done
06-04 04:42:24.664 D/vndksupport(  514): Loading /vendor/lib64/hw/power.qcom.so from current namespace instead of sphal namespace.
06-04 04:42:24.671 D/vndksupport(  508): Loading /vendor/lib64/hw/android.hardware.graphics.allocator@2.0-impl.so from current namespace instead of sphal namespace.
06-04 04:42:24.671 D/vendor.qti.esepowermanager@1.0-service(  521): loading eseservice
06-04 04:42:24.671 D/QSEECOMAPI(  521): QSEECom_get_handle sb_length = 0x400
06-04 04:42:24.671 D/QSEECOMAPI(  521): App is not loaded in QSEE
06-04 04:42:24.671 E/QSEECOMAPI(  521): Error::Cannot open the file /vendor/firmware_mnt/image/eseservice.mdt errno = 2
06-04 04:42:24.671 E/QSEECOMAPI(  521): Error::Loading image failed with ret = -1
06-04 04:42:24.671 D/vendor.qti.esepowermanager@1.0-service(  521): loading eseservice failed
06-04 04:42:24.671 D/vendor.qti.esepowermanager@1.0-service(  521): eSEPowerManager is starting
06-04 04:42:24.674 D/vndksupport(  524): Loading /vendor/lib64/hw/vendor.qti.hardware.sensorscalibrate@1.0-impl.so from current namespace instead of sphal namespace.
06-04 04:42:24.674 I/MSM-irqbalance(  530): msm-irq_balance (1.3) initialized
06-04 04:42:24.674 I/MSM-irqbalance(  530): Configuration
06-04 04:42:24.674 I/MSM-irqbalance(  530): Rate: 0.2 Hz
06-04 04:42:24.674 I/MSM-irqbalance(  530): Decay Factor: 75.0
06-04 04:42:24.674 I/MSM-irqbalance(  530): Balancing Factor: 0.1
06-04 04:42:24.674 I/MSM-irqbalance(  530): Debug Log: OFF
06-04 04:42:24.674 I/MSM-irqbalance(  530): Cfg file: /vendor/etc/msm_irqbalance.conf
06-04 04:42:24.674 I/MSM-irqbalance(  530): CPU PRIO: CPU0: 0 CPU1: 0 CPU2: 0 CPU3: 0 CPU4: 1 CPU5: 1 CPU6: 1 CPU7: 1 
06-04 04:42:24.674 I/MSM-irqbalance(  530): Ignored IRQs: 3 5 
06-04 04:42:24.675 D/vndksupport(  521): Loading /vendor/lib64/hw/vendor.qti.esepowermanager@1.0-impl.so from current namespace instead of sphal namespace.
06-04 04:42:24.676 D/vndksupport(  516): Loading /vendor/lib64/hw/thermal.msm8953.so from current namespace instead of sphal namespace.
06-04 04:42:24.677 D/gatekeeper_device(  507): HwGkOpen called
06-04 04:42:24.683 D/vndksupport(  508): Loading /vendor/lib64/hw/gralloc.msm8953.so from current namespace instead of sphal namespace.
06-04 04:42:24.683 D/QSEECOMD: (  525): qseecom listener services process entry PPID = 1
06-04 04:42:24.683 E/QSEECOMD: (  525): Listener: index = 0, hierarchy = 0
06-04 04:42:24.683 D/vndksupport(  512): Loading /vendor/lib64/hw/memtrack.msm8953.so from current namespace instead of sphal namespace.
06-04 04:42:24.684 I/lowmemorykiller(  533): Using in-kernel low memory killer interface
06-04 04:42:24.690 D/vndksupport(  515): Loading /vendor/lib64/hw/android.hardware.sensors@1.0-impl.so from current namespace instead of sphal namespace.
06-04 04:42:24.694 I/ServiceManagement(  516): Removing namespace from process name android.hardware.thermal@1.0-service to thermal@1.0-service.
06-04 04:42:24.694 D/vndksupport(  509): Loading /vendor/lib64/hw/android.hardware.graphics.composer@2.1-impl.so from current namespace instead of sphal namespace.
06-04 04:42:24.694 I/ServiceManagement(  521): Removing namespace from process name vendor.qti.esepowermanager@1.0-service to esepowermanager@1.0-service.
06-04 04:42:24.695 I/android.hardware.thermal@1.0-service(  516): Registration complete for android.hardware.thermal@1.0::IThermal/default.
06-04 04:42:24.696 I/vendor.qti.esepowermanager@1.0-service(  521): Registration complete for vendor.qti.esepowermanager@1.0::IEsePowerManager/default.
06-04 04:42:24.696 I/ServiceManagement(  512): Removing namespace from process name android.hardware.memtrack@1.0-service to memtrack@1.0-service.
06-04 04:42:24.697 I/android.hardware.memtrack@1.0-service(  512): Registration complete for android.hardware.memtrack@1.0::IMemtrack/default.
06-04 04:42:24.703 I/tftp_server(  528): Starting...
06-04 04:42:24.703 I/rmt_storage(  527): Shared memory initialised successfully.
06-04 04:42:24.703 I/rmt_storage(  527): Registering modemst1: 0x4a /boot/modem_fs1
06-04 04:42:24.703 I/rmt_storage(  527): Registering modemst2: 0x4b /boot/modem_fs2
06-04 04:42:24.703 I/rmt_storage(  527): Registering fsc: 0xff /boot/modem_fsc
06-04 04:42:24.703 I/rmt_storage(  527): Registering fsg: 0x58 /boot/modem_fsg
06-04 04:42:24.703 I/rmt_storage(  527): 4 GPT partitions found
06-04 04:42:24.703 I/rmt_storage(  527): Capset success!
06-04 04:42:24.706 D/QSEECOMD: (  525): Init dlopen(librpmb.so, RTLD_NOW) succeeds
06-04 04:42:24.706 D/QSEECOMD: (  525): Init::Init dlsym(g_FSHandle rpmb_init_service) succeeds
06-04 04:42:24.706 I/rpmb_emmc(  525): RPMB Mult (512-bytes sector) = 8192, Rel_sec_cnt = 32
06-04 04:42:24.706 E/DrmLibRpmb(  525): rpmb_init succeeded! with ret = 0
06-04 04:42:24.706 D/QSEECOMD: (  525): Init rpmb_init_service ret = 0
06-04 04:42:24.706 D/QSEECOMD: (  525): RPMB system services: init (Listener ID = 8192)
06-04 04:42:24.706 E/QSEECOMD: (  525): Listener: index = 1, hierarchy = 0
06-04 04:42:24.706 D/vndksupport(  518): Loading /vendor/lib64/hw/android.hardware.vibrator@1.0-impl.so from current namespace instead of sphal namespace.
06-04 04:42:24.713 D/QSEECOMD: (  525): Init dlopen(libssd.so, RTLD_NOW) succeeds
06-04 04:42:24.713 D/QSEECOMD: (  525): Init::Init dlsym(g_FSHandle ssd_init_service) succeeds
06-04 04:42:24.713 E/SSD     (  525): ssd_init_service succeeded!
06-04 04:42:24.713 D/QSEECOMD: (  525): Init ssd_init_service ret = 0
06-04 04:42:24.713 D/QSEECOMD: (  525): SSD system services: init (Listener ID = 12288)
06-04 04:42:24.713 E/QSEECOMD: (  525): Listener: index = 2, hierarchy = 0
06-04 04:42:24.713 E/QSEECOMD: (  525): Init dlopen(libsecureui.so, RLTD_NOW) is failed.... dlopen failed: library "libsecureui.so" not found
06-04 04:42:24.713 D/QSEECOMD: (  525): SEC_UI_INIT failed, shall not start secure ui listener
06-04 04:42:24.714 D/QSEECOMD: (  525): Parent qseecom daemon process paused!! 
06-04 04:42:24.714 D/QSEECOMD: (  539): qseecom listener service threads starting!!! 
06-04 04:42:24.714 D/QSEECOMD: (  539): Total listener services to start = 9
06-04 04:42:24.714 E/QSEECOMD: (  539): Listener: index = 0, hierarchy = 1
06-04 04:42:24.714 D/QSEECOMD: (  539): Init dlopen(librpmb.so, RTLD_NOW) succeeds
06-04 04:42:24.714 D/QSEECOMD: (  539): Init::Init dlsym(g_FSHandle rpmb_start) succeeds
06-04 04:42:24.714 D/QSEECOMAPI(  539): QSEECom_register_listener 8192 sb_length = 0x6400
06-04 04:42:24.715 D/QSEECOMD: (  539): Init rpmb_start ret = 0
06-04 04:42:24.715 D/QSEECOMD: (  539): RPMB system services: Started (Listener ID = 8192)
06-04 04:42:24.715 E/QSEECOMD: (  539): Listener: index = 1, hierarchy = 1
06-04 04:42:24.715 D/QSEECOMD: (  539): Init dlopen(libssd.so, RTLD_NOW) succeeds
06-04 04:42:24.715 D/QSEECOMD: (  539): Init::Init dlsym(g_FSHandle ssd_start) succeeds
06-04 04:42:24.715 D/QSEECOMAPI(  539): QSEECom_register_listener 12288 sb_length = 0x5000
06-04 04:42:24.716 D/QSEECOMD: (  539): Init ssd_start ret = 0
06-04 04:42:24.716 D/QSEECOMD: (  539): SSD system services: Started (Listener ID = 12288)
06-04 04:42:24.716 E/QSEECOMD: (  539): Listener: index = 2, hierarchy = 1
06-04 04:42:24.716 E/QSEECOMD: (  539): Init dlopen(libsecureui.so, RLTD_NOW) is failed.... dlopen failed: library "libsecureui.so" not found
06-04 04:42:24.716 E/QSEECOMD: (  539): Listener: index = 3, hierarchy = 1
06-04 04:42:24.720 D/vndksupport(  518): Loading /vendor/lib64/hw/vibrator.default.so from current namespace instead of sphal namespace.
06-04 04:42:24.727 I/ServiceManagement(  508): Removing namespace from process name android.hardware.graphics.allocator@2.0-service to allocator@2.0-service.
06-04 04:42:24.729 I/android.hardware.graphics.allocator@2.0-service(  508): Registration complete for android.hardware.graphics.allocator@2.0::IAllocator/default.
06-04 04:42:24.730 D/        (  518): Vibrator using timed_output
06-04 04:42:24.731 I/ServiceManagement(  518): Removing namespace from process name android.hardware.vibrator@1.0-service to vibrator@1.0-service.
06-04 04:42:24.733 I/android.hardware.vibrator@1.0-service(  518): Registration complete for android.hardware.vibrator@1.0::IVibrator/default.
06-04 04:42:24.734 D/QSEECOMD: (  539): Init dlopen(libdrmtime.so, RTLD_NOW) succeeds
06-04 04:42:24.734 D/QSEECOMD: (  539): Init::Init dlsym(g_FSHandle atime_start) succeeds
06-04 04:42:24.734 D/DrmLibTime(  539): QSEE Time Listener: atime_start
06-04 04:42:24.734 D/QSEECOMAPI(  539): QSEECom_register_listener 11 sb_length = 0x5000
06-04 04:42:24.734 D/android.hardware.drm@1.0-service(  506): android.hardware.drm@1.0-service starting...
06-04 04:42:24.734 D/android.hardware.cas@1.0-service(  504): android.hardware.cas@1.0-service starting...
06-04 04:42:24.735 I/ServiceManagement(  504): Removing namespace from process name android.hardware.cas@1.0-service to cas@1.0-service.
06-04 04:42:24.735 D/DrmLibTime(  539): registering fs service to QSEECom is done!
06-04 04:42:24.735 D/DrmLibTime(  539): begin to create a thread!
06-04 04:42:24.735 D/DrmLibTime(  539): Creating a pthread in atime_start is done! return 0
06-04 04:42:24.735 D/QSEECOMD: (  539): Init atime_start ret = 0
06-04 04:42:24.735 D/QSEECOMD: (  539): time services: Started (Listener ID = 11)
06-04 04:42:24.735 E/QSEECOMD: (  539): Listener: index = 4, hierarchy = 1
06-04 04:42:24.735 D/DrmLibTime(  539): QSEE Time Listener: dispatch
06-04 04:42:24.735 D/DrmLibTime(  539): before calling ioctl to read the next time_cmd
06-04 04:42:24.735 D/QSEECOMD: (  539): Init dlopen(libdrmfs.so, RTLD_NOW) succeeds
06-04 04:42:24.735 D/QSEECOMD: (  539): Init::Init dlsym(g_FSHandle fs_start) succeeds
06-04 04:42:24.735 D/QSEECOMAPI(  539): QSEECom_register_listener 10 sb_length = 0x5000
06-04 04:42:24.736 D/QSEECOMD: (  539): Init fs_start ret = 0
06-04 04:42:24.736 D/QSEECOMD: (  539): file system services: Started (Listener ID = 10)
06-04 04:42:24.736 E/QSEECOMD: (  539): Listener: index = 5, hierarchy = 1
06-04 04:42:24.736 D/QSEECOMD: (  539): Init dlopen(libdrmfs.so, RTLD_NOW) succeeds
06-04 04:42:24.736 D/QSEECOMD: (  539): Init::Init dlsym(g_FSHandle gpfs_start) succeeds
06-04 04:42:24.736 D/QSEECOMAPI(  539): QSEECom_register_listener 28672 sb_length = 0x7e000
06-04 04:42:24.738 D/QSEECOMD: (  539): Init gpfs_start ret = 0
06-04 04:42:24.738 D/QSEECOMD: (  539): gpfile system services: Started (Listener ID = 28672)
06-04 04:42:24.738 E/QSEECOMD: (  539): Listener: index = 6, hierarchy = 1
06-04 04:42:24.743 D/vndksupport(  509): Loading /vendor/lib64/hw/hwcomposer.msm8953.so from current namespace instead of sphal namespace.
06-04 04:42:24.748 D/vndksupport(  506): Loading /vendor/lib/hw/android.hardware.drm@1.0-impl.so from current namespace instead of sphal namespace.
06-04 04:42:24.749 D/QSEECOMD: (  539): Init dlopen(libqisl.so, RTLD_NOW) succeeds
06-04 04:42:24.749 D/QSEECOMD: (  539): Init::Init dlsym(g_FSHandle qisl_start) succeeds
06-04 04:42:24.750 I/QISL    (  539): QSEE Interrupt Service Listener Thread is started
06-04 04:42:24.750 D/QSEECOMAPI(  539): QSEECom_register_listener 36864 sb_length = 0x1f4
06-04 04:42:24.756 I/ServiceManagement(  524): Removing namespace from process name vendor.qti.hardware.sensorscalibrate@1.0-service to sensorscalibrate@1.0-service.
06-04 04:42:24.756 I/ServiceManagement(  503): Removing namespace from process name android.hardware.bluetooth@1.0-service-qti to bluetooth@1.0-service-qti.
06-04 04:42:24.757 I/PerMgrSrv(  529): Adding entry for modem : offTimeout : 500 ackTimeout : 200
06-04 04:42:24.757 W/hwservicemanager(  463): getTransport: Cannot find entry android.hardware.thermal@1.1::IThermal/default in either framework or device manifest.
06-04 04:42:24.757 W/thermalserviced(  535): Unable to get Thermal HAL V1.1, vendor thermal event notification not available
06-04 04:42:24.758 I/vendor.qti.hardware.sensorscalibrate@1.0-service(  524): Registration complete for vendor.qti.hardware.sensorscalibrate@1.0::ISensorsCalibrate/default.
06-04 04:42:24.759 I/        (  503): Registration complete for android.hardware.bluetooth@1.0::IBluetoothHci/default.
06-04 04:42:24.759 W/hwservicemanager(  463): getTransport: Cannot find entry vendor.qti.hardware.fm@1.0::IFmHci/default in either framework or device manifest.
06-04 04:42:24.759 D/vndksupport(  503): Loading /vendor/lib64/hw/vendor.qti.hardware.fm@1.0-impl.so from current namespace instead of sphal namespace.
06-04 04:42:24.764 I/PerMgrSrv(  529): Peripheral Mananager service start
06-04 04:42:24.764 I/PerMgrSrv(  529): power-off timeout 500,ms; event-ack timeout 200,ms; debug-mode false
06-04 04:42:24.764 I/PerMgrSrv(  529): Statistics for : modem
06-04 04:42:24.764 I/PerMgrSrv(  529): modem: Current State : is off-line
06-04 04:42:24.764 I/PerMgrSrv(  529): modem: Voter/Listener count : 0/0
06-04 04:42:24.764 I/PerMgrSrv(  529): modem: Power on count : 0
06-04 04:42:24.764 I/PerMgrSrv(  529): modem: Power off count: 0
06-04 04:42:24.764 I/PerMgrSrv(  529): modem: Client list:
06-04 04:42:24.765 I/ServiceManagement(  520): Removing namespace from process name vendor.display.color@1.0-service to color@1.0-service.
06-04 04:42:24.766 I/PerMgrSrv(  529): QMI service start
06-04 04:42:24.772 E/libsensor1(  515): check_sensors_enabled: Sensors enabled = true
06-04 04:42:24.778 I/ServiceManagement(  523): Removing namespace from process name vendor.qti.hardware.perf@1.0-service to perf@1.0-service.
06-04 04:42:24.780 E/vendor.qti.hardware.perf@1.0-service(  523): Registered IPerf HAL service success!
06-04 04:42:24.781 I/tftp_server(  528): pid=528 tid=528 tftp-server : INF :[tftp_os_la.c, 121] mkdir failed: [17] [/data/vendor/tombstones/rfs/modem] [File exists]
06-04 04:42:24.781 I/tftp_server(  528): pid=528 tid=528 tftp-server : INF :[tftp_os_la.c, 141] chown failed: [1] [/data/vendor/tombstones/rfs/modem] [Operation not permitted]
06-04 04:42:24.781 I/tftp_server(  528): pid=528 tid=528 tftp-server : INF :[tftp_os_la.c, 141] chown failed: [1] [/data/vendor/tombstones/rfs/modem] [Operation not permitted]
06-04 04:42:24.781 I/tftp_server(  528): pid=528 tid=528 tftp-server : INF :[tftp_os_la.c, 121] mkdir failed: [17] [/data/vendor/tombstones/rfs/modem/] [File exists]
06-04 04:42:24.781 I/tftp_server(  528): pid=528 tid=528 tftp-server : INF :[tftp_os_la.c, 141] chown failed: [1] [/data/vendor/tombstones/rfs/modem/] [Operation not permitted]
06-04 04:42:24.782 D/nxpnfc@1.0-service(  513): NFC HAL Service 1.1 is starting.
06-04 04:42:24.782 I/ServiceManagement(  513): Removing namespace from process name android.hardware.nfc@1.1-service to nfc@1.1-service.
06-04 04:42:24.783 I/QTI PowerHAL(  514): Initing
06-04 04:42:24.784 I/Netd    (  492): Initializing RouteController: 209.1ms
06-04 04:42:24.784 D/XfrmController(  492): Sending Netlink XFRM Message: XFRM_MSG_FLUSHSA
06-04 04:42:24.784 D/XfrmController(  492): Sending Netlink XFRM Message: XFRM_MSG_FLUSHPOLICY
06-04 04:42:24.784 I/        (  503): Registration complete for vendor.qti.hardware.fm@1.0::IFmHci/default.
06-04 04:42:24.784 I/ServiceManagement(  514): Removing namespace from process name android.hardware.power@1.0-service to power@1.0-service.
06-04 04:42:24.785 E/SELinux (  463): avc:  denied  { add } for interface=vendor.nxp.nxpnfc::INxpNfc pid=513 scontext=u:r:hal_nfc_default:s0 tcontext=u:object_r:default_android_hwservice:s0 tclass=hwservice_manager permissive=1
